pybullet build time: Sep 14 2025 19:12:22
libGL: Can't open configuration file /etc/drirc: No such file or directory.
libGL: Can't open configuration file /home/gwen/.drirc: No such file or directory.
libGL: using driver amdgpu for 4
libGL: Can't open configuration file /etc/drirc: No such file or directory.
libGL: Can't open configuration file /home/gwen/.drirc: No such file or directory.
libGL: pci id for fd 4: 1002:1900, driver radeonsi
libGL: MESA-LOADER: dlopen(/usr/lib/x86_64-linux-gnu/dri/radeonsi_dri.so)
libGL: Can't open configuration file /etc/drirc: No such file or directory.
libGL: Can't open configuration file /home/gwen/.drirc: No such file or directory.
libGL: Can't open configuration file /etc/drirc: No such file or directory.
libGL: Can't open configuration file /home/gwen/.drirc: No such file or directory.
libGL: Can't open configuration file /etc/drirc: No such file or directory.
libGL: Can't open configuration file /home/gwen/.drirc: No such file or directory.
/usr/share/libdrm/amdgpu.ids version: 1.0.0
libGL: Using DRI3 for screen 0
Random seed: 1938736256
Using MULTI-CANDIDATE grasp system
======================================================================
COMPLETE VIAL SINGULATION SYSTEM - Simple Algorithm
======================================================================
MODE: RANDOM SCENE (30 random vials)

 BOX: 50cm x 50cm x 12cm
   Bottom: 2.0cm thick

VIALS:
   SMALL: 4x, r=8mm, h=35mm, m=18g
   MEDIUM: 4x, r=10mm, h=45mm, m=25g
   LARGE: 4x, r=12mm, h=55mm, m=35g

TRAYS: 3 trays with matching hole sizes
   SMALL: 6.5cm slots, wall height=3.5cm
   MEDIUM: 7.0cm slots, wall height=3.5cm
   LARGE: 4.5cm slots, wall height=5.5cm

[1/5] Creating environment...
[2/5] Creating table...
[3/5] Creating box...
[4/5] Creating trays...
[5/5] Creating 30 vials (Full Box Mixed - Random)...
  Using real tube model from: /home/gwen/mengine/demo/assets/tube.urdf
   First random number: 0.306232 (should be different each run)
   Created 30 vials
   Using REAL tube model for large vials
[6/7] Creating robot...
⚡ Enabling REAL-TIME simulation mode...
   Time step: 4.17ms (240 Hz)
[7/7] Settling physics...
   Waiting 3 seconds for physics to settle...

 Scene ready!

[Verifying tray reachability...]
   SMALL tray:
     Slot (0,0): 45.6cm - REACHABLE but tight (margin: 0.073 rad)
     Slot (0,1): 39.2cm - OK
     Slot (1,0): 42.1cm - OK
     Slot (1,1): 35.1cm - OK
   MEDIUM tray:
     Slot (0,0): 39.3cm - OK
     Slot (0,1): 31.2cm - OK
     Slot (1,0): 39.3cm - OK
     Slot (1,1): 31.2cm - OK
   LARGE tray:
     Slot (0,0): 42.0cm - OK
     Slot (0,1): 35.2cm - OK
     Slot (1,0): 45.4cm - OK
     Slot (1,1): 39.3cm - OK

   Distance range: 31.2cm (closest) to 45.6cm (farthest)
   Optimal range for Panda: 25-45cm
   All tray slots verified reachable!
   Resetting robot to home position...

======================================================================
STARTING INTELLIGENT SINGULATION
======================================================================

 Strategy:
   1. Detect vial size and position (CV simulation)
   2. Open gripper to appropriate width
   3. Approach and grasp gently
   4. Create constraint for secure transport
   5. Place in matching tray


Computing initial isolation scores...
     Top 5 most isolated vials:
       #1: Vial 7 (SMALL) - Score: 100.0
       #2: Vial 22 (LARGE) - Score: 90.0
       #3: Vial 1 (SMALL) - Score: 83.3
       #4: Vial 14 (MEDIUM) - Score: 79.0
       #5: Vial 21 (LARGE) - Score: 79.0
Visualizing isolation scores above each vial...
  Analyzing optimal grasp configuration...
    Tilt: 40.0 degrees
    Grasp type: Top-down (simple)
    Grasp height: 50% up vial
    Approach clearance: 100/100 (min 10.0cm)

============================================================
VIAL 7/30 - SMALL (8mm, 18g) [Isolation Score: 100.0]
============================================================
 Position: [0.398, -0.046, 0.798]
 Axis: [0.23, 0.60, 0.77]
 Isolation: 10.0cm to nearest vial
  Generating 8x3x2 grasp candidates...
   Grasp Candidate Scoring (48 valid):
     #1: Score=0.893 [FC=0.30, Iso=0.93, Geo=1.04, θ=0°]
     #2: Score=0.887 [FC=0.30, Iso=0.93, Geo=1.00, θ=0°]
     #3: Score=0.881 [FC=0.30, Iso=0.90, Geo=1.01, θ=0°]
     #4: Score=0.879 [FC=0.30, Iso=0.90, Geo=1.00, θ=0°]
     #5: Score=0.873 [FC=0.30, Iso=0.87, Geo=1.04, θ=0°]
  Best grasp position: [0.398, -0.046, 0.798]
Grasp: Multi-candidate (score=0.89)
  Grasp orientation: approach=[-0.00, 0.00, -1.00], fingers=[-1.00, 0.05, 0.00]
Target: SMALL tray (0,0) at [-0.388, -0.239, 0.819]
  Approaching...
 Opening gripper to 24.0mm...
  Descending to grasp...
 Closing to grip (target: 7.2mm, force=100N)...
 Initial grip moved vial: 4.5mm
  Creating constraint...
     Grasp check: dist to end effector=1.5mm
     End effector: [0.394, -0.045, 0.798]
     Vial pos: [0.394, -0.046, 0.799]
     Creating constraint (position locked, orientation FREE for re-orienting)...
     Vial attached via constraint!
  Lifting and re-orienting to vertical...
     Initial vial tilt: 16.8°
     Lifted 5.4cm, tilt now 22.9° (target: 0°)
     Lifted 24.7cm, tilt now 25.0° (target: 0°)
  Forcing vial to vertical (current tilt: 25.0°)...
     Vial orientation locked to vertical, tilt now: 84.9°
  Moving to SMALL tray...
     Trying multiple base rotations to find best arm configuration...
     Target tray direction: -148° from robot
       Attempt 1: base=-89°, margin=0.786 rad [GOOD]
     Using configuration #1: base at -89°, margin=0.786 rad
     End effector to above_target: 3.2mm
     Vial XY distance to target: 4.0mm
     Vial height: 1.122m (should be >0.9m)
  Self-calibrating vial position...
     Measured offset: [-0.8, -0.4]mm
  Descending to slot...
     Original target: [-0.388, -0.239, 0.819]
     Adjusted target: [-0.388, -0.238, 0.819]
     Compensation: [0.8, 0.4]mm
     🔧 Correcting vial orientation (tilt: 37.5°)
     End effector to target: 5.1mm
  Releasing...
  Opening gripper...
     Vial settled vertically (tilt: 6.7°)
  Retreating...
  SUCCESS! SMALL vial placed!

  Recomputing isolation scores (vial removed from scene)...
     After successful placement:
       #1: Vial 1 (SMALL) - Score: 95.2
       #2: Vial 24 (LARGE) - Score: 94.0
       #3: Vial 2 (SMALL) - Score: 86.0
  Analyzing optimal grasp configuration...
    Tilt: 8.0 degrees
    Grasp type: Top-down (simple)
    Grasp height: 75% up vial
    Approach clearance: 80/100 (min 7.2cm)

============================================================
VIAL 1/30 - SMALL (8mm, 18g) [Isolation Score: 95.2]
============================================================
 Position: [0.348, -0.133, 0.798]
 Axis: [0.13, -0.05, 0.99]
 Isolation: 7.4cm to nearest vial
  Generating 8x3x2 grasp candidates...
   Grasp Candidate Scoring (45 valid):
     #1: Score=0.881 [FC=0.30, Iso=0.89, Geo=1.05, θ=0°]
     #2: Score=0.880 [FC=0.30, Iso=0.89, Geo=1.05, θ=0°]
     #3: Score=0.858 [FC=0.30, Iso=0.89, Geo=0.90, θ=25°]
     #4: Score=0.858 [FC=0.30, Iso=0.89, Geo=0.90, θ=25°]
     #5: Score=0.848 [FC=0.30, Iso=0.78, Geo=1.04, θ=0°]
  Best grasp position: [0.348, -0.133, 0.798]
Grasp: Multi-candidate (score=0.88)
  Grasp orientation: approach=[-0.00, -0.00, -1.00], fingers=[-0.71, -0.71, 0.00]
Target: SMALL tray (0,1) at [-0.311, -0.239, 0.819]
  Approaching...
 Opening gripper to 24.0mm...
  Descending to grasp...
 Closing to grip (target: 7.2mm, force=100N)...
 Initial grip moved vial: 3.2mm
  Creating constraint...
     Grasp check: dist to end effector=4.1mm
     End effector: [0.349, -0.135, 0.803]
     Vial pos: [0.349, -0.135, 0.799]
     Creating constraint (position locked, orientation FREE for re-orienting)...
     Vial attached via constraint!
  Lifting and re-orienting to vertical...
     Initial vial tilt: 27.6°
     Lifted 4.9cm, tilt now 18.5° (target: 0°)
     Lifted 24.6cm, tilt now 35.6° (target: 0°)
  Forcing vial to vertical (current tilt: 35.6°)...
     Vial orientation locked to vertical, tilt now: 57.1°
  Moving to SMALL tray...
     Trying multiple base rotations to find best arm configuration...
     Target tray direction: -143° from robot
       Attempt 1: base=-66°, margin=0.632 rad [GOOD]
     Using configuration #1: base at -66°, margin=0.632 rad
     End effector to above_target: 1.7mm
     Vial XY distance to target: 1.9mm
     Vial height: 1.115m (should be >0.9m)
  Self-calibrating vial position...
     Measured offset: [0.1, -0.3]mm
  Descending to slot...
     Original target: [-0.311, -0.239, 0.819]
     Adjusted target: [-0.312, -0.238, 0.819]
     Compensation: [-0.1, 0.3]mm
     End effector to target: 6.9mm
  Releasing...
  Opening gripper...
     Vial settled vertically (tilt: 7.1°)
  Retreating...
  SUCCESS! SMALL vial placed!

  Recomputing isolation scores (vial removed from scene)...
     After successful placement:
       #1: Vial 24 (LARGE) - Score: 94.0
       #2: Vial 2 (SMALL) - Score: 86.0
       #3: Vial 14 (MEDIUM) - Score: 84.0
  Analyzing optimal grasp configuration...
    Tilt: 96.5 degrees
    Grasp type: Top-down (simple)
    Grasp height: 50% up vial
    Approach clearance: 80/100 (min 6.2cm)

============================================================
VIAL 24/30 - LARGE (12mm, 35g) [Isolation Score: 94.0]
============================================================
 Position: [0.404, 0.093, 0.801]
 Axis: [-0.49, 0.87, -0.11]
 Isolation: 6.2cm to nearest vial
  Generating 8x3x2 grasp candidates...
   Grasp Candidate Scoring (48 valid):
     #1: Score=0.774 [FC=0.30, Iso=0.84, Geo=0.44, θ=0°]
     #2: Score=0.772 [FC=0.30, Iso=0.84, Geo=0.42, θ=0°]
     #3: Score=0.752 [FC=0.30, Iso=0.84, Geo=0.29, θ=25°]
     #4: Score=0.749 [FC=0.30, Iso=0.84, Geo=0.27, θ=25°]
     #5: Score=0.744 [FC=0.30, Iso=0.75, Geo=0.41, θ=0°]
  Best grasp position: [0.404, 0.093, 0.811]
Grasp: Multi-candidate (score=0.77)
  Grasp orientation: approach=[-0.00, 0.00, -1.00], fingers=[-0.44, 0.90, 0.00]
Target: LARGE tray (0,0) at [-0.387, 0.163, 0.849]
  Approaching...
 Opening gripper WIDE for horizontal vial: 48.0mm...
  Descending to grasp...
 Closing for horizontal vial (tilt=84°, target=24.0mm, force=150N)...
 Initial grip moved vial: 4.1mm
  Creating constraint...
     Grasp check: dist to end effector=465.6mm
     End effector: [0.342, 0.079, 1.258]
     Vial pos: [0.405, 0.093, 0.797]
     Vial too far (466mm > 100mm) - NO constraint
     Constraint failed, using friction only
  Lifting and re-orienting to vertical...
     Initial vial tilt: 87.6°
     Lifted -0.0cm, tilt now 88.0° (target: 0°)
     Vial not lifting! (only -0.1cm at step 1)
     Lift failed:
       #1: Vial 2 (SMALL) - Score: 86.0
       #2: Vial 14 (MEDIUM) - Score: 84.0
       #3: Vial 24 (LARGE) - Score: 84.0 (skipped x1)
  Analyzing optimal grasp configuration...
    Tilt: 53.7 degrees
    Grasp type: Top-down (simple)
    Grasp height: 50% up vial
    Approach clearance: 50/100 (min 4.8cm)

============================================================
VIAL 2/30 - SMALL (8mm, 18g) [Isolation Score: 86.0]
============================================================
 Position: [0.329, 0.050, 0.796]
 Axis: [-0.25, 0.77, 0.59]
 Isolation: 4.8cm to nearest vial
  Generating 8x3x2 grasp candidates...
   Grasp Candidate Scoring (48 valid):
     #1: Score=0.839 [FC=0.30, Iso=0.76, Geo=1.02, θ=0°]
     #2: Score=0.836 [FC=0.30, Iso=0.76, Geo=1.00, θ=0°]
     #3: Score=0.817 [FC=0.30, Iso=0.76, Geo=0.87, θ=25°]
     #4: Score=0.816 [FC=0.30, Iso=0.67, Geo=1.05, θ=0°]
     #5: Score=0.815 [FC=0.30, Iso=0.76, Geo=0.86, θ=25°]
  Best grasp position: [0.329, 0.050, 0.796]
Grasp: Multi-candidate (score=0.84)
  Grasp orientation: approach=[0.00, -0.00, -1.00], fingers=[0.12, -0.99, 0.00]
Target: SMALL tray (1,0) at [-0.388, -0.162, 0.819]
  Approaching...
 Opening gripper to 24.0mm...
  Descending to grasp...
 Closing to grip (target: 7.2mm, force=100N)...
 Initial grip moved vial: 0.1mm
     Vial not gripped (moved=0.1mm, gripper=14.4mm vs expected=14.4mm)
     Resetting robot to home position...
       Grasp attempt 1/3 failed. Gripper didn't grip vial
       Retrying vial 2...
  Analyzing optimal grasp configuration...
    Tilt: 53.8 degrees
    Grasp type: Top-down (simple)
    Grasp height: 50% up vial
    Approach clearance: 50/100 (min 4.8cm)

============================================================
VIAL 2/30 - SMALL (8mm, 18g) [Isolation Score: 86.0]
============================================================
 Position: [0.329, 0.050, 0.796]
 Axis: [-0.25, 0.77, 0.59]
 Isolation: 4.8cm to nearest vial
  Generating 8x3x2 grasp candidates...
   Grasp Candidate Scoring (48 valid):
     #1: Score=0.840 [FC=0.30, Iso=0.76, Geo=1.03, θ=0°]
     #2: Score=0.839 [FC=0.30, Iso=0.76, Geo=1.02, θ=0°]
     #3: Score=0.817 [FC=0.30, Iso=0.76, Geo=0.88, θ=25°]
     #4: Score=0.817 [FC=0.30, Iso=0.76, Geo=0.87, θ=25°]
     #5: Score=0.813 [FC=0.30, Iso=0.67, Geo=1.03, θ=0°]
  Best grasp position: [0.329, 0.050, 0.796]
Grasp: Multi-candidate (score=0.84)
  Grasp orientation: approach=[-0.00, 0.00, -1.00], fingers=[-0.12, 0.99, 0.00]
Target: SMALL tray (1,0) at [-0.388, -0.162, 0.819]
  Approaching...
 Opening gripper to 24.0mm...
  Descending to grasp...
 Closing to grip (target: 7.2mm, force=100N)...
 Initial grip moved vial: 19.3mm
  Creating constraint...
     Grasp check: dist to end effector=22.4mm
     End effector: [0.329, 0.049, 0.799]
     Vial pos: [0.322, 0.059, 0.781]
     Creating constraint (position locked, orientation FREE for re-orienting)...
     Vial attached via constraint!
  Lifting and re-orienting to vertical...
     Initial vial tilt: 40.5°
     Lifted 2.9cm, tilt now 40.6° (target: 0°)
     Lifted 23.4cm, tilt now 9.6° (target: 0°)
  Moving to SMALL tray...
     Trying multiple base rotations to find best arm configuration...
     Target tray direction: -157° from robot
       Attempt 1: base=-66°, margin=0.420 rad [GOOD]
     Using configuration #1: base at -66°, margin=0.420 rad
     End effector to above_target: 4.6mm
     Vial XY distance to target: 18.6mm
     Vial height: 1.139m (should be >0.9m)
  Self-calibrating vial position...
     Measured offset: [-14.6, -8.1]mm
  Descending to slot...
     Original target: [-0.388, -0.162, 0.819]
     Adjusted target: [-0.374, -0.153, 0.819]
     Compensation: [14.6, 8.1]mm
     End effector to target: 3.5mm
  Releasing...
  Opening gripper...
     Vial settled vertically (tilt: 9.2°)
  Retreating...
  SUCCESS! SMALL vial placed!

  Recomputing isolation scores (vial removed from scene)...
     After successful placement:
       #1: Vial 24 (LARGE) - Score: 87.0 (skipped x1)
       #2: Vial 14 (MEDIUM) - Score: 84.0
       #3: Vial 21 (LARGE) - Score: 82.0
  Analyzing optimal grasp configuration...
    Tilt: 90.0 degrees
    Grasp type: Top-down (simple)
    Grasp height: 50% up vial
    Approach clearance: 50/100 (min 5.9cm)

============================================================
VIAL 24/30 - LARGE (12mm, 35g) [Isolation Score: 87.0]
============================================================
 Position: [0.406, 0.092, 0.793]
 Axis: [-0.50, 0.87, 0.00]
 Isolation: 5.9cm to nearest vial
  Generating 8x3x2 grasp candidates...
   Grasp Candidate Scoring (48 valid):
     #1: Score=0.768 [FC=0.30, Iso=0.83, Geo=0.43, θ=0°]
     #2: Score=0.764 [FC=0.30, Iso=0.83, Geo=0.40, θ=0°]
     #3: Score=0.750 [FC=0.30, Iso=0.83, Geo=0.30, θ=25°]
     #4: Score=0.747 [FC=0.30, Iso=0.83, Geo=0.29, θ=25°]
     #5: Score=0.741 [FC=0.30, Iso=0.73, Geo=0.45, θ=0°]
  Best grasp position: [0.406, 0.092, 0.803]
Grasp: Multi-candidate (score=0.77)
  Grasp orientation: approach=[0.00, -0.00, -1.00], fingers=[0.44, -0.90, 0.00]
Target: LARGE tray (0,0) at [-0.387, 0.163, 0.849]
  Approaching...
 Opening gripper WIDE for horizontal vial: 48.0mm...
  Descending to grasp...
 Closing for horizontal vial (tilt=90°, target=24.0mm, force=150N)...
 Initial grip moved vial: 17.4mm
  Creating constraint...
     Grasp check: dist to end effector=26.0mm
     End effector: [0.409, 0.095, 0.805]
     Vial pos: [0.416, 0.082, 0.783]
     Creating constraint (position locked, orientation FREE for re-orienting)...
     Vial attached via constraint!
  Lifting and re-orienting to vertical...
     Initial vial tilt: 44.0°
     Lifted 3.4cm, tilt now 74.1° (target: 0°)
     Lifted 23.3cm, tilt now 79.1° (target: 0°)
  Forcing vial to vertical (current tilt: 79.1°)...
     Vial orientation locked to vertical, tilt now: 33.0°
  Moving to LARGE tray...
     Trying multiple base rotations to find best arm configuration...
     Target tray direction: 157° from robot
       Attempt 1: base=28°, margin=0.126 rad [GOOD]
       Attempt 2: base=60°, margin=0.286 rad [GOOD]
     Using configuration #2: base at 60°, margin=0.286 rad
     End effector to above_target: 432.3mm
     ERROR: Cannot reach above_target!
     Target: [-0.387, 0.163, 1.149]
     EE pos: [0.012, 0.328, 1.048]
     Cannot reach tray:
       #1: Vial 14 (MEDIUM) - Score: 84.0
       #2: Vial 21 (LARGE) - Score: 82.0
       #3: Vial 12 (MEDIUM) - Score: 72.0
  Analyzing optimal grasp configuration...
    Tilt: 5.5 degrees
    Grasp type: Top-down (simple)
    Grasp height: 75% up vial
    Approach clearance: 20/100 (min 2.6cm)

============================================================
VIAL 14/30 - MEDIUM (10mm, 25g) [Isolation Score: 84.0]
============================================================
 Position: [0.533, 0.052, 0.803]
 Axis: [0.10, 0.01, 1.00]
 Isolation: 2.5cm to nearest vial
  Vial too close to neighbors (1 within 4cm)
  Attempting singulation push...
     Push trajectory: 13.0cm
     Start: [0.522, 0.075]
     End:   [0.580, -0.041]
     ⚠️  Push start failed - gripper outside box
        Planned: [0.522, 0.075]
        Actual:  [0.477, 0.288]
        Box bounds: X=[0.280, 0.620], Y=[-0.170, 0.170]
 Push failed, skipping...
     After push failed:
       #1: Vial 21 (LARGE) - Score: 82.0
       #2: Vial 14 (MEDIUM) - Score: 74.0 (skipped x1)
       #3: Vial 12 (MEDIUM) - Score: 72.0
  Analyzing optimal grasp configuration...
    Tilt: 90.0 degrees
    Grasp type: Top-down (simple)
    Grasp height: 50% up vial
    Approach clearance: 80/100 (min 6.8cm)

============================================================
VIAL 21/30 - LARGE (12mm, 35g) [Isolation Score: 82.0]
============================================================
 Position: [0.523, -0.108, 0.793]
 Axis: [0.78, -0.63, -0.00]
 Isolation: 6.9cm to nearest vial
  Generating 8x3x2 grasp candidates...
   Grasp Candidate Scoring (48 valid):
     #1: Score=0.750 [FC=0.30, Iso=0.77, Geo=0.42, θ=0°]
     #2: Score=0.750 [FC=0.30, Iso=0.77, Geo=0.42, θ=0°]
     #3: Score=0.746 [FC=0.30, Iso=0.74, Geo=0.45, θ=0°]
     #4: Score=0.743 [FC=0.30, Iso=0.74, Geo=0.43, θ=0°]
     #5: Score=0.743 [FC=0.30, Iso=0.80, Geo=0.30, θ=25°]
  Best grasp position: [0.523, -0.108, 0.803]
Grasp: Multi-candidate (score=0.75)
  Grasp orientation: approach=[0.00, 0.00, -1.00], fingers=[0.64, 0.77, 0.00]
Target: LARGE tray (0,0) at [-0.387, 0.163, 0.849]
  Approaching...
 Opening gripper WIDE for horizontal vial: 48.0mm...
  Descending to grasp...
 Closing for horizontal vial (tilt=90°, target=24.0mm, force=150N)...
 Initial grip moved vial: 0.0mm
     Vial not gripped (moved=0.0mm, gripper=48.0mm vs expected=48.0mm)
     Resetting robot to home position...
       Grasp attempt 1/3 failed. Gripper didn't grip vial
       Retrying vial 21...
  Analyzing optimal grasp configuration...
    Tilt: 101.9 degrees
    Grasp type: Top-down (simple)
    Grasp height: 50% up vial
    Approach clearance: 100/100 (min 8.1cm)

============================================================
VIAL 21/30 - LARGE (12mm, 35g) [Isolation Score: 98.0]
============================================================
 Position: [0.430, -0.103, 0.807]
 Axis: [0.54, -0.82, -0.20]
 Isolation: 8.1cm to nearest vial
  Generating 8x3x2 grasp candidates...
   Grasp Candidate Scoring (48 valid):
     #1: Score=0.793 [FC=0.30, Iso=0.91, Geo=0.43, θ=0°]
     #2: Score=0.789 [FC=0.30, Iso=0.91, Geo=0.40, θ=0°]
     #3: Score=0.780 [FC=0.30, Iso=0.86, Geo=0.43, θ=0°]
     #4: Score=0.777 [FC=0.30, Iso=0.86, Geo=0.42, θ=0°]
     #5: Score=0.775 [FC=0.30, Iso=0.91, Geo=0.31, θ=25°]
  Best grasp position: [0.430, -0.103, 0.817]
Grasp: Multi-candidate (score=0.79)
  Grasp orientation: approach=[-0.00, -0.00, -1.00], fingers=[-1.00, -0.09, 0.00]
Target: LARGE tray (0,0) at [-0.387, 0.163, 0.849]
  Approaching...
 Opening gripper WIDE for horizontal vial: 48.0mm...
  Descending to grasp...
 Closing for horizontal vial (tilt=78°, target=24.0mm, force=150N)...
 Initial grip moved vial: 14.5mm
  Creating constraint...
     Grasp check: dist to end effector=15.0mm
     End effector: [0.428, -0.104, 0.807]
     Vial pos: [0.426, -0.100, 0.793]
     Creating constraint (position locked, orientation FREE for re-orienting)...
     Vial attached via constraint!
  Lifting and re-orienting to vertical...
     Initial vial tilt: 84.6°
     Lifted 3.4cm, tilt now 85.0° (target: 0°)
     Lifted 23.2cm, tilt now 85.0° (target: 0°)
  Forcing vial to vertical (current tilt: 85.0°)...
     Vial orientation locked to vertical, tilt now: 68.7°
  Moving to LARGE tray...
     Trying multiple base rotations to find best arm configuration...
     Target tray direction: 157° from robot
       Attempt 1: base=73°, margin=0.128 rad [GOOD]
       Attempt 2: base=85°, margin=-0.021 rad [BAD]
       Attempt 3: base=88°, margin=-0.061 rad [BAD]
       Attempt 4: base=88°, margin=-0.071 rad [BAD]
       Attempt 5: base=90°, margin=-0.073 rad [BAD]
       Attempt 6: base=89°, margin=-0.071 rad [BAD]
     Using configuration #1: base at 73°, margin=0.128 rad
     End effector to above_target: 3.1mm
     Vial XY distance to target: 5.7mm
     Vial height: 1.136m (should be >0.9m)
  Self-calibrating vial position...
     Measured offset: [-4.5, 1.6]mm
  Descending to slot...
     Original target: [-0.387, 0.163, 0.849]
     Adjusted target: [-0.383, 0.161, 0.849]
     Compensation: [4.5, -1.6]mm
     🔧 Correcting vial orientation (tilt: 50.4°)
     End effector to target: 4.9mm
  Releasing...
  Opening gripper...
     Vial settled vertically (tilt: 7.4°)
  Retreating...
  SUCCESS! LARGE vial placed!

  Recomputing isolation scores (vial removed from scene)...
     After successful placement:
       #1: Vial 12 (MEDIUM) - Score: 76.0
       #2: Vial 11 (MEDIUM) - Score: 72.0
       #3: Vial 14 (MEDIUM) - Score: 70.0 (skipped x1)
  Analyzing optimal grasp configuration...
    Tilt: 27.7 degrees
    Grasp type: Top-down (simple)
    Grasp height: 75% up vial
    Approach clearance: 20/100 (min 2.7cm)

============================================================
VIAL 12/30 - MEDIUM (10mm, 25g) [Isolation Score: 76.0]
============================================================
 Position: [0.544, 0.030, 0.804]
 Axis: [-0.44, -0.14, 0.89]
 Isolation: 2.5cm to nearest vial
  Vial too close to neighbors (2 within 4cm)
  Attempting singulation push...
     Push trajectory: 13.0cm
     Start: [0.556, 0.008]
     End:   [0.497, 0.124]
     ⚠️  Push start failed - gripper outside box
        Planned: [0.556, 0.008]
        Actual:  [0.422, 0.347]
        Box bounds: X=[0.280, 0.620], Y=[-0.170, 0.170]
 Push failed, skipping...
     After push failed:
       #1: Vial 11 (MEDIUM) - Score: 72.0
       #2: Vial 14 (MEDIUM) - Score: 70.0 (skipped x1)
       #3: Vial 17 (MEDIUM) - Score: 70.0
  Analyzing optimal grasp configuration...
    Tilt: 43.2 degrees
    Grasp type: Top-down (simple)
    Grasp height: 50% up vial
    Approach clearance: 20/100 (min 3.4cm)

============================================================
VIAL 11/30 - MEDIUM (10mm, 25g) [Isolation Score: 72.0]
============================================================
 Position: [0.564, 0.002, 0.803]
 Axis: [0.37, -0.58, 0.73]
 Isolation: 3.4cm to nearest vial
  Vial too close to neighbors (1 within 4cm)
  Attempting singulation push...
     Push trajectory: 13.0cm
     Start: [0.574, -0.010]
     End:   [0.498, 0.095]
     ⚠️  Push start failed - gripper outside box
        Planned: [0.574, -0.010]
        Actual:  [0.440, 0.347]
        Box bounds: X=[0.280, 0.620], Y=[-0.170, 0.170]
 Push failed, skipping...
     After push failed:
       #1: Vial 14 (MEDIUM) - Score: 70.0 (skipped x1)
       #2: Vial 17 (MEDIUM) - Score: 70.0
       #3: Vial 12 (MEDIUM) - Score: 66.0 (skipped x1)
  Analyzing optimal grasp configuration...
    Tilt: 5.5 degrees
    Grasp type: Top-down (simple)
    Grasp height: 75% up vial
    Approach clearance: 20/100 (min 2.6cm)

============================================================
VIAL 14/30 - MEDIUM (10mm, 25g) [Isolation Score: 70.0]
============================================================
 Position: [0.533, 0.052, 0.803]
 Axis: [0.10, 0.01, 1.00]
 Isolation: 2.5cm to nearest vial
  Vial too close to neighbors (1 within 4cm)
  Attempting singulation push...
     Push trajectory: 13.0cm
     Start: [0.522, 0.075]
     End:   [0.580, -0.041]
     ⚠️  Push start failed - gripper outside box
        Planned: [0.522, 0.075]
        Actual:  [0.387, 0.367]
        Box bounds: X=[0.280, 0.620], Y=[-0.170, 0.170]
 Push failed, skipping...
     After push failed:
       #1: Vial 17 (MEDIUM) - Score: 70.0
       #2: Vial 12 (MEDIUM) - Score: 66.0 (skipped x1)
       #3: Vial 11 (MEDIUM) - Score: 62.0 (skipped x1)
  Analyzing optimal grasp configuration...
    Tilt: 90.0 degrees
    Grasp type: Top-down (simple)
    Grasp height: 50% up vial
    Approach clearance: 20/100 (min 3.8cm)

============================================================
VIAL 17/30 - MEDIUM (10mm, 25g) [Isolation Score: 70.0]
============================================================
 Position: [0.461, 0.117, 0.790]
 Axis: [-0.64, -0.77, -0.00]
 Isolation: 3.8cm to nearest vial
  Vial too close to neighbors (1 within 4cm)
  Attempting singulation push...
     ⚠️  Vial too close to edge for push (space: X=23cm, Y=10cm)
 Cannot calculate push trajectory, skipping...
     Cannot push:
       #1: Vial 12 (MEDIUM) - Score: 66.0 (skipped x1)
       #2: Vial 11 (MEDIUM) - Score: 62.0 (skipped x1)
       #3: Vial 14 (MEDIUM) - Score: 60.0 (skipped x2)
  Analyzing optimal grasp configuration...
    Tilt: 27.7 degrees
    Grasp type: Top-down (simple)
    Grasp height: 75% up vial
    Approach clearance: 20/100 (min 2.7cm)

============================================================
VIAL 12/30 - MEDIUM (10mm, 25g) [Isolation Score: 66.0]
============================================================
 Position: [0.544, 0.030, 0.804]
 Axis: [-0.44, -0.14, 0.89]
 Isolation: 2.5cm to nearest vial
  Vial too close to neighbors (2 within 4cm)
  Attempting singulation push...
     Push trajectory: 13.0cm
     Start: [0.556, 0.008]
     End:   [0.497, 0.124]
     ⚠️  Push start failed - gripper outside box
        Planned: [0.556, 0.008]
        Actual:  [0.435, 0.348]
        Box bounds: X=[0.280, 0.620], Y=[-0.170, 0.170]
 Push failed, skipping...
     After push failed:
       #1: Vial 11 (MEDIUM) - Score: 62.0 (skipped x1)
       #2: Vial 14 (MEDIUM) - Score: 60.0 (skipped x2)
       #3: Vial 17 (MEDIUM) - Score: 60.0 (skipped x1)
  Analyzing optimal grasp configuration...
    Tilt: 43.3 degrees
    Grasp type: Top-down (simple)
    Grasp height: 50% up vial
    Approach clearance: 20/100 (min 3.4cm)

============================================================
VIAL 11/30 - MEDIUM (10mm, 25g) [Isolation Score: 62.0]
============================================================
 Position: [0.565, 0.002, 0.803]
 Axis: [0.37, -0.58, 0.73]
 Isolation: 3.4cm to nearest vial
  Vial too close to neighbors (1 within 4cm)
  Attempting singulation push...
     Push trajectory: 13.0cm
     Start: [0.574, -0.010]
     End:   [0.498, 0.095]
     ⚠️  Push start failed - gripper outside box
        Planned: [0.574, -0.010]
        Actual:  [0.460, 0.351]
        Box bounds: X=[0.280, 0.620], Y=[-0.170, 0.170]
 Push failed, skipping...
     After push failed:
       #1: Vial 14 (MEDIUM) - Score: 60.0 (skipped x2)
       #2: Vial 17 (MEDIUM) - Score: 60.0 (skipped x1)
       #3: Vial 10 (SMALL) - Score: 56.0
  Analyzing optimal grasp configuration...
    Tilt: 5.5 degrees
    Grasp type: Top-down (simple)
    Grasp height: 75% up vial
    Approach clearance: 20/100 (min 2.6cm)

============================================================
VIAL 14/30 - MEDIUM (10mm, 25g) [Isolation Score: 60.0]
============================================================
 Position: [0.533, 0.052, 0.803]
 Axis: [0.10, 0.01, 1.00]
 Isolation: 2.5cm to nearest vial
  Vial too close to neighbors (1 within 4cm)
  Attempting singulation push...
     Push trajectory: 13.0cm
     Start: [0.522, 0.075]
     End:   [0.580, -0.041]
     ⚠️  Push start failed - gripper outside box
        Planned: [0.522, 0.075]
        Actual:  [0.401, 0.357]
        Box bounds: X=[0.280, 0.620], Y=[-0.170, 0.170]
 Push failed, skipping...
     After push failed:
       #1: Vial 17 (MEDIUM) - Score: 60.0 (skipped x1)
       #2: Vial 10 (SMALL) - Score: 56.0
       #3: Vial 12 (MEDIUM) - Score: 56.0 (skipped x2)
  Analyzing optimal grasp configuration...
    Tilt: 90.0 degrees
    Grasp type: Top-down (simple)
    Grasp height: 50% up vial
    Approach clearance: 20/100 (min 3.8cm)

============================================================
VIAL 17/30 - MEDIUM (10mm, 25g) [Isolation Score: 60.0]
============================================================
 Position: [0.461, 0.117, 0.790]
 Axis: [-0.64, -0.77, -0.00]
 Isolation: 3.8cm to nearest vial
  Vial too close to neighbors (1 within 4cm)
  Attempting singulation push...
     ⚠️  Vial too close to edge for push (space: X=23cm, Y=10cm)
 Cannot calculate push trajectory, skipping...
     Cannot push:
       #1: Vial 10 (SMALL) - Score: 56.0
       #2: Vial 12 (MEDIUM) - Score: 56.0 (skipped x2)
       #3: Vial 11 (MEDIUM) - Score: 52.0 (skipped x2)
  Analyzing optimal grasp configuration...
    Tilt: 90.0 degrees
    Grasp type: Top-down (simple)
    Grasp height: 50% up vial
    Approach clearance: 50/100 (min 4.7cm)

============================================================
VIAL 10/30 - SMALL (8mm, 18g) [Isolation Score: 56.0]
============================================================
 Position: [0.566, 0.101, 0.788]
 Axis: [0.55, -0.84, 0.00]
 Isolation: 4.7cm to nearest vial
  Generating 8x3x2 grasp candidates...
   Grasp Candidate Scoring (48 valid):
     #1: Score=0.781 [FC=0.30, Iso=0.56, Geo=1.04, θ=0°]
     #2: Score=0.780 [FC=0.30, Iso=0.56, Geo=1.03, θ=0°]
     #3: Score=0.780 [FC=0.30, Iso=0.56, Geo=1.03, θ=0°]
     #4: Score=0.778 [FC=0.30, Iso=0.56, Geo=1.02, θ=0°]
     #5: Score=0.762 [FC=0.30, Iso=0.56, Geo=0.91, θ=25°]
  Best grasp position: [0.566, 0.101, 0.788]
Grasp: Multi-candidate (score=0.78)
  Grasp orientation: approach=[0.00, -0.00, -1.00], fingers=[0.31, -0.95, 0.00]
Target: SMALL tray (1,1) at [-0.311, -0.162, 0.819]
  Approaching...
 Opening gripper WIDE for horizontal vial: 32.0mm...
  Descending to grasp...
 Closing for horizontal vial (tilt=90°, target=16.0mm, force=150N)...
 Initial grip moved vial: 7.7mm
  Creating constraint...
     Grasp check: dist to end effector=6.0mm
     End effector: [0.566, 0.099, 0.791]
     Vial pos: [0.560, 0.099, 0.793]
     Creating constraint (position locked, orientation FREE for re-orienting)...
     Vial attached via constraint!
  Lifting and re-orienting to vertical...
     Initial vial tilt: 63.8°
     Lifted 5.1cm, tilt now 48.5° (target: 0°)
     Lifted 25.2cm, tilt now 50.6° (target: 0°)
  Forcing vial to vertical (current tilt: 50.6°)...
     Vial orientation locked to vertical, tilt now: 0.0°
  Moving to SMALL tray...
     Trying multiple base rotations to find best arm configuration...
     Target tray direction: -153° from robot
       Attempt 1: base=-74°, margin=0.434 rad [GOOD]
     Using configuration #1: base at -74°, margin=0.434 rad
     End effector to above_target: 5.7mm
     Vial XY distance to target: 9.0mm
     Vial height: 1.124m (should be >0.9m)
  Self-calibrating vial position...
     Measured offset: [-5.3, -0.1]mm
  Descending to slot...
     Original target: [-0.311, -0.162, 0.819]
     Adjusted target: [-0.306, -0.161, 0.819]
     Compensation: [5.3, 0.1]mm
     End effector to target: 3.2mm
  Releasing...
  Opening gripper...
     Vial settled vertically (tilt: 0.1°)
  Retreating...
  SUCCESS! SMALL vial placed!

  Recomputing isolation scores (vial removed from scene)...
     After successful placement:
       #1: Vial 17 (MEDIUM) - Score: 70.0 (skipped x2)
       #2: Vial 14 (MEDIUM) - Score: 59.0 (skipped x3)
       #3: Vial 12 (MEDIUM) - Score: 56.0 (skipped x2)
  Analyzing optimal grasp configuration...
    Tilt: 90.0 degrees
    Grasp type: Top-down (simple)
    Grasp height: 50% up vial
    Approach clearance: 80/100 (min 6.8cm)

============================================================
VIAL 17/30 - MEDIUM (10mm, 25g) [Isolation Score: 70.0]
============================================================
 Position: [0.459, 0.109, 0.790]
 Axis: [-0.67, -0.75, -0.00]
 Isolation: 6.8cm to nearest vial
  Generating 8x3x2 grasp candidates...
   Grasp Candidate Scoring (48 valid):
     #1: Score=0.858 [FC=0.30, Iso=0.82, Geo=1.03, θ=0°]
     #2: Score=0.858 [FC=0.30, Iso=0.82, Geo=1.03, θ=0°]
     #3: Score=0.854 [FC=0.30, Iso=0.82, Geo=1.01, θ=0°]
     #4: Score=0.852 [FC=0.30, Iso=0.82, Geo=1.00, θ=0°]
     #5: Score=0.847 [FC=0.30, Iso=0.86, Geo=0.89, θ=25°]
  Best grasp position: [0.459, 0.109, 0.790]
Grasp: Multi-candidate (score=0.86)
  Grasp orientation: approach=[-0.00, 0.00, -1.00], fingers=[-0.92, 0.39, 0.00]
Target: MEDIUM tray (0,0) at [-0.391, -0.041, 0.824]
  Approaching...
 Opening gripper WIDE for horizontal vial: 40.0mm...
  Descending to grasp...
 Closing for horizontal vial (tilt=90°, target=20.0mm, force=150N)...
 Initial grip moved vial: 0.0mm
     Vial not gripped (moved=0.0mm, gripper=40.0mm vs expected=40.0mm)
     Resetting robot to home position...
       Grasp attempt 1/3 failed. Gripper didn't grip vial
       Retrying vial 17...
  Analyzing optimal grasp configuration...
    Tilt: 90.0 degrees
    Grasp type: Top-down (simple)
    Grasp height: 50% up vial
    Approach clearance: 80/100 (min 7.0cm)

============================================================
VIAL 17/30 - MEDIUM (10mm, 25g) [Isolation Score: 70.0]
============================================================
 Position: [0.459, 0.109, 0.790]
 Axis: [-0.67, -0.75, -0.00]
 Isolation: 7.0cm to nearest vial
  Generating 8x3x2 grasp candidates...
   Grasp Candidate Scoring (48 valid):
     #1: Score=0.865 [FC=0.30, Iso=0.84, Geo=1.05, θ=0°]
     #2: Score=0.863 [FC=0.30, Iso=0.84, Geo=1.04, θ=0°]
     #3: Score=0.860 [FC=0.30, Iso=0.82, Geo=1.05, θ=0°]
     #4: Score=0.855 [FC=0.30, Iso=0.82, Geo=1.02, θ=0°]
     #5: Score=0.852 [FC=0.30, Iso=0.86, Geo=0.91, θ=25°]
  Best grasp position: [0.459, 0.109, 0.790]
Grasp: Multi-candidate (score=0.86)
  Grasp orientation: approach=[0.00, 0.00, -1.00], fingers=[0.93, 0.37, 0.00]
Target: MEDIUM tray (0,0) at [-0.391, -0.041, 0.824]
  Approaching...
 Opening gripper WIDE for horizontal vial: 40.0mm...
  Descending to grasp...
 Closing for horizontal vial (tilt=90°, target=20.0mm, force=150N)...
 Initial grip moved vial: 7.9mm
  Creating constraint...
     Grasp check: dist to end effector=2.6mm
     End effector: [0.461, 0.111, 0.795]
     Vial pos: [0.460, 0.111, 0.798]
     Creating constraint (position locked, orientation FREE for re-orienting)...
     Vial attached via constraint!
  Lifting and re-orienting to vertical...
     Initial vial tilt: 87.9°
     Lifted 5.1cm, tilt now 89.9° (target: 0°)
     Lifted 25.1cm, tilt now 78.7° (target: 0°)
  Forcing vial to vertical (current tilt: 78.7°)...
     Vial orientation locked to vertical, tilt now: 0.0°
  Moving to MEDIUM tray...
     Trying multiple base rotations to find best arm configuration...
     Target tray direction: -174° from robot
       Attempt 1: base=5°, margin=-0.145 rad [BAD]
       Attempt 2: base=-66°, margin=-0.061 rad [BAD]
       Attempt 3: base=-68°, margin=-0.035 rad [BAD]
       Attempt 4: base=-81°, margin=0.278 rad [GOOD]
     Using configuration #4: base at -81°, margin=0.278 rad
     End effector to above_target: 3.8mm
     Vial XY distance to target: 4.5mm
     Vial height: 1.130m (should be >0.9m)
  Self-calibrating vial position...
     Measured offset: [-1.1, -0.2]mm
  Descending to slot...
     Original target: [-0.391, -0.041, 0.824]
     Adjusted target: [-0.390, -0.041, 0.824]
     Compensation: [1.1, 0.2]mm
     End effector to target: 7.6mm
  Releasing...
  Opening gripper...
     Vial settled vertically (tilt: 0.1°)
  Retreating...
  SUCCESS! MEDIUM vial placed!

  Recomputing isolation scores (vial removed from scene)...
     After successful placement:
       #1: Vial 14 (MEDIUM) - Score: 64.0 (skipped x3)
       #2: Vial 12 (MEDIUM) - Score: 59.0 (skipped x2)
       #3: Vial 11 (MEDIUM) - Score: 52.0 (skipped x2)
  Analyzing optimal grasp configuration...
    Tilt: 5.5 degrees
    Grasp type: Top-down (simple)
    Grasp height: 75% up vial
    Approach clearance: 20/100 (min 2.6cm)

============================================================
VIAL 14/30 - MEDIUM (10mm, 25g) [Isolation Score: 64.0]
============================================================
 Position: [0.533, 0.052, 0.803]
 Axis: [0.10, 0.01, 1.00]
 Isolation: 2.5cm to nearest vial
  Vial too close to neighbors (1 within 4cm)
  Attempting singulation push...
     Push trajectory: 13.0cm
     Start: [0.522, 0.075]
     End:   [0.580, -0.041]
     ⚠️  Push start failed - gripper outside box
        Planned: [0.522, 0.075]
        Actual:  [0.525, -0.292]
        Box bounds: X=[0.280, 0.620], Y=[-0.170, 0.170]
 Push failed, skipping...
     After push failed:
       #1: Vial 12 (MEDIUM) - Score: 59.0 (skipped x2)
       #2: Vial 14 (MEDIUM) - Score: 54.0 (skipped x4)
       #3: Vial 11 (MEDIUM) - Score: 52.0 (skipped x2)
  Analyzing optimal grasp configuration...
    Tilt: 27.7 degrees
    Grasp type: Top-down (simple)
    Grasp height: 75% up vial
    Approach clearance: 20/100 (min 2.7cm)

============================================================
VIAL 12/30 - MEDIUM (10mm, 25g) [Isolation Score: 59.0]
============================================================
 Position: [0.544, 0.030, 0.804]
 Axis: [-0.44, -0.14, 0.89]
 Isolation: 2.5cm to nearest vial
  Vial too close to neighbors (2 within 4cm)
  Attempting singulation push...
     Push trajectory: 13.0cm
     Start: [0.556, 0.008]
     End:   [0.497, 0.124]
     ⚠️  Push start failed - gripper outside box
        Planned: [0.556, 0.008]
        Actual:  [0.527, -0.292]
        Box bounds: X=[0.280, 0.620], Y=[-0.170, 0.170]
 Push failed, skipping...
     After push failed:
       #1: Vial 14 (MEDIUM) - Score: 54.0 (skipped x4)
       #2: Vial 11 (MEDIUM) - Score: 52.0 (skipped x2)
       #3: Vial 12 (MEDIUM) - Score: 49.0 (skipped x3)
  Analyzing optimal grasp configuration...
    Tilt: 5.5 degrees
    Grasp type: Top-down (simple)
    Grasp height: 75% up vial
    Approach clearance: 20/100 (min 2.6cm)

============================================================
VIAL 14/30 - MEDIUM (10mm, 25g) [Isolation Score: 54.0]
============================================================
 Position: [0.533, 0.052, 0.803]
 Axis: [0.10, 0.01, 1.00]
 Isolation: 2.5cm to nearest vial
  Vial too close to neighbors (1 within 4cm)
  Attempting singulation push...
     Push trajectory: 13.0cm
     Start: [0.522, 0.075]
     End:   [0.580, -0.041]
     ⚠️  Push start failed - gripper outside box
        Planned: [0.522, 0.075]
        Actual:  [0.524, -0.292]
        Box bounds: X=[0.280, 0.620], Y=[-0.170, 0.170]
 Push failed, skipping...
     After push failed:
       #1: Vial 11 (MEDIUM) - Score: 52.0 (skipped x2)
       #2: Vial 12 (MEDIUM) - Score: 49.0 (skipped x3)
       #3: Vial 13 (MEDIUM) - Score: 48.0
  Analyzing optimal grasp configuration...
    Tilt: 44.7 degrees
    Grasp type: Top-down (simple)
    Grasp height: 50% up vial
    Approach clearance: 20/100 (min 3.5cm)

============================================================
VIAL 11/30 - MEDIUM (10mm, 25g) [Isolation Score: 52.0]
============================================================
 Position: [0.565, 0.002, 0.803]
 Axis: [0.39, -0.58, 0.71]
 Isolation: 3.5cm to nearest vial
  Vial too close to neighbors (1 within 4cm)
  Attempting singulation push...
     Push trajectory: 13.0cm
     Start: [0.574, -0.010]
     End:   [0.497, 0.095]
     ⚠️  Push start failed - gripper outside box
        Planned: [0.574, -0.010]
        Actual:  [0.519, -0.291]
        Box bounds: X=[0.280, 0.620], Y=[-0.170, 0.170]
 Push failed, skipping...
     After push failed:
       #1: Vial 12 (MEDIUM) - Score: 49.0 (skipped x3)
       #2: Vial 13 (MEDIUM) - Score: 48.0
       #3: Vial 22 (LARGE) - Score: 44.2
  Analyzing optimal grasp configuration...
    Tilt: 27.7 degrees
    Grasp type: Top-down (simple)
    Grasp height: 75% up vial
    Approach clearance: 20/100 (min 2.7cm)

============================================================
VIAL 12/30 - MEDIUM (10mm, 25g) [Isolation Score: 49.0]
============================================================
 Position: [0.544, 0.030, 0.804]
 Axis: [-0.44, -0.14, 0.89]
 Isolation: 2.5cm to nearest vial
  Vial too close to neighbors (2 within 4cm)
  Attempting singulation push...
     Push trajectory: 13.0cm
     Start: [0.556, 0.008]
     End:   [0.497, 0.124]
     ⚠️  Push start failed - gripper outside box
        Planned: [0.556, 0.008]
        Actual:  [0.493, -0.290]
        Box bounds: X=[0.280, 0.620], Y=[-0.170, 0.170]
 Push failed, skipping...
     After push failed:
       #1: Vial 13 (MEDIUM) - Score: 48.0
       #2: Vial 22 (LARGE) - Score: 44.2
       #3: Vial 14 (MEDIUM) - Score: 44.0 (skipped x5)
  Analyzing optimal grasp configuration...
    Tilt: 54.3 degrees
    Grasp type: Top-down (simple)
    Grasp height: 50% up vial
    Approach clearance: 100/100 (min 13.3cm)

============================================================
VIAL 13/30 - MEDIUM (10mm, 25g) [Isolation Score: 48.0]
============================================================
 Position: [0.337, 0.184, 0.801]
 Axis: [0.76, 0.28, 0.58]
 Isolation: 13.3cm to nearest vial
  Generating 8x3x2 grasp candidates...
   No valid grasp candidates found!
  No valid grasp found!
     Resetting robot to home position...
       Grasp attempt 1/3 failed. No valid grasp candidate
       Retrying vial 13...
  Analyzing optimal grasp configuration...
    Tilt: 54.3 degrees
    Grasp type: Top-down (simple)
    Grasp height: 50% up vial
    Approach clearance: 100/100 (min 13.3cm)

============================================================
VIAL 13/30 - MEDIUM (10mm, 25g) [Isolation Score: 48.0]
============================================================
 Position: [0.337, 0.184, 0.801]
 Axis: [0.76, 0.28, 0.58]
 Isolation: 13.3cm to nearest vial
  Generating 8x3x2 grasp candidates...
   No valid grasp candidates found!
  No valid grasp found!
     Resetting robot to home position...
       Grasp attempt 2/3 failed. No valid grasp candidate
       Retrying vial 13...
  Analyzing optimal grasp configuration...
    Tilt: 54.3 degrees
    Grasp type: Top-down (simple)
    Grasp height: 50% up vial
    Approach clearance: 100/100 (min 13.3cm)

============================================================
VIAL 13/30 - MEDIUM (10mm, 25g) [Isolation Score: 48.0]
============================================================
 Position: [0.337, 0.184, 0.801]
 Axis: [0.76, 0.28, 0.58]
 Isolation: 13.3cm to nearest vial
  Generating 8x3x2 grasp candidates...
   No valid grasp candidates found!
  No valid grasp found!
     Resetting robot to home position...
      All 3 grasp attempts failed. No valid grasp candidate
      Skipping vial 13
     No grasp:
       #1: Vial 22 (LARGE) - Score: 44.2
       #2: Vial 14 (MEDIUM) - Score: 44.0 (skipped x5)
       #3: Vial 19 (MEDIUM) - Score: 42.8
  Analyzing optimal grasp configuration...
    Tilt: 81.6 degrees
    Grasp type: Top-down (simple)
    Grasp height: 50% up vial
    Approach clearance: 50/100 (min 4.6cm)

============================================================
VIAL 22/30 - LARGE (12mm, 35g) [Isolation Score: 44.2]
============================================================
 Position: [0.598, -0.076, 0.803]
 Axis: [0.92, -0.37, 0.15]
 Isolation: 4.6cm to nearest vial
  Generating 8x3x2 grasp candidates...
   Grasp Candidate Scoring (48 valid):
     #1: Score=0.655 [FC=0.30, Iso=0.44, Geo=0.44, θ=0°]
     #2: Score=0.653 [FC=0.30, Iso=0.44, Geo=0.42, θ=0°]
     #3: Score=0.650 [FC=0.30, Iso=0.44, Geo=0.41, θ=0°]
     #4: Score=0.650 [FC=0.30, Iso=0.44, Geo=0.41, θ=0°]
     #5: Score=0.635 [FC=0.30, Iso=0.44, Geo=0.31, θ=25°]
  Best grasp position: [0.598, -0.076, 0.813]
Grasp: Multi-candidate (score=0.65)
  Grasp orientation: approach=[-0.00, -0.00, -1.00], fingers=[-0.54, -0.84, 0.00]
Target: LARGE tray (0,1) at [-0.312, 0.163, 0.849]
  Approaching...
 Opening gripper WIDE for horizontal vial: 48.0mm...
  Descending to grasp...
 Closing for horizontal vial (tilt=82°, target=24.0mm, force=150N)...
 Initial grip moved vial: 0.0mm
     Vial not gripped (moved=0.0mm, gripper=48.0mm vs expected=48.0mm)
     Resetting robot to home position...
       Grasp attempt 1/3 failed. Gripper didn't grip vial
       Retrying vial 22...
  Analyzing optimal grasp configuration...
    Tilt: 44.9 degrees
    Grasp type: Top-down (simple)
    Grasp height: 50% up vial
    Approach clearance: 80/100 (min 6.8cm)

============================================================
VIAL 11/30 - MEDIUM (10mm, 25g) [Isolation Score: 70.0]
============================================================
 Position: [0.565, 0.002, 0.803]
 Axis: [0.40, -0.59, 0.71]
 Isolation: 6.8cm to nearest vial
  Generating 8x3x2 grasp candidates...
   Grasp Candidate Scoring (48 valid):
     #1: Score=0.856 [FC=0.30, Iso=0.82, Geo=1.03, θ=0°]
     #2: Score=0.852 [FC=0.30, Iso=0.82, Geo=1.00, θ=0°]
     #3: Score=0.838 [FC=0.30, Iso=0.82, Geo=0.91, θ=25°]
     #4: Score=0.835 [FC=0.30, Iso=0.82, Geo=0.89, θ=25°]
     #5: Score=0.834 [FC=0.30, Iso=0.74, Geo=1.03, θ=0°]
  Best grasp position: [0.565, 0.002, 0.803]
Grasp: Multi-candidate (score=0.86)
  Grasp orientation: approach=[0.00, 0.00, -1.00], fingers=[0.34, 0.94, 0.00]
Target: MEDIUM tray (0,1) at [-0.309, -0.041, 0.824]
  Approaching...
 Opening gripper to 30.0mm...
  Descending to grasp...
 Closing to grip (target: 9.0mm, force=100N)...
 Initial grip moved vial: 26.0mm
  Creating constraint...
     Grasp check: dist to end effector=27.6mm
     End effector: [0.567, 0.004, 0.802]
     Vial pos: [0.539, 0.004, 0.800]
     Creating constraint (position locked, orientation FREE for re-orienting)...
     Vial attached via constraint!
  Lifting and re-orienting to vertical...
     Initial vial tilt: 31.4°
     Lifted 4.9cm, tilt now 24.1° (target: 0°)
     Lifted 24.9cm, tilt now 24.0° (target: 0°)
  Forcing vial to vertical (current tilt: 24.0°)...
     Vial orientation locked to vertical, tilt now: 0.0°
  Moving to MEDIUM tray...
     Trying multiple base rotations to find best arm configuration...
     Target tray direction: -172° from robot
       Attempt 1: base=-74°, margin=-0.062 rad [BAD]
       Attempt 2: base=-74°, margin=-0.070 rad [BAD]
       Attempt 3: base=-73°, margin=-0.070 rad [BAD]
       Attempt 4: base=-101°, margin=0.430 rad [GOOD]
     Using configuration #4: base at -101°, margin=0.430 rad
     End effector to above_target: 3.3mm
     Vial XY distance to target: 30.2mm
     Vial height: 1.124m (should be >0.9m)
  Self-calibrating vial position...
     Measured offset: [-27.5, 0.2]mm
  Descending to slot...
     Original target: [-0.309, -0.041, 0.824]
     Adjusted target: [-0.281, -0.041, 0.824]
     Compensation: [27.5, -0.2]mm
     End effector to target: 2.3mm
     WARNING: Joints near limits at descend:
       Joint 4: -2.917 rad (limits: [-3.072, -0.070], margin: 0.155 rad)
  Releasing...
  Opening gripper...
     Vial settled vertically (tilt: 0.1°)
  Retreating...
  SUCCESS! MEDIUM vial placed!

  Recomputing isolation scores (vial removed from scene)...
     After successful placement:
       #1: Vial 12 (MEDIUM) - Score: 55.0 (skipped x4)
       #2: Vial 22 (LARGE) - Score: 51.0
       #3: Vial 14 (MEDIUM) - Score: 50.0 (skipped x5)
  Analyzing optimal grasp configuration...
    Tilt: 58.8 degrees
    Grasp type: Top-down (simple)
    Grasp height: 50% up vial
    Approach clearance: 20/100 (min 2.3cm)

============================================================
VIAL 12/30 - MEDIUM (10mm, 25g) [Isolation Score: 55.0]
============================================================
 Position: [0.508, 0.039, 0.800]
 Axis: [-0.84, -0.14, 0.52]
 Isolation: 2.3cm to nearest vial
  Vial too close to neighbors (1 within 4cm)
  Attempting singulation push...
     Push trajectory: 13.0cm
     Start: [0.502, 0.012]
     End:   [0.533, 0.139]
  Waiting for physics to settle...
     Nearest vial moved: 8.7cm
     Target vial moved: 10.4cm
  Recomputing isolation scores after push...
     After push:
       #1: Vial 22 (LARGE) - Score: 51.0
       #2: Vial 19 (MEDIUM) - Score: 42.8
       #3: Vial 13 (MEDIUM) - Score: 38.0 (skipped x1)
 After push: 2.2cm to nearest
  Still crowded after push (2.2cm), but will try grasp anyway...
  Generating 8x3x2 grasp candidates...
   Grasp Candidate Scoring (48 valid):
     #1: Score=0.621 [FC=0.30, Iso=0.03, Geo=1.04, θ=0°]
     #2: Score=0.620 [FC=0.30, Iso=0.02, Geo=1.04, θ=0°]
     #3: Score=0.616 [FC=0.30, Iso=0.03, Geo=1.01, θ=0°]
     #4: Score=0.616 [FC=0.30, Iso=0.02, Geo=1.03, θ=0°]
     #5: Score=0.614 [FC=0.30, Iso=0.02, Geo=1.01, θ=0°]
  Best grasp position: [0.485, 0.141, 0.821]
Grasp: Multi-candidate (score=0.62)
  Grasp orientation: approach=[0.00, 0.00, -1.00], fingers=[0.22, 0.97, 0.00]
Target: MEDIUM tray (1,0) at [-0.391, 0.041, 0.824]
  Approaching...
 Opening gripper to 30.0mm...
  Descending to grasp...
 Closing to grip (target: 9.0mm, force=100N)...
 Initial grip moved vial: 60.7mm
  Creating constraint...
     Grasp check: dist to end effector=25.7mm
     End effector: [0.422, 0.110, 0.828]
     Vial pos: [0.429, 0.122, 0.806]
     Creating constraint (position locked, orientation FREE for re-orienting)...
     Vial attached via constraint!
  Lifting and re-orienting to vertical...
     Initial vial tilt: 75.7°
     Lifted 3.2cm, tilt now 75.7° (target: 0°)
     Lifted 22.7cm, tilt now 68.3° (target: 0°)
  Forcing vial to vertical (current tilt: 68.3°)...
     Vial orientation locked to vertical, tilt now: 9.2°
  Moving to MEDIUM tray...
     Trying multiple base rotations to find best arm configuration...
     Target tray direction: 174° from robot
       Attempt 1: base=88°, margin=-0.060 rad [BAD]
       Attempt 2: base=90°, margin=-0.073 rad [BAD]
       Attempt 3: base=85°, margin=-0.025 rad [BAD]
       Attempt 4: base=90°, margin=-0.070 rad [BAD]
       Attempt 5: base=89°, margin=-0.070 rad [BAD]
       Attempt 6: base=87°, margin=-0.042 rad [BAD]
     Using configuration #3: base at 85°, margin=-0.025 rad
     End effector to above_target: 4.3mm
     Vial XY distance to target: 11.3mm
     Vial height: 1.106m (should be >0.9m)
  Self-calibrating vial position...
     Measured offset: [8.6, 3.7]mm
  Descending to slot...
     Original target: [-0.391, 0.041, 0.824]
     Adjusted target: [-0.400, 0.037, 0.824]
     Compensation: [-8.6, -3.7]mm
     🔧 Correcting vial orientation (tilt: 50.2°)
     End effector to target: 4.8mm
     WARNING: Joints near limits at descend:
       Joint 7: 2.928 rad (limits: [-2.897, 2.897], margin: -0.031 rad)
  Releasing...
  Opening gripper...
     Vial settled vertically (tilt: 1.4°)
  Retreating...
  SUCCESS! MEDIUM vial placed!

  Recomputing isolation scores (vial removed from scene)...
     After successful placement:
       #1: Vial 22 (LARGE) - Score: 51.0
       #2: Vial 19 (MEDIUM) - Score: 49.6
       #3: Vial 24 (LARGE) - Score: 32.0 (skipped x2)
  Analyzing optimal grasp configuration...
    Tilt: 81.9 degrees
    Grasp type: Top-down (simple)
    Grasp height: 50% up vial
    Approach clearance: 50/100 (min 4.8cm)

============================================================
VIAL 22/30 - LARGE (12mm, 35g) [Isolation Score: 51.0]
============================================================
 Position: [0.590, -0.085, 0.803]
 Axis: [0.93, -0.35, 0.14]
 Isolation: 4.8cm to nearest vial
  Generating 8x3x2 grasp candidates...
   Grasp Candidate Scoring (48 valid):
     #1: Score=0.675 [FC=0.30, Iso=0.51, Geo=0.44, θ=0°]
     #2: Score=0.674 [FC=0.30, Iso=0.51, Geo=0.43, θ=0°]
     #3: Score=0.673 [FC=0.30, Iso=0.51, Geo=0.43, θ=0°]
     #4: Score=0.671 [FC=0.30, Iso=0.51, Geo=0.41, θ=0°]
     #5: Score=0.654 [FC=0.30, Iso=0.51, Geo=0.30, θ=25°]
  Best grasp position: [0.590, -0.085, 0.813]
Grasp: Multi-candidate (score=0.67)
  Grasp orientation: approach=[-0.00, 0.00, -1.00], fingers=[-0.21, 0.98, 0.00]
Target: LARGE tray (0,1) at [-0.312, 0.163, 0.849]
  Approaching...
 Opening gripper WIDE for horizontal vial: 48.0mm...
  Descending to grasp...
 Closing for horizontal vial (tilt=82°, target=24.0mm, force=150N)...
 Initial grip moved vial: 0.0mm
     Vial not gripped (moved=0.0mm, gripper=48.0mm vs expected=48.0mm)
     Resetting robot to home position...
       Grasp attempt 2/3 failed. Gripper didn't grip vial
       Retrying vial 22...
  Analyzing optimal grasp configuration...
    Tilt: 82.5 degrees
    Grasp type: Top-down (simple)
    Grasp height: 50% up vial
    Approach clearance: 50/100 (min 5.8cm)

============================================================
VIAL 22/30 - LARGE (12mm, 35g) [Isolation Score: 83.0]
============================================================
 Position: [0.569, -0.116, 0.802]
 Axis: [0.99, -0.04, 0.13]
 Isolation: 5.8cm to nearest vial
  Generating 8x3x2 grasp candidates...
   Grasp Candidate Scoring (48 valid):
     #1: Score=0.723 [FC=0.30, Iso=0.67, Geo=0.44, θ=0°]
     #2: Score=0.721 [FC=0.30, Iso=0.67, Geo=0.43, θ=0°]
     #3: Score=0.721 [FC=0.30, Iso=0.66, Geo=0.45, θ=0°]
     #4: Score=0.717 [FC=0.30, Iso=0.66, Geo=0.42, θ=0°]
     #5: Score=0.698 [FC=0.30, Iso=0.67, Geo=0.27, θ=25°]
  Best grasp position: [0.569, -0.116, 0.812]
Grasp: Multi-candidate (score=0.72)
  Grasp orientation: approach=[-0.00, -0.00, -1.00], fingers=[-0.54, -0.84, 0.00]
Target: LARGE tray (0,1) at [-0.312, 0.163, 0.849]
  Approaching...
 Opening gripper WIDE for horizontal vial: 48.0mm...
  Descending to grasp...
 Closing for horizontal vial (tilt=83°, target=24.0mm, force=150N)...
 Initial grip moved vial: 0.6mm
  Creating constraint...
     Grasp check: dist to end effector=9.1mm
     End effector: [0.572, -0.119, 0.810]
     Vial pos: [0.569, -0.116, 0.802]
     Creating constraint (position locked, orientation FREE for re-orienting)...
     Vial attached via constraint!
  Lifting and re-orienting to vertical...
     Initial vial tilt: 82.4°
     Lifted 4.2cm, tilt now 82.4° (target: 0°)
     Lifted 24.2cm, tilt now 82.4° (target: 0°)
  Forcing vial to vertical (current tilt: 82.4°)...
     Vial orientation locked to vertical, tilt now: 31.7°
  Moving to LARGE tray...
     Trying multiple base rotations to find best arm configuration...
     Target tray direction: 153° from robot
       Attempt 1: base=43°, margin=-0.071 rad [BAD]
       Attempt 2: base=71°, margin=0.328 rad [GOOD]
     Using configuration #2: base at 71°, margin=0.328 rad
     End effector to above_target: 3.6mm
     Vial XY distance to target: 11.5mm
     Vial height: 1.140m (should be >0.9m)
  Self-calibrating vial position...
     Measured offset: [-10.3, 2.6]mm
  Descending to slot...
     Original target: [-0.312, 0.163, 0.849]
     Adjusted target: [-0.302, 0.160, 0.849]
     Compensation: [10.3, -2.6]mm
     🔧 Correcting vial orientation (tilt: 26.0°)
     End effector to target: 4.1mm
  Releasing...
  Opening gripper...
     Vial settled vertically (tilt: 8.7°)
  Retreating...
  SUCCESS! LARGE vial placed!

  Recomputing isolation scores (vial removed from scene)...
     After successful placement:
       #1: Vial 19 (MEDIUM) - Score: 49.6
       #2: Vial 24 (LARGE) - Score: 32.0 (skipped x2)
       #3: Vial 30 (LARGE) - Score: 29.0
  Analyzing optimal grasp configuration...
    Tilt: 90.0 degrees
    Grasp type: Top-down (simple)
    Grasp height: 50% up vial
    Approach clearance: 50/100 (min 5.1cm)

============================================================
VIAL 19/30 - MEDIUM (10mm, 25g) [Isolation Score: 49.6]
============================================================
 Position: [0.594, 0.138, 0.790]
 Axis: [0.56, -0.83, 0.00]
 Isolation: 5.1cm to nearest vial
  Generating 8x3x2 grasp candidates...
   Grasp Candidate Scoring (36 valid):
     #1: Score=0.741 [FC=0.30, Iso=0.50, Geo=0.90, θ=25°]
     #2: Score=0.740 [FC=0.30, Iso=0.50, Geo=0.90, θ=25°]
     #3: Score=0.711 [FC=0.30, Iso=0.50, Geo=0.71, θ=0°]
     #4: Score=0.709 [FC=0.30, Iso=0.50, Geo=0.69, θ=0°]
     #5: Score=0.708 [FC=0.30, Iso=0.50, Geo=0.68, θ=0°]
  Best grasp position: [0.594, 0.138, 0.790]
Grasp: Multi-candidate (score=0.74)
  Grasp orientation: approach=[0.42, -0.07, -0.91], fingers=[0.90, -0.14, 0.42]
Target: MEDIUM tray (1,1) at [-0.309, 0.041, 0.824]
  Approaching...
 Opening gripper WIDE for horizontal vial: 40.0mm...
  Descending to grasp...
 Closing for horizontal vial (tilt=90°, target=20.0mm, force=150N)...
 Initial grip moved vial: 37.9mm
  Creating constraint...
     Grasp check: dist to end effector=32.8mm
     End effector: [0.603, 0.142, 0.803]
     Vial pos: [0.632, 0.134, 0.790]
     Creating constraint (position locked, orientation FREE for re-orienting)...
     Vial attached via constraint!
  Lifting and re-orienting to vertical...
     Initial vial tilt: 11.6°