pybullet build time: Sep 14 2025 19:12:22
libGL: Can't open configuration file /etc/drirc: No such file or directory.
libGL: Can't open configuration file /home/gwen/.drirc: No such file or directory.
libGL: using driver amdgpu for 4
libGL: Can't open configuration file /etc/drirc: No such file or directory.
libGL: Can't open configuration file /home/gwen/.drirc: No such file or directory.
libGL: pci id for fd 4: 1002:1900, driver radeonsi
libGL: MESA-LOADER: dlopen(/usr/lib/x86_64-linux-gnu/dri/radeonsi_dri.so)
libGL: Can't open configuration file /etc/drirc: No such file or directory.
libGL: Can't open configuration file /home/gwen/.drirc: No such file or directory.
libGL: Can't open configuration file /etc/drirc: No such file or directory.
libGL: Can't open configuration file /home/gwen/.drirc: No such file or directory.
libGL: Can't open configuration file /etc/drirc: No such file or directory.
libGL: Can't open configuration file /home/gwen/.drirc: No such file or directory.
/usr/share/libdrm/amdgpu.ids version: 1.0.0
libGL: Using DRI3 for screen 0
Random seed: 1936332156
Using MULTI-CANDIDATE grasp system
======================================================================
COMPLETE VIAL SINGULATION SYSTEM - Simple Algorithm
======================================================================
MODE: RANDOM SCENE (30 random vials)

 BOX: 50cm x 50cm x 12cm
   Bottom: 2.0cm thick

VIALS:
   SMALL: 4x, r=8mm, h=35mm, m=18g
   MEDIUM: 4x, r=10mm, h=45mm, m=25g
   LARGE: 4x, r=12mm, h=55mm, m=35g

TRAYS: 3 trays with matching hole sizes
   SMALL: 6.5cm slots, wall height=3.5cm
   MEDIUM: 7.0cm slots, wall height=3.5cm
   LARGE: 4.5cm slots, wall height=5.5cm

[1/5] Creating environment...
[2/5] Creating table...
[3/5] Creating box...
[4/5] Creating trays...
[5/5] Creating 30 vials (Full Box Mixed - Random)...
  Using real tube model from: /home/gwen/mengine/demo/assets/tube.urdf
   First random number: 0.306232 (should be different each run)
   Created 30 vials
   Using REAL tube model for large vials
[6/7] Creating robot...
⚡ Enabling REAL-TIME simulation mode...
   Time step: 4.17ms (240 Hz)
[7/7] Settling physics...
   Waiting 3 seconds for physics to settle...

 Scene ready!

[Verifying tray reachability...]
   SMALL tray:
     Slot (0,0): 45.6cm - REACHABLE but tight (margin: 0.073 rad)
     Slot (0,1): 39.2cm - OK
     Slot (1,0): 42.1cm - OK
     Slot (1,1): 35.1cm - OK
   MEDIUM tray:
     Slot (0,0): 39.3cm - OK
     Slot (0,1): 31.2cm - OK
     Slot (1,0): 39.3cm - OK
     Slot (1,1): 31.2cm - OK
   LARGE tray:
     Slot (0,0): 42.0cm - OK
     Slot (0,1): 35.2cm - OK
     Slot (1,0): 45.4cm - OK
     Slot (1,1): 39.3cm - OK

   Distance range: 31.2cm (closest) to 45.6cm (farthest)
   Optimal range for Panda: 25-45cm
   All tray slots verified reachable!
   Resetting robot to home position...

======================================================================
STARTING INTELLIGENT SINGULATION
======================================================================

 Strategy:
   1. Detect vial size and position (CV simulation)
   2. Open gripper to appropriate width
   3. Approach and grasp gently
   4. Create constraint for secure transport
   5. Place in matching tray


Computing initial isolation scores...
     Top 5 most isolated vials:
       #1: Vial 7 (SMALL) - Score: 100.0
       #2: Vial 22 (LARGE) - Score: 90.0
       #3: Vial 1 (SMALL) - Score: 83.3
       #4: Vial 14 (MEDIUM) - Score: 79.0
       #5: Vial 21 (LARGE) - Score: 79.0
Visualizing isolation scores above each vial...
  Analyzing optimal grasp configuration...
    Tilt: 40.0 degrees
    Grasp type: Top-down (simple)
    Grasp height: 50% up vial
    Approach clearance: 100/100 (min 10.0cm)

============================================================
VIAL 7/30 - SMALL (8mm, 18g) [Isolation Score: 100.0]
============================================================
 Position: [0.398, -0.046, 0.798]
 Axis: [0.23, 0.60, 0.77]
 Isolation: 10.0cm to nearest vial
  Generating 8x3x2 grasp candidates...
   Grasp Candidate Scoring (48 valid):
     #1: Score=0.893 [FC=0.30, Iso=0.93, Geo=1.04, θ=0°]
     #2: Score=0.887 [FC=0.30, Iso=0.93, Geo=1.00, θ=0°]
     #3: Score=0.881 [FC=0.30, Iso=0.90, Geo=1.01, θ=0°]
     #4: Score=0.879 [FC=0.30, Iso=0.90, Geo=1.00, θ=0°]
     #5: Score=0.873 [FC=0.30, Iso=0.87, Geo=1.04, θ=0°]
  Best grasp position: [0.398, -0.046, 0.798]
Grasp: Multi-candidate (score=0.89)
  Grasp orientation: approach=[-0.00, 0.00, -1.00], fingers=[-1.00, 0.05, 0.00]
Target: SMALL tray (0,0) at [-0.388, -0.239, 0.819]
  Approaching...
 Opening gripper to 24.0mm...
  Descending to grasp...
 Closing to grip (target: 7.2mm, force=100N)...
 Initial grip moved vial: 4.0mm
  Creating constraint...
     Grasp check: dist to end effector=1.4mm
     End effector: [0.394, -0.045, 0.798]
     Vial pos: [0.395, -0.044, 0.797]
     Creating constraint (position locked, orientation FREE for re-orienting)...
     Vial attached via constraint!
  Lifting and re-orienting to vertical...
     Initial vial tilt: 25.4°
     Lifted 5.5cm, tilt now 25.3° (target: 0°)
     Lifted 24.9cm, tilt now 25.3° (target: 0°)
  Forcing vial to vertical (current tilt: 25.3°)...
     Vial orientation locked to vertical, tilt now: 82.2°
  Moving to SMALL tray...
     Trying multiple base rotations to find best arm configuration...
     Target tray direction: -148° from robot
       Attempt 1: base=-90°, margin=0.786 rad [GOOD]
     Using configuration #1: base at -90°, margin=0.786 rad
     End effector to above_target: 2.5mm
     Vial XY distance to target: 4.2mm
     Vial height: 1.120m (should be >0.9m)
  Self-calibrating vial position...
     Measured offset: [0.5, -2.5]mm
  Descending to slot...
     Original target: [-0.388, -0.239, 0.819]
     Adjusted target: [-0.389, -0.236, 0.819]
     Compensation: [-0.5, 2.5]mm
     🔧 Correcting vial orientation (tilt: 79.8°)
     End effector to target: 5.1mm
  Releasing...
  Opening gripper...
     Vial settled vertically (tilt: 11.3°)
  Retreating...
  SUCCESS! SMALL vial placed!

  Recomputing isolation scores (vial removed from scene)...
     After successful placement:
       #1: Vial 24 (LARGE) - Score: 94.0
       #2: Vial 1 (SMALL) - Score: 91.0
       #3: Vial 2 (SMALL) - Score: 86.0
  Analyzing optimal grasp configuration...
    Tilt: 103.2 degrees
    Grasp type: Top-down (simple)
    Grasp height: 50% up vial
    Approach clearance: 80/100 (min 6.7cm)

============================================================
VIAL 24/30 - LARGE (12mm, 35g) [Isolation Score: 94.0]
============================================================
 Position: [0.399, 0.096, 0.809]
 Axis: [-0.48, 0.84, -0.23]
 Isolation: 6.7cm to nearest vial
  Generating 8x3x2 grasp candidates...
   Grasp Candidate Scoring (48 valid):
     #1: Score=0.775 [FC=0.30, Iso=0.86, Geo=0.40, θ=0°]
     #2: Score=0.775 [FC=0.30, Iso=0.86, Geo=0.40, θ=0°]
     #3: Score=0.760 [FC=0.30, Iso=0.80, Geo=0.44, θ=0°]
     #4: Score=0.759 [FC=0.30, Iso=0.86, Geo=0.29, θ=25°]
     #5: Score=0.756 [FC=0.30, Iso=0.80, Geo=0.41, θ=0°]
  Best grasp position: [0.399, 0.096, 0.819]
Grasp: Multi-candidate (score=0.77)
  Grasp orientation: approach=[0.00, -0.00, -1.00], fingers=[0.44, -0.90, 0.00]
Target: LARGE tray (0,0) at [-0.387, 0.163, 0.849]
  Approaching...
 Opening gripper WIDE for horizontal vial: 48.0mm...
  Descending to grasp...
 Closing for horizontal vial (tilt=77°, target=24.0mm, force=150N)...
 Initial grip moved vial: 16.2mm
  Creating constraint...
     Grasp check: dist to end effector=31.7mm
     End effector: [0.400, 0.097, 0.824]
     Vial pos: [0.396, 0.092, 0.793]
     Creating constraint (position locked, orientation FREE for re-orienting)...
     Vial attached via constraint!
  Lifting and re-orienting to vertical...
     Initial vial tilt: 55.0°
     Lifted 1.8cm, tilt now 64.9° (target: 0°)
     Lifted 21.9cm, tilt now 27.2° (target: 0°)
  Forcing vial to vertical (current tilt: 27.2°)...
     Vial orientation locked to vertical, tilt now: 16.9°
  Moving to LARGE tray...
     Trying multiple base rotations to find best arm configuration...
     Target tray direction: 157° from robot
       Attempt 1: base=58°, margin=0.295 rad [GOOD]
     Using configuration #1: base at 58°, margin=0.295 rad
     End effector to above_target: 6.9mm
     Vial XY distance to target: 12.3mm
     Vial height: 1.124m (should be >0.9m)
  Self-calibrating vial position...
     Measured offset: [-14.1, -3.1]mm
  Descending to slot...
     Original target: [-0.387, 0.163, 0.849]
     Adjusted target: [-0.373, 0.166, 0.849]
     Compensation: [14.1, 3.1]mm
     🔧 Correcting vial orientation (tilt: 19.4°)
     🔧 Correcting vial orientation (tilt: 25.0°)
     End effector to target: 2.5mm
     WARNING: Joints near limits at descend:
       Joint 7: 2.967 rad (limits: [-2.897, 2.897], margin: -0.070 rad)
  Releasing...
  Opening gripper...
     Vial settled vertically (tilt: 8.5°)
  Retreating...
  SUCCESS! LARGE vial placed!

  Recomputing isolation scores (vial removed from scene)...
     After successful placement:
       #1: Vial 1 (SMALL) - Score: 95.2
       #2: Vial 2 (SMALL) - Score: 86.0
       #3: Vial 14 (MEDIUM) - Score: 84.0
  Analyzing optimal grasp configuration...
    Tilt: 8.0 degrees
    Grasp type: Top-down (simple)
    Grasp height: 75% up vial
    Approach clearance: 80/100 (min 7.6cm)

============================================================
VIAL 1/30 - SMALL (8mm, 18g) [Isolation Score: 95.2]
============================================================
 Position: [0.348, -0.133, 0.798]
 Axis: [0.13, -0.05, 0.99]
 Isolation: 7.6cm to nearest vial
  Generating 8x3x2 grasp candidates...
   Grasp Candidate Scoring (45 valid):
     #1: Score=0.884 [FC=0.30, Iso=0.90, Geo=1.05, θ=0°]
     #2: Score=0.880 [FC=0.30, Iso=0.90, Geo=1.02, θ=0°]
     #3: Score=0.862 [FC=0.30, Iso=0.83, Geo=1.04, θ=0°]
     #4: Score=0.862 [FC=0.30, Iso=0.83, Geo=1.04, θ=0°]
     #5: Score=0.857 [FC=0.30, Iso=0.90, Geo=0.87, θ=25°]
  Best grasp position: [0.348, -0.133, 0.798]
Grasp: Multi-candidate (score=0.88)
  Grasp orientation: approach=[-0.00, -0.00, -1.00], fingers=[-0.71, -0.71, 0.00]
Target: SMALL tray (0,1) at [-0.311, -0.239, 0.819]
  Approaching...
 Opening gripper to 24.0mm...
  Descending to grasp...
 Closing to grip (target: 7.2mm, force=100N)...
 Initial grip moved vial: 9.5mm
  Creating constraint...
     Grasp check: dist to end effector=6.1mm
     End effector: [0.348, -0.139, 0.791]
     Vial pos: [0.350, -0.141, 0.796]
     Creating constraint (position locked, orientation FREE for re-orienting)...
     Vial attached via constraint!
  Lifting and re-orienting to vertical...
     Initial vial tilt: 2.0°
     Lifted 5.2cm, tilt now 11.1° (target: 0°)
     Lifted 24.9cm, tilt now 25.1° (target: 0°)
  Forcing vial to vertical (current tilt: 25.1°)...
     Vial orientation locked to vertical, tilt now: 74.6°
  Moving to SMALL tray...
     Trying multiple base rotations to find best arm configuration...
     Target tray direction: -143° from robot
       Attempt 1: base=-61°, margin=0.519 rad [GOOD]
     Using configuration #1: base at -61°, margin=0.519 rad
     End effector to above_target: 2.2mm
     Vial XY distance to target: 2.4mm
     Vial height: 1.122m (should be >0.9m)
  Self-calibrating vial position...
     Measured offset: [1.8, 4.2]mm
  Descending to slot...
     Original target: [-0.311, -0.239, 0.819]
     Adjusted target: [-0.313, -0.243, 0.819]
     Compensation: [-1.8, -4.2]mm
     🔧 Correcting vial orientation (tilt: 65.9°)
     🔧 Correcting vial orientation (tilt: 21.6°)
     🔧 Correcting vial orientation (tilt: 19.9°)
     🔧 Final correction (tilt: 15.7°)
     End effector to target: 1.0mm
  Releasing...
  Opening gripper...
     Vial settled vertically (tilt: 2.7°)
  Retreating...
  SUCCESS! SMALL vial placed!

  Recomputing isolation scores (vial removed from scene)...
     After successful placement:
       #1: Vial 2 (SMALL) - Score: 86.0
       #2: Vial 14 (MEDIUM) - Score: 84.0
       #3: Vial 21 (LARGE) - Score: 78.0
  Analyzing optimal grasp configuration...
    Tilt: 54.0 degrees
    Grasp type: Top-down (simple)
    Grasp height: 50% up vial
    Approach clearance: 50/100 (min 4.8cm)

============================================================
VIAL 2/30 - SMALL (8mm, 18g) [Isolation Score: 86.0]
============================================================
 Position: [0.328, 0.050, 0.796]
 Axis: [-0.25, 0.77, 0.59]
 Isolation: 4.8cm to nearest vial
  Generating 8x3x2 grasp candidates...
   Grasp Candidate Scoring (48 valid):
     #1: Score=0.839 [FC=0.30, Iso=0.76, Geo=1.02, θ=0°]
     #2: Score=0.838 [FC=0.30, Iso=0.76, Geo=1.02, θ=0°]
     #3: Score=0.820 [FC=0.30, Iso=0.76, Geo=0.90, θ=25°]
     #4: Score=0.820 [FC=0.30, Iso=0.76, Geo=0.90, θ=25°]
     #5: Score=0.816 [FC=0.30, Iso=0.67, Geo=1.05, θ=0°]
  Best grasp position: [0.328, 0.050, 0.796]
Grasp: Multi-candidate (score=0.84)
  Grasp orientation: approach=[-0.00, 0.00, -1.00], fingers=[-0.12, 0.99, 0.00]
Target: SMALL tray (1,0) at [-0.388, -0.162, 0.819]
  Approaching...
 Opening gripper to 24.0mm...
  Descending to grasp...
 Closing to grip (target: 7.2mm, force=100N)...
 Initial grip moved vial: 0.1mm
  Creating constraint...
     Grasp check: dist to end effector=462.4mm
     End effector: [0.338, 0.056, 1.259]
     Vial pos: [0.328, 0.050, 0.796]
     Vial too far (462mm > 100mm) - NO constraint
     Constraint failed, using friction only
  Lifting and re-orienting to vertical...
     Initial vial tilt: 54.2°
     Lifted -0.0cm, tilt now 54.2° (target: 0°)
     Vial not lifting! (only -0.0cm at step 1)
     Lift failed:
       #1: Vial 14 (MEDIUM) - Score: 84.0
       #2: Vial 21 (LARGE) - Score: 78.0
       #3: Vial 2 (SMALL) - Score: 76.0 (skipped x1)
  Analyzing optimal grasp configuration...
    Tilt: 5.5 degrees
    Grasp type: Top-down (simple)
    Grasp height: 75% up vial
    Approach clearance: 20/100 (min 2.6cm)

============================================================
VIAL 14/30 - MEDIUM (10mm, 25g) [Isolation Score: 84.0]
============================================================
 Position: [0.533, 0.052, 0.803]
 Axis: [0.10, 0.01, 1.00]
 Isolation: 2.5cm to nearest vial
  Vial too close to neighbors (1 within 4cm)
  Attempting singulation push...
     Push trajectory: 13.0cm
     Start: [0.522, 0.075]
     End:   [0.580, -0.041]
  Waiting for physics to settle...
     Nearest vial moved: 9.7cm
     Target vial moved: 3.0cm
  Recomputing isolation scores after push...
     After push:
       #1: Vial 14 (MEDIUM) - Score: 96.0
       #2: Vial 21 (LARGE) - Score: 78.0
       #3: Vial 2 (SMALL) - Score: 76.0 (skipped x1)
 After push: 5.3cm to nearest
  Generating 8x3x2 grasp candidates...
   Grasp Candidate Scoring (48 valid):
     #1: Score=0.847 [FC=0.30, Iso=0.78, Geo=1.04, θ=0°]
     #2: Score=0.845 [FC=0.30, Iso=0.78, Geo=1.02, θ=0°]
     #3: Score=0.828 [FC=0.30, Iso=0.78, Geo=0.91, θ=25°]
     #4: Score=0.823 [FC=0.30, Iso=0.78, Geo=0.87, θ=25°]
     #5: Score=0.813 [FC=0.30, Iso=0.69, Geo=1.00, θ=0°]
  Best grasp position: [0.563, 0.050, 0.804]
Grasp: Multi-candidate (score=0.85)
  Grasp orientation: approach=[0.00, 0.00, -1.00], fingers=[1.00, 0.02, 0.00]
Target: MEDIUM tray (0,0) at [-0.391, -0.041, 0.824]
  Approaching...
 Opening gripper to 30.0mm...
  Descending to grasp...
 Closing to grip (target: 9.0mm, force=100N)...
 Initial grip moved vial: 7.1mm
  Creating constraint...
     Grasp check: dist to end effector=5.8mm
     End effector: [0.565, 0.053, 0.808]
     Vial pos: [0.566, 0.056, 0.804]
     Creating constraint (position locked, orientation FREE for re-orienting)...
     Vial attached via constraint!
  Lifting and re-orienting to vertical...
     Initial vial tilt: 52.6°
     Lifted 5.1cm, tilt now 49.9° (target: 0°)
     Lifted 24.6cm, tilt now 50.8° (target: 0°)
  Forcing vial to vertical (current tilt: 50.8°)...
     Vial orientation locked to vertical, tilt now: 62.8°
  Moving to MEDIUM tray...
     Trying multiple base rotations to find best arm configuration...
     Target tray direction: -174° from robot
       Attempt 1: base=-112°, margin=0.642 rad [GOOD]
     Using configuration #1: base at -112°, margin=0.642 rad
     End effector to above_target: 2.9mm
     Vial XY distance to target: 2.2mm
     Vial height: 1.119m (should be >0.9m)
  Self-calibrating vial position...
     Measured offset: [0.6, 0.3]mm
  Descending to slot...
     Original target: [-0.391, -0.041, 0.824]
     Adjusted target: [-0.392, -0.041, 0.824]
     Compensation: [-0.6, -0.3]mm
     End effector to target: 2.7mm
  Releasing...
  Opening gripper...
     Vial settled vertically (tilt: 5.7°)
  Retreating...
  SUCCESS! MEDIUM vial placed!

  Recomputing isolation scores (vial removed from scene)...
     After successful placement:
       #1: Vial 17 (MEDIUM) - Score: 80.0
       #2: Vial 21 (LARGE) - Score: 78.0
       #3: Vial 2 (SMALL) - Score: 76.0 (skipped x1)
  Analyzing optimal grasp configuration...
    Tilt: 65.1 degrees
    Grasp type: Top-down (simple)
    Grasp height: 50% up vial
    Approach clearance: 50/100 (min 4.2cm)

============================================================
VIAL 17/30 - MEDIUM (10mm, 25g) [Isolation Score: 80.0]
============================================================
 Position: [0.458, 0.114, 0.798]
 Axis: [-0.55, -0.72, 0.42]
 Isolation: 4.2cm to nearest vial
  Generating 8x3x2 grasp candidates...
   Grasp Candidate Scoring (48 valid):
     #1: Score=0.828 [FC=0.30, Iso=0.72, Geo=1.05, θ=0°]
     #2: Score=0.824 [FC=0.30, Iso=0.72, Geo=1.01, θ=0°]
     #3: Score=0.803 [FC=0.30, Iso=0.72, Geo=0.88, θ=25°]
     #4: Score=0.802 [FC=0.30, Iso=0.72, Geo=0.87, θ=25°]
     #5: Score=0.773 [FC=0.30, Iso=0.72, Geo=0.68, θ=0°]
  Best grasp position: [0.458, 0.114, 0.798]
Grasp: Multi-candidate (score=0.83)
  Grasp orientation: approach=[-0.00, 0.00, -1.00], fingers=[-0.92, 0.39, 0.00]
Target: MEDIUM tray (0,1) at [-0.309, -0.041, 0.824]
  Approaching...
 Opening gripper WIDE for horizontal vial: 40.0mm...
  Descending to grasp...
 Closing for horizontal vial (tilt=65°, target=20.0mm, force=150N)...
 Initial grip moved vial: 0.9mm
  Creating constraint...
     Grasp check: dist to end effector=474.8mm
     End effector: [0.345, 0.093, 1.259]
     Vial pos: [0.457, 0.114, 0.798]
     Vial too far (475mm > 100mm) - NO constraint
     Constraint failed, using friction only
  Lifting and re-orienting to vertical...
     Initial vial tilt: 67.4°
     Lifted -0.0cm, tilt now 67.8° (target: 0°)
     Vial not lifting! (only -0.0cm at step 1)
     Lift failed:
       #1: Vial 21 (LARGE) - Score: 78.0
       #2: Vial 2 (SMALL) - Score: 76.0 (skipped x1)
       #3: Vial 17 (MEDIUM) - Score: 70.0 (skipped x1)
  Analyzing optimal grasp configuration...
    Tilt: 90.0 degrees
    Grasp type: Top-down (simple)
    Grasp height: 50% up vial
    Approach clearance: 80/100 (min 6.8cm)

============================================================
VIAL 21/30 - LARGE (12mm, 35g) [Isolation Score: 78.0]
============================================================
 Position: [0.523, -0.108, 0.793]
 Axis: [0.78, -0.63, -0.00]
 Isolation: 6.9cm to nearest vial
  Generating 8x3x2 grasp candidates...
   Grasp Candidate Scoring (48 valid):
     #1: Score=0.744 [FC=0.30, Iso=0.74, Geo=0.43, θ=0°]
     #2: Score=0.743 [FC=0.30, Iso=0.74, Geo=0.42, θ=0°]
     #3: Score=0.742 [FC=0.30, Iso=0.73, Geo=0.45, θ=0°]
     #4: Score=0.742 [FC=0.30, Iso=0.73, Geo=0.44, θ=0°]
     #5: Score=0.742 [FC=0.30, Iso=0.74, Geo=0.41, θ=0°]
  Best grasp position: [0.523, -0.108, 0.803]
Grasp: Multi-candidate (score=0.74)
  Grasp orientation: approach=[0.00, -0.00, -1.00], fingers=[0.77, -0.64, 0.00]
Target: LARGE tray (0,1) at [-0.312, 0.163, 0.849]
  Approaching...
 Opening gripper WIDE for horizontal vial: 48.0mm...
  Descending to grasp...
 Closing for horizontal vial (tilt=90°, target=24.0mm, force=150N)...
 Initial grip moved vial: 5.1mm
  Creating constraint...
     Grasp check: dist to end effector=21.6mm
     End effector: [0.520, -0.105, 0.810]
     Vial pos: [0.524, -0.105, 0.789]
     Creating constraint (position locked, orientation FREE for re-orienting)...
     Vial attached via constraint!
  Lifting and re-orienting to vertical...
     Initial vial tilt: 79.6°
     Lifted 3.2cm, tilt now 69.7° (target: 0°)
     Lifted 23.5cm, tilt now 84.4° (target: 0°)
  Forcing vial to vertical (current tilt: 84.4°)...
     Vial orientation locked to vertical, tilt now: 57.5°
  Moving to LARGE tray...
     Trying multiple base rotations to find best arm configuration...
     Target tray direction: 153° from robot
       Attempt 1: base=43°, margin=-0.070 rad [BAD]
       Attempt 2: base=60°, margin=0.201 rad [GOOD]
     Using configuration #2: base at 60°, margin=0.201 rad
     End effector to above_target: 6.2mm
     Vial XY distance to target: 5.6mm
     Vial height: 1.128m (should be >0.9m)
  Self-calibrating vial position...
     Measured offset: [-6.8, 2.8]mm
  Descending to slot...
     Original target: [-0.312, 0.163, 0.849]
     Adjusted target: [-0.306, 0.160, 0.849]
     Compensation: [6.8, -2.8]mm
     🔧 Correcting vial orientation (tilt: 27.0°)
     🔧 Correcting vial orientation (tilt: 20.4°)
     End effector to target: 9.8mm
  Releasing...
  Opening gripper...
     Vial settled vertically (tilt: 5.3°)
  Retreating...
  SUCCESS! LARGE vial placed!

  Recomputing isolation scores (vial removed from scene)...
     After successful placement:
       #1: Vial 2 (SMALL) - Score: 76.0 (skipped x1)
       #2: Vial 17 (MEDIUM) - Score: 70.0 (skipped x1)
       #3: Vial 10 (SMALL) - Score: 65.0
  Analyzing optimal grasp configuration...
    Tilt: 56.2 degrees
    Grasp type: Top-down (simple)
    Grasp height: 50% up vial
    Approach clearance: 50/100 (min 4.6cm)

============================================================
VIAL 2/30 - SMALL (8mm, 18g) [Isolation Score: 76.0]
============================================================
 Position: [0.327, 0.050, 0.796]
 Axis: [-0.31, 0.77, 0.56]
 Isolation: 4.6cm to nearest vial
  Generating 8x3x2 grasp candidates...
   Grasp Candidate Scoring (48 valid):
     #1: Score=0.834 [FC=0.30, Iso=0.75, Geo=1.01, θ=0°]
     #2: Score=0.833 [FC=0.30, Iso=0.75, Geo=1.01, θ=0°]
     #3: Score=0.814 [FC=0.30, Iso=0.75, Geo=0.88, θ=25°]
     #4: Score=0.812 [FC=0.30, Iso=0.75, Geo=0.86, θ=25°]
     #5: Score=0.810 [FC=0.30, Iso=0.65, Geo=1.04, θ=0°]
  Best grasp position: [0.327, 0.050, 0.796]
Grasp: Multi-candidate (score=0.83)
  Grasp orientation: approach=[-0.00, 0.00, -1.00], fingers=[-0.12, 0.99, 0.00]
Target: SMALL tray (1,0) at [-0.388, -0.162, 0.819]
  Approaching...
 Opening gripper to 24.0mm...
  Descending to grasp...
 Closing to grip (target: 7.2mm, force=100N)...
 Initial grip moved vial: 15.9mm
  Creating constraint...
     Grasp check: dist to end effector=18.5mm
     End effector: [0.329, 0.045, 0.795]
     Vial pos: [0.314, 0.048, 0.805]
     Creating constraint (position locked, orientation FREE for re-orienting)...
     Vial attached via constraint!
  Lifting and re-orienting to vertical...
     Initial vial tilt: 89.5°
     Lifted 4.6cm, tilt now 68.4° (target: 0°)
     Lifted 26.2cm, tilt now 70.8° (target: 0°)
  Forcing vial to vertical (current tilt: 70.8°)...
     Vial orientation locked to vertical, tilt now: 3.9°
  Moving to SMALL tray...
     Trying multiple base rotations to find best arm configuration...
     Target tray direction: -157° from robot
       Attempt 1: base=-67°, margin=0.433 rad [GOOD]
     Using configuration #1: base at -67°, margin=0.433 rad
     End effector to above_target: 4.8mm
     Vial XY distance to target: 16.3mm
     Vial height: 1.129m (should be >0.9m)
  Self-calibrating vial position...
     Measured offset: [-15.7, 1.6]mm
  Descending to slot...
     Original target: [-0.388, -0.162, 0.819]
     Adjusted target: [-0.373, -0.163, 0.819]
     Compensation: [15.7, -1.6]mm
     End effector to target: 4.5mm
  Releasing...
  Opening gripper...
     Vial settled vertically (tilt: 0.4°)
  Retreating...
  SUCCESS! SMALL vial placed!

  Recomputing isolation scores (vial removed from scene)...
     After successful placement:
       #1: Vial 17 (MEDIUM) - Score: 70.0 (skipped x1)
       #2: Vial 10 (SMALL) - Score: 65.0
       #3: Vial 22 (LARGE) - Score: 59.5
  Analyzing optimal grasp configuration...
    Tilt: 87.3 degrees
    Grasp type: Top-down (simple)
    Grasp height: 50% up vial
    Approach clearance: 50/100 (min 4.9cm)

============================================================
VIAL 17/30 - MEDIUM (10mm, 25g) [Isolation Score: 70.0]
============================================================
 Position: [0.452, 0.110, 0.791]
 Axis: [-0.65, -0.76, 0.05]
 Isolation: 4.9cm to nearest vial
  Generating 8x3x2 grasp candidates...
   Grasp Candidate Scoring (48 valid):
     #1: Score=0.838 [FC=0.30, Iso=0.77, Geo=1.01, θ=0°]
     #2: Score=0.837 [FC=0.30, Iso=0.77, Geo=1.00, θ=0°]
     #3: Score=0.819 [FC=0.30, Iso=0.77, Geo=0.88, θ=25°]
     #4: Score=0.818 [FC=0.30, Iso=0.77, Geo=0.88, θ=25°]
     #5: Score=0.818 [FC=0.30, Iso=0.68, Geo=1.03, θ=0°]
  Best grasp position: [0.452, 0.110, 0.791]
Grasp: Multi-candidate (score=0.84)
  Grasp orientation: approach=[-0.00, 0.00, -1.00], fingers=[-0.92, 0.39, 0.00]
Target: MEDIUM tray (0,1) at [-0.309, -0.041, 0.824]
  Approaching...
 Opening gripper WIDE for horizontal vial: 40.0mm...
  Descending to grasp...
 Closing for horizontal vial (tilt=87°, target=20.0mm, force=150N)...
 Initial grip moved vial: 1.2mm
  Creating constraint...
     Grasp check: dist to end effector=480.8mm
     End effector: [0.345, 0.087, 1.258]
     Vial pos: [0.451, 0.109, 0.790]
     Vial too far (481mm > 100mm) - NO constraint
     Constraint failed, using friction only
  Lifting and re-orienting to vertical...
     Initial vial tilt: 90.0°
     Lifted 0.0cm, tilt now 90.0° (target: 0°)
     Vial not lifting! (only 0.0cm at step 1)
     Lift failed:
       #1: Vial 17 (MEDIUM) - Score: 62.0 (skipped x2)
       #2: Vial 10 (SMALL) - Score: 60.0
       #3: Vial 22 (LARGE) - Score: 59.5
  Analyzing optimal grasp configuration...
    Tilt: 90.0 degrees
    Grasp type: Top-down (simple)
    Grasp height: 50% up vial
    Approach clearance: 50/100 (min 5.0cm)

============================================================
VIAL 17/30 - MEDIUM (10mm, 25g) [Isolation Score: 62.0]
============================================================
 Position: [0.451, 0.109, 0.790]
 Axis: [-0.65, -0.76, -0.00]
 Isolation: 5.0cm to nearest vial
  Generating 8x3x2 grasp candidates...
   Grasp Candidate Scoring (48 valid):
     #1: Score=0.843 [FC=0.30, Iso=0.77, Geo=1.03, θ=0°]
     #2: Score=0.838 [FC=0.30, Iso=0.77, Geo=1.00, θ=0°]
     #3: Score=0.823 [FC=0.30, Iso=0.77, Geo=0.90, θ=25°]
     #4: Score=0.820 [FC=0.30, Iso=0.77, Geo=0.88, θ=25°]
     #5: Score=0.818 [FC=0.30, Iso=0.69, Geo=1.03, θ=0°]
  Best grasp position: [0.451, 0.109, 0.790]
Grasp: Multi-candidate (score=0.84)
  Grasp orientation: approach=[0.00, -0.00, -1.00], fingers=[0.92, -0.39, 0.00]
Target: MEDIUM tray (0,1) at [-0.309, -0.041, 0.824]
  Approaching...
 Opening gripper WIDE for horizontal vial: 40.0mm...
  Descending to grasp...
 Closing for horizontal vial (tilt=90°, target=20.0mm, force=150N)...
 Initial grip moved vial: 0.0mm
     Vial not gripped (moved=0.0mm, gripper=42.7mm vs expected=40.0mm)
     Resetting robot to home position...
       Grasp attempt 1/3 failed. Gripper didn't grip vial
       Retrying vial 17...
  Analyzing optimal grasp configuration...
    Tilt: 92.7 degrees
    Grasp type: Top-down (simple)
    Grasp height: 50% up vial
    Approach clearance: 50/100 (min 5.1cm)

============================================================
VIAL 17/30 - MEDIUM (10mm, 25g) [Isolation Score: 70.0]
============================================================
 Position: [0.449, 0.109, 0.791]
 Axis: [-0.57, -0.82, -0.05]
 Isolation: 5.1cm to nearest vial
  Generating 8x3x2 grasp candidates...
   Grasp Candidate Scoring (48 valid):
     #1: Score=0.845 [FC=0.30, Iso=0.78, Geo=1.04, θ=0°]
     #2: Score=0.841 [FC=0.30, Iso=0.78, Geo=1.01, θ=0°]
     #3: Score=0.825 [FC=0.30, Iso=0.71, Geo=1.03, θ=0°]
     #4: Score=0.821 [FC=0.30, Iso=0.71, Geo=1.01, θ=0°]
     #5: Score=0.821 [FC=0.30, Iso=0.78, Geo=0.87, θ=25°]
  Best grasp position: [0.449, 0.109, 0.791]
Grasp: Multi-candidate (score=0.84)
  Grasp orientation: approach=[0.00, -0.00, -1.00], fingers=[0.92, -0.39, 0.00]
Target: MEDIUM tray (0,1) at [-0.309, -0.041, 0.824]
  Approaching...
 Opening gripper WIDE for horizontal vial: 40.0mm...
  Descending to grasp...
 Closing for horizontal vial (tilt=87°, target=20.0mm, force=150N)...
 Initial grip moved vial: 1.0mm
  Creating constraint...
     Grasp check: dist to end effector=4.0mm
     End effector: [0.449, 0.107, 0.793]
     Vial pos: [0.449, 0.110, 0.790]
     Creating constraint (position locked, orientation FREE for re-orienting)...
     Vial attached via constraint!
  Lifting and re-orienting to vertical...
     Initial vial tilt: 89.6°
     Lifted 3.9cm, tilt now 87.7° (target: 0°)
     Lifted 24.9cm, tilt now 88.3° (target: 0°)
  Forcing vial to vertical (current tilt: 88.3°)...
     Vial orientation locked to vertical, tilt now: 0.0°
  Moving to MEDIUM tray...
     Trying multiple base rotations to find best arm configuration...
     Target tray direction: -172° from robot
       Attempt 1: base=5°, margin=-0.111 rad [BAD]
       Attempt 2: base=-65°, margin=-0.076 rad [BAD]
       Attempt 3: base=-73°, margin=-0.070 rad [BAD]
       Attempt 4: base=-83°, margin=0.094 rad [RISKY]
       Attempt 5: base=-93°, margin=0.278 rad [GOOD]
     Using configuration #5: base at -93°, margin=0.278 rad
     End effector to above_target: 3.1mm
     Vial XY distance to target: 1.3mm
     Vial height: 1.124m (should be >0.9m)
  Self-calibrating vial position...
     Measured offset: [-0.1, 2.5]mm
  Descending to slot...
     Original target: [-0.309, -0.041, 0.824]
     Adjusted target: [-0.309, -0.043, 0.824]
     Compensation: [0.1, -2.5]mm
     🔧 Correcting vial orientation (tilt: 15.3°)
     End effector to target: 3.2mm
     WARNING: Joints near limits at descend:
       Joint 4: -2.925 rad (limits: [-3.072, -0.070], margin: 0.147 rad)
  Releasing...
  Opening gripper...
     Vial settled vertically (tilt: 0.1°)
  Retreating...
  SUCCESS! MEDIUM vial placed!

  Recomputing isolation scores (vial removed from scene)...
     After successful placement:
       #1: Vial 10 (SMALL) - Score: 65.0
       #2: Vial 6 (SMALL) - Score: 60.2
       #3: Vial 22 (LARGE) - Score: 59.5
  Analyzing optimal grasp configuration...
    Tilt: 90.0 degrees
    Grasp type: Top-down (simple)
    Grasp height: 50% up vial
    Approach clearance: 20/100 (min 3.9cm)

============================================================
VIAL 10/30 - SMALL (8mm, 18g) [Isolation Score: 65.0]
============================================================
 Position: [0.566, 0.101, 0.788]
 Axis: [0.55, -0.84, 0.00]
 Isolation: 3.9cm to nearest vial
  Vial too close to neighbors (1 within 4cm)
  Attempting singulation push...
     ⚠️  Vial too close to edge for push (space: X=12cm, Y=11cm)
 Cannot calculate push trajectory, skipping...
     Cannot push:
       #1: Vial 6 (SMALL) - Score: 60.2
       #2: Vial 22 (LARGE) - Score: 59.5
       #3: Vial 10 (SMALL) - Score: 55.0 (skipped x1)
  Analyzing optimal grasp configuration...
    Tilt: 31.9 degrees
    Grasp type: Top-down (simple)
    Grasp height: 50% up vial
    Approach clearance: 80/100 (min 7.6cm)

============================================================
VIAL 6/30 - SMALL (8mm, 18g) [Isolation Score: 60.2]
============================================================
 Position: [0.476, 0.152, 0.799]
 Axis: [-0.52, 0.08, 0.85]
 Isolation: 7.9cm to nearest vial
  Generating 8x3x2 grasp candidates...
   Grasp Candidate Scoring (39 valid):
     #1: Score=0.796 [FC=0.30, Iso=0.60, Geo=1.05, θ=0°]
     #2: Score=0.794 [FC=0.30, Iso=0.60, Geo=1.04, θ=0°]
     #3: Score=0.794 [FC=0.30, Iso=0.60, Geo=1.04, θ=0°]
     #4: Score=0.793 [FC=0.30, Iso=0.60, Geo=1.03, θ=0°]
     #5: Score=0.793 [FC=0.30, Iso=0.60, Geo=1.03, θ=0°]
  Best grasp position: [0.476, 0.152, 0.799]
Grasp: Multi-candidate (score=0.80)
  Grasp orientation: approach=[-0.00, -0.00, -1.00], fingers=[-0.82, -0.57, 0.00]
Target: SMALL tray (1,1) at [-0.311, -0.162, 0.819]
  Approaching...
 Opening gripper to 24.0mm...
  Descending to grasp...
 Closing to grip (target: 7.2mm, force=100N)...
 Initial grip moved vial: 3.2mm
  Creating constraint...
     Grasp check: dist to end effector=4.3mm
     End effector: [0.475, 0.149, 0.803]
     Vial pos: [0.475, 0.149, 0.799]
     Creating constraint (position locked, orientation FREE for re-orienting)...
     Vial attached via constraint!
  Lifting and re-orienting to vertical...
     Initial vial tilt: 35.3°
     Lifted 4.8cm, tilt now 40.9° (target: 0°)
     Lifted 24.6cm, tilt now 41.8° (target: 0°)
  Forcing vial to vertical (current tilt: 41.8°)...
     Vial orientation locked to vertical, tilt now: 53.8°
  Moving to SMALL tray...
     Trying multiple base rotations to find best arm configuration...
     Target tray direction: -153° from robot
       Attempt 1: base=-113°, margin=0.495 rad [GOOD]
     Using configuration #1: base at -113°, margin=0.495 rad
     End effector to above_target: 2.9mm
     Vial XY distance to target: 3.2mm
     Vial height: 1.112m (should be >0.9m)
  Self-calibrating vial position...
     Measured offset: [-0.9, 0.4]mm
  Descending to slot...
     Original target: [-0.311, -0.162, 0.819]
     Adjusted target: [-0.311, -0.162, 0.819]
     Compensation: [0.9, -0.4]mm
     🔧 Correcting vial orientation (tilt: 46.0°)
     🔧 Correcting vial orientation (tilt: 45.3°)
     🔧 Correcting vial orientation (tilt: 15.1°)
     End effector to target: 10.5mm
     WARNING: Joints near limits at descend:
       Joint 4: -2.906 rad (limits: [-3.072, -0.070], margin: 0.166 rad)
  Releasing...
  Opening gripper...
     Vial settled vertically (tilt: 5.9°)
  Retreating...
  SUCCESS! SMALL vial placed!

  Recomputing isolation scores (vial removed from scene)...
     After successful placement:
       #1: Vial 22 (LARGE) - Score: 59.5
       #2: Vial 10 (SMALL) - Score: 58.0 (skipped x1)
       #3: Vial 19 (MEDIUM) - Score: 52.0
  Analyzing optimal grasp configuration...
    Tilt: 76.2 degrees
    Grasp type: Top-down (simple)
    Grasp height: 50% up vial
    Approach clearance: 50/100 (min 5.6cm)

============================================================
VIAL 22/30 - LARGE (12mm, 35g) [Isolation Score: 59.5]
============================================================
 Position: [0.590, -0.105, 0.809]
 Axis: [0.70, -0.68, 0.24]
 Isolation: 5.6cm to nearest vial
  Generating 8x3x2 grasp candidates...
   Grasp Candidate Scoring (48 valid):
     #1: Score=0.638 [FC=0.30, Iso=0.38, Geo=0.44, θ=0°]
     #2: Score=0.635 [FC=0.30, Iso=0.59, Geo=0.00, θ=0°]
     #3: Score=0.635 [FC=0.30, Iso=0.59, Geo=0.00, θ=0°]
     #4: Score=0.635 [FC=0.30, Iso=0.59, Geo=0.00, θ=0°]
     #5: Score=0.635 [FC=0.30, Iso=0.59, Geo=0.00, θ=0°]
  Best grasp position: [0.590, -0.105, 0.819]
Grasp: Multi-candidate (score=0.64)
  Grasp orientation: approach=[-0.00, 0.00, -1.00], fingers=[-0.84, 0.54, 0.00]
Target: LARGE tray (1,0) at [-0.387, 0.238, 0.849]
  Approaching...
 Opening gripper WIDE for horizontal vial: 48.0mm...
  Descending to grasp...
 Closing for horizontal vial (tilt=76°, target=24.0mm, force=150N)...
 Initial grip moved vial: 12.1mm
  Creating constraint...
     Grasp check: dist to end effector=23.7mm
     End effector: [0.589, -0.106, 0.823]
     Vial pos: [0.587, -0.114, 0.801]
     Creating constraint (position locked, orientation FREE for re-orienting)...
     Vial attached via constraint!
  Lifting and re-orienting to vertical...
     Initial vial tilt: 72.6°
     Lifted 2.9cm, tilt now 37.9° (target: 0°)
     Lifted 22.8cm, tilt now 68.8° (target: 0°)
  Forcing vial to vertical (current tilt: 68.8°)...
     Vial orientation locked to vertical, tilt now: 70.9°
  Moving to LARGE tray...
     Trying multiple base rotations to find best arm configuration...
     Target tray direction: 148° from robot
       Attempt 1: base=34°, margin=0.026 rad [RISKY]
       Attempt 2: base=40°, margin=0.174 rad [GOOD]
     Using configuration #2: base at 40°, margin=0.174 rad
     End effector to above_target: 5.3mm
     Vial XY distance to target: 10.4mm
     Vial height: 1.131m (should be >0.9m)
  Self-calibrating vial position...
     Measured offset: [5.0, -7.9]mm
  Descending to slot...
     Original target: [-0.387, 0.238, 0.849]
     Adjusted target: [-0.393, 0.245, 0.849]
     Compensation: [-5.0, 7.9]mm
     🔧 Correcting vial orientation (tilt: 29.4°)
     🔧 Correcting vial orientation (tilt: 20.0°)
     End effector to target: 4.5mm
  Releasing...
  Opening gripper...
     Vial settled vertically (tilt: 10.8°)
  Retreating...
  SUCCESS! LARGE vial placed!

  Recomputing isolation scores (vial removed from scene)...
     After successful placement:
       #1: Vial 10 (SMALL) - Score: 58.0 (skipped x1)
       #2: Vial 19 (MEDIUM) - Score: 52.0
       #3: Vial 28 (LARGE) - Score: 47.6
  Analyzing optimal grasp configuration...
    Tilt: 90.0 degrees
    Grasp type: Top-down (simple)
    Grasp height: 50% up vial
    Approach clearance: 20/100 (min 2.6cm)

  SMALL tray full, skipping vial 10
     After tray full:
       #1: Vial 19 (MEDIUM) - Score: 52.0
       #2: Vial 10 (SMALL) - Score: 48.0 (skipped x2)
       #3: Vial 28 (LARGE) - Score: 47.6
  Analyzing optimal grasp configuration...
    Tilt: 90.0 degrees
    Grasp type: Top-down (simple)
    Grasp height: 50% up vial
    Approach clearance: 20/100 (min 2.6cm)

============================================================
VIAL 19/30 - MEDIUM (10mm, 25g) [Isolation Score: 52.0]
============================================================
 Position: [0.576, 0.125, 0.790]
 Axis: [0.64, -0.77, 0.00]
 Isolation: 2.6cm to nearest vial
  Vial too close to neighbors (2 within 4cm)
  Attempting singulation push...
     ⚠️  Vial too close to edge for push (space: X=13cm, Y=15cm)
 Cannot calculate push trajectory, skipping...
     Cannot push:
       #1: Vial 10 (SMALL) - Score: 48.0 (skipped x2)
       #2: Vial 28 (LARGE) - Score: 47.6
       #3: Vial 13 (MEDIUM) - Score: 44.0
  Analyzing optimal grasp configuration...
    Tilt: 90.0 degrees
    Grasp type: Top-down (simple)
    Grasp height: 50% up vial
    Approach clearance: 20/100 (min 2.6cm)

  SMALL tray full, skipping vial 10
     After tray full:
       #1: Vial 28 (LARGE) - Score: 47.6
       #2: Vial 13 (MEDIUM) - Score: 44.0
       #3: Vial 19 (MEDIUM) - Score: 42.0 (skipped x1)
  Analyzing optimal grasp configuration...
    Tilt: 87.2 degrees
    Grasp type: Top-down (simple)
    Grasp height: 50% up vial
    Approach clearance: 50/100 (min 5.5cm)

============================================================
VIAL 28/30 - LARGE (12mm, 35g) [Isolation Score: 47.6]
============================================================
 Position: [0.457, -0.155, 0.796]
 Axis: [0.98, -0.21, 0.05]
 Isolation: 6.4cm to nearest vial
  Generating 8x3x2 grasp candidates...
   Grasp Candidate Scoring (40 valid):
     #1: Score=0.646 [FC=0.30, Iso=0.48, Geo=0.31, θ=25°]
     #2: Score=0.599 [FC=0.30, Iso=0.48, Geo=0.00, θ=0°]
     #3: Score=0.599 [FC=0.30, Iso=0.48, Geo=0.00, θ=25°]
     #4: Score=0.599 [FC=0.30, Iso=0.48, Geo=0.00, θ=0°]
     #5: Score=0.599 [FC=0.30, Iso=0.48, Geo=0.00, θ=25°]
  Best grasp position: [0.457, -0.155, 0.806]
Grasp: Multi-candidate (score=0.65)
  Grasp orientation: approach=[0.07, -0.42, -0.91], fingers=[0.14, -0.90, 0.42]
Target: LARGE tray (1,1) at [-0.312, 0.238, 0.849]
  Approaching...
 Opening gripper WIDE for horizontal vial: 48.0mm...
  Descending to grasp...
 Closing for horizontal vial (tilt=87°, target=24.0mm, force=150N)...
 Initial grip moved vial: 0.0mm
     Vial not gripped (moved=0.0mm, gripper=48.0mm vs expected=48.0mm)
     Resetting robot to home position...
       Grasp attempt 1/3 failed. Gripper didn't grip vial
       Retrying vial 28...
  Analyzing optimal grasp configuration...
    Tilt: 63.4 degrees
    Grasp type: Top-down (simple)
    Grasp height: 50% up vial
    Approach clearance: 100/100 (min 13.4cm)

============================================================
VIAL 13/30 - MEDIUM (10mm, 25g) [Isolation Score: 44.0]
============================================================
 Position: [0.337, 0.187, 0.799]
 Axis: [0.77, 0.45, 0.45]
 Isolation: 13.4cm to nearest vial
  Generating 8x3x2 grasp candidates...
   No valid grasp candidates found!
  No valid grasp found!
     Resetting robot to home position...
       Grasp attempt 1/3 failed. No valid grasp candidate
       Retrying vial 13...
  Analyzing optimal grasp configuration...
    Tilt: 63.4 degrees
    Grasp type: Top-down (simple)
    Grasp height: 50% up vial
    Approach clearance: 100/100 (min 13.4cm)

============================================================
VIAL 13/30 - MEDIUM (10mm, 25g) [Isolation Score: 44.0]
============================================================
 Position: [0.337, 0.187, 0.799]
 Axis: [0.77, 0.45, 0.45]
 Isolation: 13.4cm to nearest vial
  Generating 8x3x2 grasp candidates...
   No valid grasp candidates found!
  No valid grasp found!
     Resetting robot to home position...
       Grasp attempt 2/3 failed. No valid grasp candidate
       Retrying vial 13...
  Analyzing optimal grasp configuration...
    Tilt: 63.5 degrees
    Grasp type: Top-down (simple)
    Grasp height: 50% up vial
    Approach clearance: 100/100 (min 13.4cm)

============================================================
VIAL 13/30 - MEDIUM (10mm, 25g) [Isolation Score: 44.0]
============================================================
 Position: [0.337, 0.187, 0.799]
 Axis: [0.77, 0.45, 0.45]
 Isolation: 13.4cm to nearest vial
  Generating 8x3x2 grasp candidates...
   No valid grasp candidates found!
  No valid grasp found!
     Resetting robot to home position...
      All 3 grasp attempts failed. No valid grasp candidate
      Skipping vial 13
     No grasp:
       #1: Vial 19 (MEDIUM) - Score: 42.0 (skipped x1)
       #2: Vial 10 (SMALL) - Score: 38.0 (skipped x3)
       #3: Vial 12 (MEDIUM) - Score: 34.3
  Analyzing optimal grasp configuration...
    Tilt: 90.0 degrees
    Grasp type: Top-down (simple)
    Grasp height: 50% up vial
    Approach clearance: 20/100 (min 2.6cm)

============================================================
VIAL 19/30 - MEDIUM (10mm, 25g) [Isolation Score: 42.0]
============================================================
 Position: [0.576, 0.125, 0.790]
 Axis: [0.64, -0.77, -0.00]
 Isolation: 2.6cm to nearest vial
  Vial too close to neighbors (2 within 4cm)
  Attempting singulation push...
     ⚠️  Vial too close to edge for push (space: X=13cm, Y=15cm)
 Cannot calculate push trajectory, skipping...
     Cannot push:
       #1: Vial 10 (SMALL) - Score: 38.0 (skipped x3)
       #2: Vial 12 (MEDIUM) - Score: 34.3
       #3: Vial 13 (MEDIUM) - Score: 34.0 (skipped x1)
  Analyzing optimal grasp configuration...
    Tilt: 90.0 degrees
    Grasp type: Top-down (simple)
    Grasp height: 50% up vial
    Approach clearance: 20/100 (min 2.6cm)

  SMALL tray full, skipping vial 10
     After tray full:
       #1: Vial 12 (MEDIUM) - Score: 34.3
       #2: Vial 13 (MEDIUM) - Score: 34.0 (skipped x1)
       #3: Vial 19 (MEDIUM) - Score: 32.0 (skipped x2)
  Analyzing optimal grasp configuration...
    Tilt: 90.0 degrees
    Grasp type: Top-down (simple)
    Grasp height: 50% up vial
    Approach clearance: 20/100 (min 3.9cm)

============================================================
VIAL 12/30 - MEDIUM (10mm, 25g) [Isolation Score: 34.3]
============================================================
 Position: [0.601, -0.044, 0.790]
 Axis: [0.34, -0.94, -0.00]
 Isolation: 3.9cm to nearest vial
  Vial too close to neighbors (1 within 4cm)
  Attempting singulation push...
     ⚠️  Vial too close to edge for push (space: X=6cm, Y=20cm)
 Cannot calculate push trajectory, skipping...
     Cannot push:
       #1: Vial 13 (MEDIUM) - Score: 34.0 (skipped x1)
       #2: Vial 19 (MEDIUM) - Score: 32.0 (skipped x2)
       #3: Vial 26 (LARGE) - Score: 29.0
  Analyzing optimal grasp configuration...
    Tilt: 63.6 degrees
    Grasp type: Top-down (simple)
    Grasp height: 50% up vial
    Approach clearance: 100/100 (min 13.4cm)

============================================================
VIAL 13/30 - MEDIUM (10mm, 25g) [Isolation Score: 34.0]
============================================================
 Position: [0.337, 0.187, 0.799]
 Axis: [0.77, 0.45, 0.44]
 Isolation: 13.4cm to nearest vial
  Generating 8x3x2 grasp candidates...
   No valid grasp candidates found!
  No valid grasp found!
     Resetting robot to home position...
       Grasp attempt 1/3 failed. No valid grasp candidate
       Retrying vial 13...
  Analyzing optimal grasp configuration...
    Tilt: 63.7 degrees
    Grasp type: Top-down (simple)
    Grasp height: 50% up vial
    Approach clearance: 100/100 (min 13.4cm)

============================================================
VIAL 13/30 - MEDIUM (10mm, 25g) [Isolation Score: 34.0]
============================================================
 Position: [0.337, 0.187, 0.799]
 Axis: [0.77, 0.46, 0.44]
 Isolation: 13.4cm to nearest vial
  Generating 8x3x2 grasp candidates...
   No valid grasp candidates found!
  No valid grasp found!
     Resetting robot to home position...
       Grasp attempt 2/3 failed. No valid grasp candidate
       Retrying vial 13...
  Analyzing optimal grasp configuration...
    Tilt: 63.8 degrees
    Grasp type: Top-down (simple)
    Grasp height: 50% up vial
    Approach clearance: 100/100 (min 13.4cm)

============================================================
VIAL 13/30 - MEDIUM (10mm, 25g) [Isolation Score: 34.0]
============================================================
 Position: [0.337, 0.187, 0.799]
 Axis: [0.77, 0.46, 0.44]
 Isolation: 13.4cm to nearest vial
  Generating 8x3x2 grasp candidates...
   No valid grasp candidates found!
  No valid grasp found!
     Resetting robot to home position...
      All 3 grasp attempts failed. No valid grasp candidate
      Skipping vial 13
     No grasp:
       #1: Vial 19 (MEDIUM) - Score: 32.0 (skipped x2)
       #2: Vial 26 (LARGE) - Score: 29.0
       #3: Vial 10 (SMALL) - Score: 28.0 (skipped x4)
  Analyzing optimal grasp configuration...
    Tilt: 90.0 degrees
    Grasp type: Top-down (simple)
    Grasp height: 50% up vial
    Approach clearance: 20/100 (min 2.6cm)

============================================================
VIAL 19/30 - MEDIUM (10mm, 25g) [Isolation Score: 32.0]
============================================================
 Position: [0.576, 0.125, 0.790]
 Axis: [0.64, -0.77, -0.00]
 Isolation: 2.6cm to nearest vial
  Vial too close to neighbors (2 within 4cm)
  Attempting singulation push...
     ⚠️  Vial too close to edge for push (space: X=13cm, Y=15cm)
 Cannot calculate push trajectory, skipping...
     Cannot push:
       #1: Vial 26 (LARGE) - Score: 29.0
       #2: Vial 10 (SMALL) - Score: 28.0 (skipped x4)
       #3: Vial 30 (LARGE) - Score: 27.5
  Analyzing optimal grasp configuration...
    Tilt: 90.0 degrees
    Grasp type: Top-down (simple)
    Grasp height: 50% up vial
    Approach clearance: 20/100 (min 3.8cm)

============================================================
VIAL 26/30 - LARGE (12mm, 35g) [Isolation Score: 29.0]
============================================================
 Position: [0.272, 0.071, 0.793]
 Axis: [0.83, 0.55, 0.00]
 Isolation: 3.8cm to nearest vial
  Vial too close to neighbors (1 within 4cm)
  Attempting singulation push...
     ⚠️  Vial too close to edge for push (space: X=4cm, Y=16cm)
 Cannot calculate push trajectory, skipping...
     Cannot push:
       #1: Vial 10 (SMALL) - Score: 28.0 (skipped x4)
       #2: Vial 30 (LARGE) - Score: 27.5
       #3: Vial 16 (MEDIUM) - Score: 26.5
  Analyzing optimal grasp configuration...
    Tilt: 90.0 degrees
    Grasp type: Top-down (simple)
    Grasp height: 50% up vial
    Approach clearance: 20/100 (min 2.6cm)

  SMALL tray full, skipping vial 10
     After tray full:
       #1: Vial 30 (LARGE) - Score: 27.5
       #2: Vial 16 (MEDIUM) - Score: 26.5
       #3: Vial 12 (MEDIUM) - Score: 24.3 (skipped x1)
  Analyzing optimal grasp configuration...
    Tilt: 111.9 degrees
    Grasp type: Top-down (simple)
    Grasp height: 50% up vial
    Approach clearance: 50/100 (min 5.2cm)

============================================================
VIAL 30/30 - LARGE (12mm, 35g) [Isolation Score: 27.5]
============================================================
 Position: [0.545, 0.184, 0.818]
 Axis: [-0.75, 0.55, -0.37]
 Isolation: 5.2cm to nearest vial
  Generating 8x3x2 grasp candidates...
   No valid grasp candidates found!
  No valid grasp found!
     Resetting robot to home position...
       Grasp attempt 1/3 failed. No valid grasp candidate
       Retrying vial 30...
  Analyzing optimal grasp configuration...
    Tilt: 111.9 degrees
    Grasp type: Top-down (simple)
    Grasp height: 50% up vial
    Approach clearance: 50/100 (min 5.2cm)

============================================================
VIAL 30/30 - LARGE (12mm, 35g) [Isolation Score: 27.5]
============================================================
 Position: [0.545, 0.184, 0.818]
 Axis: [-0.75, 0.55, -0.37]
 Isolation: 5.2cm to nearest vial
  Generating 8x3x2 grasp candidates...
   No valid grasp candidates found!
  No valid grasp found!
     Resetting robot to home position...
       Grasp attempt 2/3 failed. No valid grasp candidate
       Retrying vial 30...
  Analyzing optimal grasp configuration...
    Tilt: 111.9 degrees
    Grasp type: Top-down (simple)
    Grasp height: 50% up vial
    Approach clearance: 50/100 (min 5.2cm)

============================================================
VIAL 30/30 - LARGE (12mm, 35g) [Isolation Score: 27.5]
============================================================
 Position: [0.545, 0.184, 0.818]
 Axis: [-0.75, 0.55, -0.37]
 Isolation: 5.2cm to nearest vial
  Generating 8x3x2 grasp candidates...
   No valid grasp candidates found!
  No valid grasp found!
     Resetting robot to home position...
      All 3 grasp attempts failed. No valid grasp candidate
      Skipping vial 30
     No grasp:
       #1: Vial 16 (MEDIUM) - Score: 26.5
       #2: Vial 12 (MEDIUM) - Score: 24.3 (skipped x1)
       #3: Vial 13 (MEDIUM) - Score: 24.0 (skipped x2)
  Analyzing optimal grasp configuration...
    Tilt: 77.4 degrees
    Grasp type: Top-down (simple)
    Grasp height: 50% up vial
    Approach clearance: 50/100 (min 4.8cm)

============================================================
VIAL 16/30 - MEDIUM (10mm, 25g) [Isolation Score: 26.5]
============================================================
 Position: [0.547, -0.187, 0.794]
 Axis: [-0.88, 0.43, 0.22]
 Isolation: 4.8cm to nearest vial
  Generating 8x3x2 grasp candidates...
   No valid grasp candidates found!
  No valid grasp found!
     Resetting robot to home position...
       Grasp attempt 1/3 failed. No valid grasp candidate
       Retrying vial 16...
  Analyzing optimal grasp configuration...
    Tilt: 77.5 degrees
    Grasp type: Top-down (simple)
    Grasp height: 50% up vial
    Approach clearance: 50/100 (min 4.8cm)

============================================================
VIAL 16/30 - MEDIUM (10mm, 25g) [Isolation Score: 26.5]
============================================================
 Position: [0.547, -0.187, 0.794]
 Axis: [-0.88, 0.43, 0.22]
 Isolation: 4.8cm to nearest vial
  Generating 8x3x2 grasp candidates...
   No valid grasp candidates found!
  No valid grasp found!
     Resetting robot to home position...
       Grasp attempt 2/3 failed. No valid grasp candidate
       Retrying vial 16...
  Analyzing optimal grasp configuration...
    Tilt: 77.5 degrees
    Grasp type: Top-down (simple)
    Grasp height: 50% up vial
    Approach clearance: 50/100 (min 4.8cm)

============================================================
VIAL 16/30 - MEDIUM (10mm, 25g) [Isolation Score: 26.5]
============================================================
 Position: [0.547, -0.187, 0.794]
 Axis: [-0.88, 0.43, 0.22]
 Isolation: 4.8cm to nearest vial
  Generating 8x3x2 grasp candidates...
   No valid grasp candidates found!
  No valid grasp found!
     Resetting robot to home position...
      All 3 grasp attempts failed. No valid grasp candidate
      Skipping vial 16
     No grasp:
       #1: Vial 12 (MEDIUM) - Score: 24.3 (skipped x1)
       #2: Vial 13 (MEDIUM) - Score: 24.0 (skipped x2)
       #3: Vial 19 (MEDIUM) - Score: 22.0 (skipped x3)
  Analyzing optimal grasp configuration...
    Tilt: 90.0 degrees
    Grasp type: Top-down (simple)
    Grasp height: 50% up vial
    Approach clearance: 20/100 (min 3.9cm)

============================================================
VIAL 12/30 - MEDIUM (10mm, 25g) [Isolation Score: 24.3]
============================================================
 Position: [0.601, -0.044, 0.790]
 Axis: [0.34, -0.94, -0.00]
 Isolation: 3.9cm to nearest vial
  Vial too close to neighbors (1 within 4cm)
  Attempting singulation push...
     ⚠️  Vial too close to edge for push (space: X=6cm, Y=20cm)
 Cannot calculate push trajectory, skipping...
     Cannot push:
       #1: Vial 13 (MEDIUM) - Score: 24.0 (skipped x2)
       #2: Vial 19 (MEDIUM) - Score: 22.0 (skipped x3)
       #3: Vial 8 (SMALL) - Score: 21.2
  Analyzing optimal grasp configuration...
    Tilt: 64.3 degrees
    Grasp type: Top-down (simple)
    Grasp height: 50% up vial
    Approach clearance: 100/100 (min 13.4cm)

============================================================
VIAL 13/30 - MEDIUM (10mm, 25g) [Isolation Score: 24.0]
============================================================
 Position: [0.337, 0.188, 0.798]
 Axis: [0.77, 0.46, 0.43]
 Isolation: 13.4cm to nearest vial
  Generating 8x3x2 grasp candidates...
   No valid grasp candidates found!
  No valid grasp found!
     Resetting robot to home position...
       Grasp attempt 1/3 failed. No valid grasp candidate
       Retrying vial 13...
  Analyzing optimal grasp configuration...
    Tilt: 64.4 degrees
    Grasp type: Top-down (simple)
    Grasp height: 50% up vial
    Approach clearance: 100/100 (min 13.4cm)

============================================================
VIAL 13/30 - MEDIUM (10mm, 25g) [Isolation Score: 24.0]
============================================================
 Position: [0.338, 0.188, 0.798]
 Axis: [0.77, 0.46, 0.43]
 Isolation: 13.4cm to nearest vial
  Generating 8x3x2 grasp candidates...
   No valid grasp candidates found!
  No valid grasp found!
     Resetting robot to home position...
       Grasp attempt 2/3 failed. No valid grasp candidate
       Retrying vial 13...
  Analyzing optimal grasp configuration...
    Tilt: 64.4 degrees
    Grasp type: Top-down (simple)
    Grasp height: 50% up vial
    Approach clearance: 100/100 (min 13.4cm)

============================================================
VIAL 13/30 - MEDIUM (10mm, 25g) [Isolation Score: 24.0]
============================================================
 Position: [0.338, 0.188, 0.798]
 Axis: [0.77, 0.46, 0.43]
 Isolation: 13.4cm to nearest vial
  Generating 8x3x2 grasp candidates...
   No valid grasp candidates found!
  No valid grasp found!
     Resetting robot to home position...
      All 3 grasp attempts failed. No valid grasp candidate
      Skipping vial 13
     No grasp:
       #1: Vial 19 (MEDIUM) - Score: 22.0 (skipped x3)
       #2: Vial 28 (LARGE) - Score: 21.2
       #3: Vial 8 (SMALL) - Score: 20.5

  AGGRESSIVE MODE: 5 consecutive failures
   Lowering isolation threshold and trying harder...
  Analyzing optimal grasp configuration...
    Tilt: 90.0 degrees
    Grasp type: Top-down (simple)
    Grasp height: 50% up vial
    Approach clearance: 20/100 (min 2.6cm)

============================================================
VIAL 19/30 - MEDIUM (10mm, 25g) [Isolation Score: 22.0]
============================================================
 Position: [0.576, 0.125, 0.790]
 Axis: [0.64, -0.77, 0.00]
 Isolation: 2.6cm to nearest vial
  Vial too close to neighbors (2 within 4cm)
  Attempting singulation push...
     ⚠️  Vial too close to edge for push (space: X=13cm, Y=15cm)
 Cannot calculate push trajectory, skipping...
     Cannot push:
       #1: Vial 28 (LARGE) - Score: 21.2
       #2: Vial 8 (SMALL) - Score: 20.5
       #3: Vial 26 (LARGE) - Score: 19.0 (skipped x1)

  AGGRESSIVE MODE: 5 consecutive failures
   Lowering isolation threshold and trying harder...
  Analyzing optimal grasp configuration...
    Tilt: 90.0 degrees
    Grasp type: Top-down (simple)
    Grasp height: 50% up vial
    Approach clearance: 100/100 (min 12.1cm)

============================================================
VIAL 28/30 - LARGE (12mm, 35g) [Isolation Score: 21.2]
============================================================
 Position: [0.427, -0.195, 0.793]
 Axis: [0.96, -0.27, 0.00]
 Isolation: 12.1cm to nearest vial
  Generating 8x3x2 grasp candidates...
   No valid grasp candidates found!
  No valid grasp found!
     Resetting robot to home position...
       Grasp attempt 2/3 failed. No valid grasp candidate
       Retrying vial 28...

  AGGRESSIVE MODE: 5 consecutive failures
   Lowering isolation threshold and trying harder...
  Analyzing optimal grasp configuration...
    Tilt: 90.0 degrees
    Grasp type: Top-down (simple)
    Grasp height: 50% up vial
    Approach clearance: 100/100 (min 12.1cm)

============================================================
VIAL 28/30 - LARGE (12mm, 35g) [Isolation Score: 21.2]
============================================================
 Position: [0.427, -0.195, 0.793]
 Axis: [0.96, -0.27, 0.00]
 Isolation: 12.1cm to nearest vial
  Generating 8x3x2 grasp candidates...
   No valid grasp candidates found!
  No valid grasp found!
     Resetting robot to home position...
      All 3 grasp attempts failed. No valid grasp candidate
      Skipping vial 28
     No grasp:
       #1: Vial 8 (SMALL) - Score: 20.5
       #2: Vial 26 (LARGE) - Score: 19.0 (skipped x1)
       #3: Vial 10 (SMALL) - Score: 18.0 (skipped x5)

  AGGRESSIVE MODE: 6 consecutive failures
   Lowering isolation threshold and trying harder...
  Analyzing optimal grasp configuration...
    Tilt: 89.4 degrees
    Grasp type: Top-down (simple)
    Grasp height: 50% up vial
    Approach clearance: 100/100 (min 13.4cm)

  SMALL tray full, skipping vial 8
     After tray full:
       #1: Vial 26 (LARGE) - Score: 19.0 (skipped x1)
       #2: Vial 10 (SMALL) - Score: 18.0 (skipped x5)
       #3: Vial 9 (SMALL) - Score: 17.5

  AGGRESSIVE MODE: 6 consecutive failures
   Lowering isolation threshold and trying harder...
  Analyzing optimal grasp configuration...
    Tilt: 90.0 degrees
    Grasp type: Top-down (simple)
    Grasp height: 50% up vial
    Approach clearance: 20/100 (min 3.9cm)

============================================================
VIAL 26/30 - LARGE (12mm, 35g) [Isolation Score: 19.0]
============================================================
 Position: [0.272, 0.071, 0.793]
 Axis: [0.83, 0.55, 0.00]
 Isolation: 3.9cm to nearest vial
  Vial too close to neighbors (1 within 4cm)
  Attempting singulation push...
     ⚠️  Vial too close to edge for push (space: X=4cm, Y=16cm)
 Cannot calculate push trajectory, skipping...
     Cannot push:
       #1: Vial 10 (SMALL) - Score: 18.0 (skipped x5)
       #2: Vial 9 (SMALL) - Score: 17.5
       #3: Vial 30 (LARGE) - Score: 17.5 (skipped x1)

  AGGRESSIVE MODE: 6 consecutive failures
   Lowering isolation threshold and trying harder...
  Analyzing optimal grasp configuration...
    Tilt: 90.0 degrees
    Grasp type: Top-down (simple)
    Grasp height: 50% up vial
    Approach clearance: 20/100 (min 2.6cm)

  SMALL tray full, skipping vial 10
     After tray full:
       #1: Vial 9 (SMALL) - Score: 17.5
       #2: Vial 30 (LARGE) - Score: 17.5 (skipped x1)
       #3: Vial 11 (MEDIUM) - Score: 16.5

  AGGRESSIVE MODE: 6 consecutive failures
   Lowering isolation threshold and trying harder...
  Analyzing optimal grasp configuration...
    Tilt: 89.4 degrees
    Grasp type: Top-down (simple)
    Grasp height: 50% up vial
    Approach clearance: 50/100 (min 4.1cm)

  SMALL tray full, skipping vial 9
     After tray full:
       #1: Vial 30 (LARGE) - Score: 17.5 (skipped x1)
       #2: Vial 11 (MEDIUM) - Score: 16.5
       #3: Vial 16 (MEDIUM) - Score: 16.5 (skipped x1)

  AGGRESSIVE MODE: 6 consecutive failures
   Lowering isolation threshold and trying harder...
  Analyzing optimal grasp configuration...
    Tilt: 111.9 degrees
    Grasp type: Top-down (simple)
    Grasp height: 50% up vial
    Approach clearance: 50/100 (min 5.2cm)

============================================================
VIAL 30/30 - LARGE (12mm, 35g) [Isolation Score: 17.5]
============================================================
 Position: [0.545, 0.184, 0.818]
 Axis: [-0.75, 0.55, -0.37]
 Isolation: 5.2cm to nearest vial
  Generating 8x3x2 grasp candidates...
   No valid grasp candidates found!
  No valid grasp found!
     Resetting robot to home position...
       Grasp attempt 1/3 failed. No valid grasp candidate
       Retrying vial 30...

  AGGRESSIVE MODE: 6 consecutive failures
   Lowering isolation threshold and trying harder...
  Analyzing optimal grasp configuration...
    Tilt: 111.9 degrees
    Grasp type: Top-down (simple)
    Grasp height: 50% up vial
    Approach clearance: 50/100 (min 5.2cm)

============================================================
VIAL 30/30 - LARGE (12mm, 35g) [Isolation Score: 17.5]
============================================================
 Position: [0.545, 0.184, 0.818]
 Axis: [-0.75, 0.55, -0.37]
 Isolation: 5.2cm to nearest vial
  Generating 8x3x2 grasp candidates...
   No valid grasp candidates found!
  No valid grasp found!
     Resetting robot to home position...
       Grasp attempt 2/3 failed. No valid grasp candidate
       Retrying vial 30...

  AGGRESSIVE MODE: 6 consecutive failures
   Lowering isolation threshold and trying harder...
  Analyzing optimal grasp configuration...
    Tilt: 111.9 degrees
    Grasp type: Top-down (simple)
    Grasp height: 50% up vial
    Approach clearance: 50/100 (min 5.2cm)

============================================================
VIAL 30/30 - LARGE (12mm, 35g) [Isolation Score: 17.5]
============================================================
 Position: [0.545, 0.184, 0.818]
 Axis: [-0.75, 0.55, -0.37]
 Isolation: 5.2cm to nearest vial
  Generating 8x3x2 grasp candidates...
   No valid grasp candidates found!
  No valid grasp found!
     Resetting robot to home position...
      All 3 grasp attempts failed. No valid grasp candidate
      Skipping vial 30
     No grasp:
       #1: Vial 11 (MEDIUM) - Score: 16.5
       #2: Vial 16 (MEDIUM) - Score: 16.5 (skipped x1)
       #3: Vial 12 (MEDIUM) - Score: 14.3 (skipped x2)

  AGGRESSIVE MODE: 7 consecutive failures
   Lowering isolation threshold and trying harder...
  Analyzing optimal grasp configuration...
    Tilt: 75.8 degrees
    Grasp type: Top-down (simple)
    Grasp height: 50% up vial
    Approach clearance: 20/100 (min 3.9cm)

============================================================
VIAL 11/30 - MEDIUM (10mm, 25g) [Isolation Score: 16.5]
============================================================
 Position: [0.640, -0.049, 0.795]
 Axis: [0.86, -0.44, 0.24]
 Isolation: 3.9cm to nearest vial
  Vial too close to neighbors (1 within 4cm)
  Attempting singulation push...
     ⚠️  Vial too close to edge for push (space: X=10cm, Y=21cm)
 Cannot calculate push trajectory, skipping...
     Cannot push:
       #1: Vial 16 (MEDIUM) - Score: 16.5 (skipped x1)
       #2: Vial 12 (MEDIUM) - Score: 14.3 (skipped x2)
       #3: Vial 13 (MEDIUM) - Score: 14.0 (skipped x3)

  AGGRESSIVE MODE: 7 consecutive failures
   Lowering isolation threshold and trying harder...
  Analyzing optimal grasp configuration...
    Tilt: 78.3 degrees
    Grasp type: Top-down (simple)
    Grasp height: 50% up vial
    Approach clearance: 50/100 (min 4.8cm)

============================================================
VIAL 16/30 - MEDIUM (10mm, 25g) [Isolation Score: 16.5]
============================================================
 Position: [0.547, -0.187, 0.794]
 Axis: [-0.88, 0.44, 0.20]
 Isolation: 4.8cm to nearest vial
  Generating 8x3x2 grasp candidates...
   No valid grasp candidates found!
  No valid grasp found!
     Resetting robot to home position...
       Grasp attempt 1/3 failed. No valid grasp candidate
       Retrying vial 16...

  AGGRESSIVE MODE: 7 consecutive failures
   Lowering isolation threshold and trying harder...
  Analyzing optimal grasp configuration...
    Tilt: 78.4 degrees
    Grasp type: Top-down (simple)
    Grasp height: 50% up vial
    Approach clearance: 50/100 (min 4.8cm)

============================================================
VIAL 16/30 - MEDIUM (10mm, 25g) [Isolation Score: 16.5]
============================================================
 Position: [0.547, -0.187, 0.794]
 Axis: [-0.88, 0.44, 0.20]
 Isolation: 4.8cm to nearest vial
  Generating 8x3x2 grasp candidates...
   No valid grasp candidates found!
  No valid grasp found!
     Resetting robot to home position...
       Grasp attempt 2/3 failed. No valid grasp candidate
       Retrying vial 16...

  AGGRESSIVE MODE: 7 consecutive failures
   Lowering isolation threshold and trying harder...
  Analyzing optimal grasp configuration...
    Tilt: 78.5 degrees
    Grasp type: Top-down (simple)
    Grasp height: 50% up vial
    Approach clearance: 50/100 (min 4.8cm)

============================================================
VIAL 16/30 - MEDIUM (10mm, 25g) [Isolation Score: 16.5]
============================================================
 Position: [0.547, -0.187, 0.794]
 Axis: [-0.88, 0.44, 0.20]
 Isolation: 4.8cm to nearest vial
  Generating 8x3x2 grasp candidates...
   No valid grasp candidates found!
  No valid grasp found!
     Resetting robot to home position...
      All 3 grasp attempts failed. No valid grasp candidate
      Skipping vial 16
     No grasp:
       #1: Vial 12 (MEDIUM) - Score: 14.3 (skipped x2)
       #2: Vial 13 (MEDIUM) - Score: 14.0 (skipped x3)
       #3: Vial 4 (SMALL) - Score: 13.8

 SHAKE MODE: 8 consecutive failures
   Shaking box to redistribute vials...
  🔄 Sweeping gripper to redistribute vials...
     Performing 3 sweep passes to redistribute vials...
     Sweep 1: corner-to-center diagonal
     Sweep 2: opposite diagonal
     Sweep 3: right-to-center horizontal
     Settling vials after shake...
     ✓ Box shaken successfully, vials redistributed
   Isolation scores updated after shake

  AGGRESSIVE MODE: 8 consecutive failures
   Lowering isolation threshold and trying harder...
  Analyzing optimal grasp configuration...
    Tilt: 90.0 degrees
    Grasp type: Top-down (simple)
    Grasp height: 50% up vial
    Approach clearance: 50/100 (min 4.0cm)

============================================================
VIAL 12/30 - MEDIUM (10mm, 25g) [Isolation Score: 14.3]
============================================================
 Position: [0.601, -0.044, 0.790]
 Axis: [0.34, -0.94, -0.00]
 Isolation: 4.0cm to nearest vial
  Generating 8x3x2 grasp candidates...
   Grasp Candidate Scoring (39 valid):
     #1: Score=0.712 [FC=0.30, Iso=0.34, Geo=1.02, θ=0°]
     #2: Score=0.710 [FC=0.30, Iso=0.34, Geo=1.00, θ=0°]
     #3: Score=0.709 [FC=0.30, Iso=0.33, Geo=1.03, θ=0°]
     #4: Score=0.708 [FC=0.30, Iso=0.33, Geo=1.02, θ=0°]
     #5: Score=0.693 [FC=0.30, Iso=0.34, Geo=0.89, θ=25°]
  Best grasp position: [0.601, -0.044, 0.790]
Grasp: Multi-candidate (score=0.71)
  Grasp orientation: approach=[0.00, 0.00, -1.00], fingers=[0.22, 0.97, 0.00]
Target: MEDIUM tray (1,0) at [-0.391, 0.041, 0.824]
  Approaching...
 Opening gripper WIDE for horizontal vial: 40.0mm...
  Descending to grasp...
 Closing for horizontal vial (tilt=90°, target=20.0mm, force=150N)...
 Initial grip moved vial: 29.3mm
  Creating constraint...
     Grasp check: dist to end effector=20.9mm
     End effector: [0.596, -0.035, 0.791]
     Vial pos: [0.578, -0.027, 0.797]
     Creating constraint (position locked, orientation FREE for re-orienting)...
     Vial attached via constraint!
  Lifting and re-orienting to vertical...
     Initial vial tilt: 8.1°
     Lifted 5.1cm, tilt now 49.7° (target: 0°)
     Lifted 25.4cm, tilt now 46.7° (target: 0°)
  Forcing vial to vertical (current tilt: 46.7°)...
     Vial orientation locked to vertical, tilt now: 46.0°
  Moving to MEDIUM tray...
     Trying multiple base rotations to find best arm configuration...
     Target tray direction: 174° from robot
       Attempt 1: base=81°, margin=0.031 rad [RISKY]
       Attempt 2: base=87°, margin=-0.047 rad [BAD]
       Attempt 3: base=89°, margin=-0.071 rad [BAD]
       Attempt 4: base=87°, margin=-0.054 rad [BAD]
       Attempt 5: base=89°, margin=-0.067 rad [BAD]
       Attempt 6: base=56°, margin=0.636 rad [GOOD]
     Using configuration #6: base at 56°, margin=0.636 rad
     End effector to above_target: 2.5mm
     Vial XY distance to target: 22.2mm
     Vial height: 1.128m (should be >0.9m)
  Self-calibrating vial position...
     Measured offset: [-18.0, 8.4]mm
  Descending to slot...
     Original target: [-0.391, 0.041, 0.824]
     Adjusted target: [-0.373, 0.033, 0.824]
     Compensation: [18.0, -8.4]mm
     End effector to target: 5.5mm
  Releasing...
  Opening gripper...
     Vial settled vertically (tilt: 0.2°)
  Retreating...
  SUCCESS! MEDIUM vial placed!

  Recomputing isolation scores (vial removed from scene)...
     After successful placement:
       #1: Vial 25 (LARGE) - Score: 100.0
       #2: Vial 30 (LARGE) - Score: 46.3 (skipped x2)
       #3: Vial 10 (SMALL) - Score: 40.0 (skipped x6)
  Analyzing optimal grasp configuration...
    Tilt: 121.1 degrees
    Grasp type: Top-down (simple)
    Grasp height: 50% up vial
    Approach clearance: 100/100 (min 26.6cm)

============================================================
VIAL 25/30 - LARGE (12mm, 35g) [Isolation Score: 100.0]
============================================================
 Position: [-0.650, -0.041, 0.807]
 Axis: [0.84, 0.15, -0.52]
 Isolation: 26.6cm to nearest vial
  Generating 8x3x2 grasp candidates...
   No valid grasp candidates found!
  No valid grasp found!
     Resetting robot to home position...
       Grasp attempt 1/3 failed. No valid grasp candidate
       Retrying vial 25...
  Analyzing optimal grasp configuration...
    Tilt: 121.0 degrees
    Grasp type: Top-down (simple)
    Grasp height: 50% up vial
    Approach clearance: 100/100 (min 26.6cm)

============================================================
VIAL 25/30 - LARGE (12mm, 35g) [Isolation Score: 100.0]
============================================================
 Position: [-0.650, -0.041, 0.807]
 Axis: [0.84, 0.16, -0.51]
 Isolation: 26.6cm to nearest vial
  Generating 8x3x2 grasp candidates...
   No valid grasp candidates found!
  No valid grasp found!
     Resetting robot to home position...
       Grasp attempt 2/3 failed. No valid grasp candidate
       Retrying vial 25...
  Analyzing optimal grasp configuration...
    Tilt: 120.9 degrees
    Grasp type: Top-down (simple)
    Grasp height: 50% up vial
    Approach clearance: 100/100 (min 26.6cm)

============================================================
VIAL 25/30 - LARGE (12mm, 35g) [Isolation Score: 100.0]
============================================================
 Position: [-0.650, -0.041, 0.807]
 Axis: [0.84, 0.16, -0.51]
 Isolation: 26.6cm to nearest vial
  Generating 8x3x2 grasp candidates...
   No valid grasp candidates found!
  No valid grasp found!
     Resetting robot to home position...
      All 3 grasp attempts failed. No valid grasp candidate
      Skipping vial 25
     No grasp:
       #1: Vial 25 (LARGE) - Score: 90.0 (skipped x1)
       #2: Vial 30 (LARGE) - Score: 46.3 (skipped x2)
       #3: Vial 10 (SMALL) - Score: 40.0 (skipped x6)
  Analyzing optimal grasp configuration...
    Tilt: 120.8 degrees
    Grasp type: Top-down (simple)
    Grasp height: 50% up vial
    Approach clearance: 100/100 (min 26.6cm)

============================================================
VIAL 25/30 - LARGE (12mm, 35g) [Isolation Score: 90.0]
============================================================
 Position: [-0.650, -0.042, 0.807]
 Axis: [0.84, 0.16, -0.51]
 Isolation: 26.6cm to nearest vial
  Generating 8x3x2 grasp candidates...
   No valid grasp candidates found!
  No valid grasp found!
     Resetting robot to home position...
       Grasp attempt 1/3 failed. No valid grasp candidate
       Retrying vial 25...
  Analyzing optimal grasp configuration...
    Tilt: 120.7 degrees
    Grasp type: Top-down (simple)
    Grasp height: 50% up vial
    Approach clearance: 100/100 (min 26.6cm)

============================================================
VIAL 25/30 - LARGE (12mm, 35g) [Isolation Score: 90.0]
============================================================
 Position: [-0.650, -0.042, 0.807]
 Axis: [0.84, 0.17, -0.51]
 Isolation: 26.6cm to nearest vial
  Generating 8x3x2 grasp candidates...
   No valid grasp candidates found!
  No valid grasp found!
     Resetting robot to home position...
       Grasp attempt 2/3 failed. No valid grasp candidate
       Retrying vial 25...
  Analyzing optimal grasp configuration...
    Tilt: 120.6 degrees
    Grasp type: Top-down (simple)
    Grasp height: 50% up vial
    Approach clearance: 100/100 (min 26.6cm)

============================================================
VIAL 25/30 - LARGE (12mm, 35g) [Isolation Score: 90.0]
============================================================
 Position: [-0.650, -0.042, 0.807]
 Axis: [0.84, 0.17, -0.51]
 Isolation: 26.6cm to nearest vial
  Generating 8x3x2 grasp candidates...
   No valid grasp candidates found!
  No valid grasp found!
     Resetting robot to home position...
      All 3 grasp attempts failed. No valid grasp candidate