pybullet build time: Sep 14 2025 19:12:22
libGL: Can't open configuration file /etc/drirc: No such file or directory.
libGL: Can't open configuration file /home/gwen/.drirc: No such file or directory.
libGL: using driver amdgpu for 4
libGL: Can't open configuration file /etc/drirc: No such file or directory.
libGL: Can't open configuration file /home/gwen/.drirc: No such file or directory.
libGL: pci id for fd 4: 1002:1900, driver radeonsi
libGL: MESA-LOADER: dlopen(/usr/lib/x86_64-linux-gnu/dri/radeonsi_dri.so)
libGL: Can't open configuration file /etc/drirc: No such file or directory.
libGL: Can't open configuration file /home/gwen/.drirc: No such file or directory.
libGL: Can't open configuration file /etc/drirc: No such file or directory.
libGL: Can't open configuration file /home/gwen/.drirc: No such file or directory.
libGL: Can't open configuration file /etc/drirc: No such file or directory.
libGL: Can't open configuration file /home/gwen/.drirc: No such file or directory.
/usr/share/libdrm/amdgpu.ids version: 1.0.0
libGL: Using DRI3 for screen 0
Random seed: 1937534244
Using MULTI-CANDIDATE grasp system
======================================================================
COMPLETE VIAL SINGULATION SYSTEM - Simple Algorithm
======================================================================
MODE: RANDOM SCENE (30 random vials)

 BOX: 50cm x 50cm x 12cm
   Bottom: 2.0cm thick

VIALS:
   SMALL: 4x, r=8mm, h=35mm, m=18g
   MEDIUM: 4x, r=10mm, h=45mm, m=25g
   LARGE: 4x, r=12mm, h=55mm, m=35g

TRAYS: 3 trays with matching hole sizes
   SMALL: 6.5cm slots, wall height=3.5cm
   MEDIUM: 7.0cm slots, wall height=3.5cm
   LARGE: 4.5cm slots, wall height=5.5cm

[1/5] Creating environment...
[2/5] Creating table...
[3/5] Creating box...
[4/5] Creating trays...
[5/5] Creating 30 vials (Full Box Mixed - Random)...
  Using real tube model from: /home/gwen/mengine/demo/assets/tube.urdf
   First random number: 0.306232 (should be different each run)
   Created 30 vials
   Using REAL tube model for large vials
[6/7] Creating robot...
⚡ Enabling REAL-TIME simulation mode...
   Time step: 4.17ms (240 Hz)
[7/7] Settling physics...
   Waiting 3 seconds for physics to settle...

 Scene ready!

[Verifying tray reachability...]
   SMALL tray:
     Slot (0,0): 45.6cm - REACHABLE but tight (margin: 0.073 rad)
     Slot (0,1): 39.2cm - OK
     Slot (1,0): 42.1cm - OK
     Slot (1,1): 35.1cm - OK
   MEDIUM tray:
     Slot (0,0): 39.3cm - OK
     Slot (0,1): 31.2cm - OK
     Slot (1,0): 39.3cm - OK
     Slot (1,1): 31.2cm - OK
   LARGE tray:
     Slot (0,0): 42.0cm - OK
     Slot (0,1): 35.2cm - OK
     Slot (1,0): 45.4cm - OK
     Slot (1,1): 39.3cm - OK

   Distance range: 31.2cm (closest) to 45.6cm (farthest)
   Optimal range for Panda: 25-45cm
   All tray slots verified reachable!
   Resetting robot to home position...

======================================================================
STARTING INTELLIGENT SINGULATION
======================================================================

 Strategy:
   1. Detect vial size and position (CV simulation)
   2. Open gripper to appropriate width
   3. Approach and grasp gently
   4. Create constraint for secure transport
   5. Place in matching tray


Computing initial isolation scores...
     Top 5 most isolated vials:
       #1: Vial 7 (SMALL) - Score: 100.0
       #2: Vial 22 (LARGE) - Score: 90.0
       #3: Vial 1 (SMALL) - Score: 83.3
       #4: Vial 14 (MEDIUM) - Score: 79.0
       #5: Vial 21 (LARGE) - Score: 79.0
Visualizing isolation scores above each vial...
  Analyzing optimal grasp configuration...
    Tilt: 40.0 degrees
    Grasp type: Top-down (simple)
    Grasp height: 50% up vial
    Approach clearance: 100/100 (min 10.0cm)

============================================================
VIAL 7/30 - SMALL (8mm, 18g) [Isolation Score: 100.0]
============================================================
 Position: [0.398, -0.046, 0.798]
 Axis: [0.23, 0.60, 0.77]
 Isolation: 10.0cm to nearest vial
  Generating 8x3x2 grasp candidates...
   Grasp Candidate Scoring (48 valid):
     #1: Score=0.893 [FC=0.30, Iso=0.93, Geo=1.04, θ=0°]
     #2: Score=0.887 [FC=0.30, Iso=0.93, Geo=1.00, θ=0°]
     #3: Score=0.881 [FC=0.30, Iso=0.90, Geo=1.01, θ=0°]
     #4: Score=0.879 [FC=0.30, Iso=0.90, Geo=1.00, θ=0°]
     #5: Score=0.873 [FC=0.30, Iso=0.87, Geo=1.04, θ=0°]
  Best grasp position: [0.398, -0.046, 0.798]
Grasp: Multi-candidate (score=0.89)
  Grasp orientation: approach=[-0.00, 0.00, -1.00], fingers=[-1.00, 0.05, 0.00]
Target: SMALL tray (0,0) at [-0.388, -0.239, 0.819]
  Approaching...
 Opening gripper to 24.0mm...
  Descending to grasp...
 Closing to grip (target: 7.2mm, force=100N)...
 Initial grip moved vial: 4.0mm
  Creating constraint...
     Grasp check: dist to end effector=1.4mm
     End effector: [0.394, -0.045, 0.798]
     Vial pos: [0.395, -0.044, 0.797]
     Creating constraint (position locked, orientation FREE for re-orienting)...
     Vial attached via constraint!
  Lifting and re-orienting to vertical...
     Initial vial tilt: 25.4°
     Lifted 5.7cm, tilt now 50.4° (target: 0°)
     Lifted 25.0cm, tilt now 49.4° (target: 0°)
  Forcing vial to vertical (current tilt: 49.4°)...
     Vial orientation locked to vertical, tilt now: 38.6°
  Moving to SMALL tray...
     Trying multiple base rotations to find best arm configuration...
     Target tray direction: -148° from robot
       Attempt 1: base=-89°, margin=0.787 rad [GOOD]
     Using configuration #1: base at -89°, margin=0.787 rad
     End effector to above_target: 3.2mm
     Vial XY distance to target: 3.6mm
     Vial height: 1.119m (should be >0.9m)
  Self-calibrating vial position...
     Measured offset: [0.2, -0.6]mm
  Descending to slot...
     Original target: [-0.388, -0.239, 0.819]
     Adjusted target: [-0.389, -0.238, 0.819]
     Compensation: [-0.2, 0.6]mm
     🔧 Correcting vial orientation (tilt: 29.2°)
     End effector to target: 5.1mm
  Releasing...
  Opening gripper...
     Vial settled vertically (tilt: 9.4°)
  Retreating...
  SUCCESS! SMALL vial placed!

  Recomputing isolation scores (vial removed from scene)...
     After successful placement:
       #1: Vial 24 (LARGE) - Score: 94.0
       #2: Vial 1 (SMALL) - Score: 91.0
       #3: Vial 2 (SMALL) - Score: 86.0
  Analyzing optimal grasp configuration...
    Tilt: 103.2 degrees
    Grasp type: Top-down (simple)
    Grasp height: 50% up vial
    Approach clearance: 80/100 (min 6.7cm)

============================================================
VIAL 24/30 - LARGE (12mm, 35g) [Isolation Score: 94.0]
============================================================
 Position: [0.399, 0.096, 0.809]
 Axis: [-0.48, 0.84, -0.23]
 Isolation: 6.7cm to nearest vial
  Generating 8x3x2 grasp candidates...
   Grasp Candidate Scoring (48 valid):
     #1: Score=0.775 [FC=0.30, Iso=0.86, Geo=0.40, θ=0°]
     #2: Score=0.775 [FC=0.30, Iso=0.86, Geo=0.40, θ=0°]
     #3: Score=0.760 [FC=0.30, Iso=0.80, Geo=0.44, θ=0°]
     #4: Score=0.759 [FC=0.30, Iso=0.86, Geo=0.29, θ=25°]
     #5: Score=0.756 [FC=0.30, Iso=0.80, Geo=0.41, θ=0°]
  Best grasp position: [0.399, 0.096, 0.819]
Grasp: Multi-candidate (score=0.77)
  Grasp orientation: approach=[0.00, -0.00, -1.00], fingers=[0.44, -0.90, 0.00]
Target: LARGE tray (0,0) at [-0.387, 0.163, 0.849]
  Approaching...
 Opening gripper WIDE for horizontal vial: 48.0mm...
  Descending to grasp...
 Closing for horizontal vial (tilt=77°, target=24.0mm, force=150N)...
 Initial grip moved vial: 16.2mm
  Creating constraint...
     Grasp check: dist to end effector=31.7mm
     End effector: [0.400, 0.097, 0.824]
     Vial pos: [0.396, 0.092, 0.793]
     Creating constraint (position locked, orientation FREE for re-orienting)...
     Vial attached via constraint!
  Lifting and re-orienting to vertical...
     Initial vial tilt: 59.0°
     Lifted 1.8cm, tilt now 50.2° (target: 0°)
     Lifted 22.4cm, tilt now 75.7° (target: 0°)
  Forcing vial to vertical (current tilt: 75.7°)...
     Vial orientation locked to vertical, tilt now: 27.8°
  Moving to LARGE tray...
     Trying multiple base rotations to find best arm configuration...
     Target tray direction: 157° from robot
       Attempt 1: base=57°, margin=0.268 rad [GOOD]
     Using configuration #1: base at 57°, margin=0.268 rad
     End effector to above_target: 6.7mm
     Vial XY distance to target: 1.1mm
     Vial height: 1.121m (should be >0.9m)
  Self-calibrating vial position...
     Measured offset: [-1.0, -6.3]mm
  Descending to slot...
     Original target: [-0.387, 0.163, 0.849]
     Adjusted target: [-0.386, 0.169, 0.849]
     Compensation: [1.0, 6.3]mm
     🔧 Correcting vial orientation (tilt: 31.4°)
     🔧 Correcting vial orientation (tilt: 24.6°)
     End effector to target: 45.7mm
     WARNING: Joints near limits at descend:
       Joint 7: 2.963 rad (limits: [-2.897, 2.897], margin: -0.066 rad)
     WARNING: End effector 45.7mm from target (limit: 18.0mm)
     Target: [-0.386, 0.169, 0.849]
     EE pos: [-0.376, 0.213, 0.862]
     Attempting corrective move using vial position...
     Corrected target: [-0.382, 0.216, 0.849]
     After correction: vial 63.2mm from slot center
     Correction failed, skipping...
     After IK failure:
       #1: Vial 1 (SMALL) - Score: 95.2
       #2: Vial 2 (SMALL) - Score: 86.0
       #3: Vial 14 (MEDIUM) - Score: 84.0
  Analyzing optimal grasp configuration...
    Tilt: 8.0 degrees
    Grasp type: Top-down (simple)
    Grasp height: 75% up vial
    Approach clearance: 80/100 (min 7.7cm)

============================================================
VIAL 1/30 - SMALL (8mm, 18g) [Isolation Score: 95.2]
============================================================
 Position: [0.348, -0.133, 0.798]
 Axis: [0.13, -0.05, 0.99]
 Isolation: 7.7cm to nearest vial
  Generating 8x3x2 grasp candidates...
   Grasp Candidate Scoring (45 valid):
     #1: Score=0.885 [FC=0.30, Iso=0.90, Geo=1.05, θ=0°]
     #2: Score=0.881 [FC=0.30, Iso=0.90, Geo=1.02, θ=0°]
     #3: Score=0.860 [FC=0.30, Iso=0.82, Geo=1.04, θ=0°]
     #4: Score=0.860 [FC=0.30, Iso=0.82, Geo=1.04, θ=0°]
     #5: Score=0.858 [FC=0.30, Iso=0.90, Geo=0.87, θ=25°]
  Best grasp position: [0.348, -0.133, 0.798]
Grasp: Multi-candidate (score=0.88)
  Grasp orientation: approach=[-0.00, -0.00, -1.00], fingers=[-0.71, -0.71, 0.00]
Target: SMALL tray (0,1) at [-0.311, -0.239, 0.819]
  Approaching...
 Opening gripper to 24.0mm...
  Descending to grasp...
 Closing to grip (target: 7.2mm, force=100N)...
 Initial grip moved vial: 4.0mm
  Creating constraint...
     Grasp check: dist to end effector=3.8mm
     End effector: [0.349, -0.134, 0.792]
     Vial pos: [0.350, -0.133, 0.795]
     Creating constraint (position locked, orientation FREE for re-orienting)...
     Vial attached via constraint!
  Lifting and re-orienting to vertical...
     Initial vial tilt: 19.3°
     Lifted 4.6cm, tilt now 25.7° (target: 0°)
     Lifted 24.2cm, tilt now 25.0° (target: 0°)
  Forcing vial to vertical (current tilt: 25.0°)...
     Vial orientation locked to vertical, tilt now: 44.2°
  Moving to SMALL tray...
     Trying multiple base rotations to find best arm configuration...
     Target tray direction: -143° from robot
       Attempt 1: base=-62°, margin=0.540 rad [GOOD]
     Using configuration #1: base at -62°, margin=0.540 rad
     End effector to above_target: 2.4mm
     Vial XY distance to target: 3.2mm
     Vial height: 1.122m (should be >0.9m)
  Self-calibrating vial position...
     Measured offset: [1.0, 5.4]mm
  Descending to slot...
     Original target: [-0.311, -0.239, 0.819]
     Adjusted target: [-0.313, -0.244, 0.819]
     Compensation: [-1.0, -5.4]mm
     🔧 Correcting vial orientation (tilt: 68.2°)
     🔧 Correcting vial orientation (tilt: 17.1°)
     End effector to target: 1.0mm
  Releasing...
  Opening gripper...
     Vial settled vertically (tilt: 6.2°)
  Retreating...
  SUCCESS! SMALL vial placed!

  Recomputing isolation scores (vial removed from scene)...
     After successful placement:
       #1: Vial 2 (SMALL) - Score: 86.0
       #2: Vial 14 (MEDIUM) - Score: 84.0
       #3: Vial 21 (LARGE) - Score: 82.0
  Analyzing optimal grasp configuration...
    Tilt: 54.0 degrees
    Grasp type: Top-down (simple)
    Grasp height: 50% up vial
    Approach clearance: 50/100 (min 4.8cm)

============================================================
VIAL 2/30 - SMALL (8mm, 18g) [Isolation Score: 86.0]
============================================================
 Position: [0.328, 0.050, 0.796]
 Axis: [-0.25, 0.77, 0.59]
 Isolation: 4.8cm to nearest vial
  Generating 8x3x2 grasp candidates...
   Grasp Candidate Scoring (48 valid):
     #1: Score=0.839 [FC=0.30, Iso=0.76, Geo=1.02, θ=0°]
     #2: Score=0.838 [FC=0.30, Iso=0.76, Geo=1.02, θ=0°]
     #3: Score=0.820 [FC=0.30, Iso=0.76, Geo=0.90, θ=25°]
     #4: Score=0.820 [FC=0.30, Iso=0.76, Geo=0.90, θ=25°]
     #5: Score=0.816 [FC=0.30, Iso=0.67, Geo=1.05, θ=0°]
  Best grasp position: [0.328, 0.050, 0.796]
Grasp: Multi-candidate (score=0.84)
  Grasp orientation: approach=[-0.00, 0.00, -1.00], fingers=[-0.12, 0.99, 0.00]
Target: SMALL tray (1,0) at [-0.388, -0.162, 0.819]
  Approaching...
 Opening gripper to 24.0mm...
  Descending to grasp...
 Closing to grip (target: 7.2mm, force=100N)...
 Initial grip moved vial: 0.1mm
  Creating constraint...
     Grasp check: dist to end effector=462.4mm
     End effector: [0.338, 0.056, 1.259]
     Vial pos: [0.328, 0.050, 0.796]
     Vial too far (462mm > 100mm) - NO constraint
     Constraint failed, using friction only
  Lifting and re-orienting to vertical...
     Initial vial tilt: 54.2°
     Lifted -0.0cm, tilt now 54.2° (target: 0°)
     Vial not lifting! (only -0.0cm at step 1)
     Lift failed:
       #1: Vial 14 (MEDIUM) - Score: 84.0
       #2: Vial 21 (LARGE) - Score: 82.0
       #3: Vial 2 (SMALL) - Score: 76.0 (skipped x1)
  Analyzing optimal grasp configuration...
    Tilt: 5.5 degrees
    Grasp type: Top-down (simple)
    Grasp height: 75% up vial
    Approach clearance: 20/100 (min 2.6cm)

============================================================
VIAL 14/30 - MEDIUM (10mm, 25g) [Isolation Score: 84.0]
============================================================
 Position: [0.533, 0.052, 0.803]
 Axis: [0.10, 0.01, 1.00]
 Isolation: 2.5cm to nearest vial
  Vial too close to neighbors (1 within 4cm)
  Attempting singulation push...
     Push trajectory: 13.0cm
     Start: [0.522, 0.075]
     End:   [0.580, -0.041]
  Waiting for physics to settle...
     Nearest vial moved: 9.9cm
     Target vial moved: 3.1cm
  Recomputing isolation scores after push...
     After push:
       #1: Vial 14 (MEDIUM) - Score: 96.0
       #2: Vial 21 (LARGE) - Score: 82.0
       #3: Vial 2 (SMALL) - Score: 76.0 (skipped x1)
 After push: 5.6cm to nearest
  Generating 8x3x2 grasp candidates...
   Grasp Candidate Scoring (48 valid):
     #1: Score=0.852 [FC=0.30, Iso=0.80, Geo=1.04, θ=0°]
     #2: Score=0.849 [FC=0.30, Iso=0.80, Geo=1.02, θ=0°]
     #3: Score=0.832 [FC=0.30, Iso=0.80, Geo=0.91, θ=25°]
     #4: Score=0.827 [FC=0.30, Iso=0.80, Geo=0.87, θ=25°]
     #5: Score=0.817 [FC=0.30, Iso=0.70, Geo=1.00, θ=0°]
  Best grasp position: [0.563, 0.047, 0.804]
Grasp: Multi-candidate (score=0.85)
  Grasp orientation: approach=[0.00, 0.00, -1.00], fingers=[1.00, 0.02, 0.00]
Target: MEDIUM tray (0,0) at [-0.391, -0.041, 0.824]
  Approaching...
 Opening gripper to 30.0mm...
  Descending to grasp...
 Closing to grip (target: 9.0mm, force=100N)...
 Initial grip moved vial: 13.5mm
  Creating constraint...
     Grasp check: dist to end effector=10.8mm
     End effector: [0.566, 0.050, 0.809]
     Vial pos: [0.566, 0.060, 0.805]
     Creating constraint (position locked, orientation FREE for re-orienting)...
     Vial attached via constraint!
  Lifting and re-orienting to vertical...
     Initial vial tilt: 38.8°
     Lifted 5.1cm, tilt now 29.1° (target: 0°)
     Lifted 24.7cm, tilt now 28.4° (target: 0°)
  Forcing vial to vertical (current tilt: 28.4°)...
     Vial orientation locked to vertical, tilt now: 60.3°
  Moving to MEDIUM tray...
     Trying multiple base rotations to find best arm configuration...
     Target tray direction: -174° from robot
       Attempt 1: base=-111°, margin=0.643 rad [GOOD]
     Using configuration #1: base at -111°, margin=0.643 rad
     End effector to above_target: 2.9mm
     Vial XY distance to target: 1.8mm
     Vial height: 1.120m (should be >0.9m)
  Self-calibrating vial position...
     Measured offset: [0.7, 1.5]mm
  Descending to slot...
     Original target: [-0.391, -0.041, 0.824]
     Adjusted target: [-0.392, -0.043, 0.824]
     Compensation: [-0.7, -1.5]mm
     End effector to target: 2.7mm
  Releasing...
  Opening gripper...
     Vial settled vertically (tilt: 3.7°)
  Retreating...
  SUCCESS! MEDIUM vial placed!

  Recomputing isolation scores (vial removed from scene)...
     After successful placement:
       #1: Vial 12 (MEDIUM) - Score: 95.0
       #2: Vial 21 (LARGE) - Score: 82.0
       #3: Vial 17 (MEDIUM) - Score: 80.0
  Analyzing optimal grasp configuration...
    Tilt: 53.2 degrees
    Grasp type: Top-down (simple)
    Grasp height: 50% up vial
    Approach clearance: 80/100 (min 6.7cm)

============================================================
VIAL 12/30 - MEDIUM (10mm, 25g) [Isolation Score: 95.0]
============================================================
 Position: [0.566, -0.033, 0.801]
 Axis: [-0.76, -0.26, 0.60]
 Isolation: 6.7cm to nearest vial
  Generating 8x3x2 grasp candidates...
   Grasp Candidate Scoring (48 valid):
     #1: Score=0.855 [FC=0.30, Iso=0.81, Geo=1.04, θ=0°]
     #2: Score=0.849 [FC=0.30, Iso=0.81, Geo=1.01, θ=0°]
     #3: Score=0.841 [FC=0.30, Iso=0.84, Geo=0.89, θ=25°]
     #4: Score=0.837 [FC=0.30, Iso=0.76, Geo=1.02, θ=0°]
     #5: Score=0.835 [FC=0.30, Iso=0.76, Geo=1.01, θ=0°]
  Best grasp position: [0.566, -0.033, 0.801]
Grasp: Multi-candidate (score=0.85)
  Grasp orientation: approach=[0.00, 0.00, -1.00], fingers=[0.85, 0.53, 0.00]
Target: MEDIUM tray (0,1) at [-0.309, -0.041, 0.824]
  Approaching...
 Opening gripper to 30.0mm...
  Descending to grasp...
 Closing to grip (target: 9.0mm, force=100N)...
 Initial grip moved vial: 25.4mm
  Creating constraint...
     Grasp check: dist to end effector=28.0mm
     End effector: [0.569, -0.031, 0.799]
     Vial pos: [0.573, -0.057, 0.808]
     Creating constraint (position locked, orientation FREE for re-orienting)...
     Vial attached via constraint!
  Lifting and re-orienting to vertical...
     Initial vial tilt: 21.5°
     Lifted 4.4cm, tilt now 56.1° (target: 0°)
     Lifted 24.4cm, tilt now 63.0° (target: 0°)
  Forcing vial to vertical (current tilt: 63.0°)...
     Vial orientation locked to vertical, tilt now: 84.0°
  Moving to MEDIUM tray...
     Trying multiple base rotations to find best arm configuration...
     Target tray direction: -172° from robot
       Attempt 1: base=-83°, margin=0.097 rad [RISKY]
       Attempt 2: base=-73°, margin=-0.071 rad [BAD]
       Attempt 3: base=-83°, margin=0.082 rad [RISKY]
       Attempt 4: base=-103°, margin=0.440 rad [GOOD]
     Using configuration #4: base at -103°, margin=0.440 rad
     End effector to above_target: 2.4mm
     Vial XY distance to target: 30.4mm
     Vial height: 1.136m (should be >0.9m)
  Self-calibrating vial position...
     Measured offset: [3.6, -28.1]mm
  Descending to slot...
     Original target: [-0.309, -0.041, 0.824]
     Adjusted target: [-0.313, -0.013, 0.824]
     Compensation: [-3.6, 28.1]mm
     🔧 Correcting vial orientation (tilt: 20.7°)
     End effector to target: 9.7mm
  Releasing...
  Opening gripper...
     Vial settled vertically (tilt: 6.8°)
  Retreating...
  SUCCESS! MEDIUM vial placed!

  Recomputing isolation scores (vial removed from scene)...
     After successful placement:
       #1: Vial 21 (LARGE) - Score: 87.0
       #2: Vial 17 (MEDIUM) - Score: 80.0
       #3: Vial 2 (SMALL) - Score: 76.0 (skipped x1)
  Analyzing optimal grasp configuration...
    Tilt: 90.0 degrees
    Grasp type: Top-down (simple)
    Grasp height: 50% up vial
    Approach clearance: 80/100 (min 7.0cm)

============================================================
VIAL 21/30 - LARGE (12mm, 35g) [Isolation Score: 87.0]
============================================================
 Position: [0.523, -0.108, 0.793]
 Axis: [0.78, -0.63, -0.00]
 Isolation: 7.0cm to nearest vial
  Generating 8x3x2 grasp candidates...
   Grasp Candidate Scoring (48 valid):
     #1: Score=0.727 [FC=0.30, Iso=0.69, Geo=0.42, θ=0°]
     #2: Score=0.726 [FC=0.30, Iso=0.69, Geo=0.41, θ=0°]
     #3: Score=0.726 [FC=0.30, Iso=0.68, Geo=0.44, θ=0°]
     #4: Score=0.724 [FC=0.30, Iso=0.68, Geo=0.43, θ=0°]
     #5: Score=0.704 [FC=0.30, Iso=0.67, Geo=0.31, θ=25°]
  Best grasp position: [0.523, -0.108, 0.803]
Grasp: Multi-candidate (score=0.73)
  Grasp orientation: approach=[0.00, -0.00, -1.00], fingers=[0.77, -0.64, 0.00]
Target: LARGE tray (0,0) at [-0.387, 0.163, 0.849]
  Approaching...
 Opening gripper WIDE for horizontal vial: 48.0mm...
  Descending to grasp...
 Closing for horizontal vial (tilt=90°, target=24.0mm, force=150N)...
 Initial grip moved vial: 5.5mm
  Creating constraint...
     Grasp check: dist to end effector=16.8mm
     End effector: [0.523, -0.106, 0.804]
     Vial pos: [0.523, -0.108, 0.787]
     Creating constraint (position locked, orientation FREE for re-orienting)...
     Vial attached via constraint!
  Lifting and re-orienting to vertical...
     Initial vial tilt: 56.1°
     Lifted 3.3cm, tilt now 58.6° (target: 0°)
     Lifted 23.0cm, tilt now 56.7° (target: 0°)
  Forcing vial to vertical (current tilt: 56.7°)...
     Vial orientation locked to vertical, tilt now: 78.8°
  Moving to LARGE tray...
     Trying multiple base rotations to find best arm configuration...
     Target tray direction: 157° from robot
       Attempt 1: base=75°, margin=0.098 rad [RISKY]
       Attempt 2: base=87°, margin=-0.070 rad [BAD]
       Attempt 3: base=86°, margin=-0.053 rad [BAD]
       Attempt 4: base=84°, margin=-0.014 rad [BAD]
       Attempt 5: base=88°, margin=-0.060 rad [BAD]
       Attempt 6: base=87°, margin=-0.059 rad [BAD]
     Using configuration #1: base at 75°, margin=0.098 rad
     End effector to above_target: 3.3mm
     Vial XY distance to target: 6.0mm
     Vial height: 1.134m (should be >0.9m)
  Self-calibrating vial position...
     Measured offset: [-3.1, -0.5]mm
  Descending to slot...
     Original target: [-0.387, 0.163, 0.849]
     Adjusted target: [-0.384, 0.163, 0.849]
     Compensation: [3.1, 0.5]mm
     🔧 Correcting vial orientation (tilt: 29.9°)
     🔧 Correcting vial orientation (tilt: 16.6°)
     🔧 Correcting vial orientation (tilt: 20.8°)
     🔧 Final correction (tilt: 30.8°)
     End effector to target: 4.3mm
     WARNING: Joints near limits at descend:
       Joint 7: 2.773 rad (limits: [-2.897, 2.897], margin: 0.125 rad)
  Releasing...
  Opening gripper...
     Vial settled vertically (tilt: 13.3°)
  Retreating...
  SUCCESS! LARGE vial placed!

  Recomputing isolation scores (vial removed from scene)...
     After successful placement:
       #1: Vial 17 (MEDIUM) - Score: 80.0
       #2: Vial 2 (SMALL) - Score: 76.0 (skipped x1)
       #3: Vial 10 (SMALL) - Score: 65.0
  Analyzing optimal grasp configuration...
    Tilt: 80.5 degrees
    Grasp type: Top-down (simple)
    Grasp height: 50% up vial
    Approach clearance: 50/100 (min 4.7cm)

============================================================
VIAL 17/30 - MEDIUM (10mm, 25g) [Isolation Score: 80.0]
============================================================
 Position: [0.453, 0.111, 0.793]
 Axis: [-0.63, -0.76, 0.16]
 Isolation: 4.7cm to nearest vial
  Generating 8x3x2 grasp candidates...
   Grasp Candidate Scoring (48 valid):
     #1: Score=0.832 [FC=0.30, Iso=0.75, Geo=1.01, θ=0°]
     #2: Score=0.832 [FC=0.30, Iso=0.75, Geo=1.00, θ=0°]
     #3: Score=0.816 [FC=0.30, Iso=0.75, Geo=0.90, θ=25°]
     #4: Score=0.812 [FC=0.30, Iso=0.75, Geo=0.87, θ=25°]
     #5: Score=0.812 [FC=0.30, Iso=0.67, Geo=1.04, θ=0°]
  Best grasp position: [0.453, 0.111, 0.793]
Grasp: Multi-candidate (score=0.83)
  Grasp orientation: approach=[0.00, -0.00, -1.00], fingers=[0.92, -0.39, 0.00]
Target: MEDIUM tray (1,0) at [-0.391, 0.041, 0.824]
  Approaching...
 Opening gripper WIDE for horizontal vial: 40.0mm...
  Descending to grasp...
 Closing for horizontal vial (tilt=81°, target=20.0mm, force=150N)...
 Initial grip moved vial: 1.2mm
  Creating constraint...
     Grasp check: dist to end effector=12.0mm
     End effector: [0.459, 0.109, 0.803]
     Vial pos: [0.453, 0.110, 0.792]
     Creating constraint (position locked, orientation FREE for re-orienting)...
     Vial attached via constraint!
  Lifting and re-orienting to vertical...
     Initial vial tilt: 83.4°
     Lifted 4.2cm, tilt now 84.6° (target: 0°)
     Lifted 24.1cm, tilt now 84.6° (target: 0°)
  Forcing vial to vertical (current tilt: 84.6°)...
     Vial orientation locked to vertical, tilt now: 0.0°
  Moving to MEDIUM tray...
     Trying multiple base rotations to find best arm configuration...
     Target tray direction: 174° from robot
       Attempt 1: base=90°, margin=-0.072 rad [BAD]
       Attempt 2: base=87°, margin=-0.046 rad [BAD]
       Attempt 3: base=89°, margin=-0.072 rad [BAD]
       Attempt 4: base=89°, margin=-0.066 rad [BAD]
       Attempt 5: base=89°, margin=-0.071 rad [BAD]
       Attempt 6: base=89°, margin=-0.070 rad [BAD]
     Using configuration #2: base at 87°, margin=-0.046 rad
     End effector to above_target: 5.2mm
     Vial XY distance to target: 8.3mm
     Vial height: 1.116m (should be >0.9m)
  Self-calibrating vial position...
     Measured offset: [-5.7, 1.0]mm
  Descending to slot...
     Original target: [-0.391, 0.041, 0.824]
     Adjusted target: [-0.385, 0.040, 0.824]
     Compensation: [5.7, -1.0]mm
     End effector to target: 6.1mm
     WARNING: Joints near limits at descend:
       Joint 7: 2.948 rad (limits: [-2.897, 2.897], margin: -0.051 rad)
  Releasing...
  Opening gripper...
     Vial settled vertically (tilt: 0.2°)
  Retreating...
  SUCCESS! MEDIUM vial placed!

  Recomputing isolation scores (vial removed from scene)...
     After successful placement:
       #1: Vial 2 (SMALL) - Score: 76.0 (skipped x1)
       #2: Vial 10 (SMALL) - Score: 70.0
       #3: Vial 6 (SMALL) - Score: 60.2
  Analyzing optimal grasp configuration...
    Tilt: 56.4 degrees
    Grasp type: Top-down (simple)
    Grasp height: 50% up vial
    Approach clearance: 50/100 (min 4.6cm)

============================================================
VIAL 2/30 - SMALL (8mm, 18g) [Isolation Score: 76.0]
============================================================
 Position: [0.327, 0.050, 0.796]
 Axis: [-0.32, 0.77, 0.55]
 Isolation: 4.6cm to nearest vial
  Generating 8x3x2 grasp candidates...
   Grasp Candidate Scoring (48 valid):
     #1: Score=0.835 [FC=0.30, Iso=0.75, Geo=1.02, θ=0°]
     #2: Score=0.833 [FC=0.30, Iso=0.75, Geo=1.01, θ=0°]
     #3: Score=0.817 [FC=0.30, Iso=0.75, Geo=0.90, θ=25°]
     #4: Score=0.817 [FC=0.30, Iso=0.75, Geo=0.90, θ=25°]
     #5: Score=0.807 [FC=0.30, Iso=0.65, Geo=1.03, θ=0°]
  Best grasp position: [0.327, 0.050, 0.796]
Grasp: Multi-candidate (score=0.84)
  Grasp orientation: approach=[0.00, -0.00, -1.00], fingers=[0.12, -0.99, 0.00]
Target: SMALL tray (1,0) at [-0.388, -0.162, 0.819]
  Approaching...
 Opening gripper to 24.0mm...
  Descending to grasp...
 Closing to grip (target: 7.2mm, force=100N)...
 Initial grip moved vial: 22.5mm
  Creating constraint...
     Grasp check: dist to end effector=24.3mm
     End effector: [0.329, 0.052, 0.795]
     Vial pos: [0.309, 0.039, 0.790]
     Creating constraint (position locked, orientation FREE for re-orienting)...
     Vial attached via constraint!
  Lifting and re-orienting to vertical...
     Initial vial tilt: 85.0°
     Lifted 4.8cm, tilt now 88.0° (target: 0°)
     Lifted 24.3cm, tilt now 85.5° (target: 0°)
  Forcing vial to vertical (current tilt: 85.5°)...
     Vial orientation locked to vertical, tilt now: 0.0°
  Moving to SMALL tray...
     Trying multiple base rotations to find best arm configuration...
     Target tray direction: -157° from robot
       Attempt 1: base=-45°, margin=-0.071 rad [BAD]
       Attempt 2: base=-63°, margin=0.323 rad [GOOD]
     Using configuration #2: base at -63°, margin=0.323 rad
     End effector to above_target: 2.3mm
     Vial XY distance to target: 34.0mm
     Vial height: 1.116m (should be >0.9m)
  Self-calibrating vial position...
     Measured offset: [-29.2, -13.1]mm
  Descending to slot...
     Original target: [-0.388, -0.162, 0.819]
     Adjusted target: [-0.359, -0.148, 0.819]
     Compensation: [29.2, 13.1]mm
     End effector to target: 2.6mm
  Releasing...
  Opening gripper...
     Vial settled vertically (tilt: 0.1°)
  Retreating...
  SUCCESS! SMALL vial placed!

  Recomputing isolation scores (vial removed from scene)...
     After successful placement:
       #1: Vial 10 (SMALL) - Score: 70.0
       #2: Vial 6 (SMALL) - Score: 60.2
       #3: Vial 22 (LARGE) - Score: 44.2
  Analyzing optimal grasp configuration...
    Tilt: 90.0 degrees
    Grasp type: Top-down (simple)
    Grasp height: 50% up vial
    Approach clearance: 20/100 (min 3.9cm)

============================================================
VIAL 10/30 - SMALL (8mm, 18g) [Isolation Score: 70.0]
============================================================
 Position: [0.566, 0.101, 0.788]
 Axis: [0.55, -0.84, 0.00]
 Isolation: 3.9cm to nearest vial
  Vial too close to neighbors (1 within 4cm)
  Attempting singulation push...
     ⚠️  Vial too close to edge for push (space: X=12cm, Y=11cm)
 Cannot calculate push trajectory, skipping...
     Cannot push:
       #1: Vial 6 (SMALL) - Score: 60.2
       #2: Vial 10 (SMALL) - Score: 60.0 (skipped x1)
       #3: Vial 22 (LARGE) - Score: 44.2
  Analyzing optimal grasp configuration...
    Tilt: 30.6 degrees
    Grasp type: Top-down (simple)
    Grasp height: 50% up vial
    Approach clearance: 80/100 (min 7.4cm)

============================================================
VIAL 6/30 - SMALL (8mm, 18g) [Isolation Score: 60.2]
============================================================
 Position: [0.477, 0.151, 0.799]
 Axis: [-0.50, 0.07, 0.86]
 Isolation: 7.8cm to nearest vial
  Generating 8x3x2 grasp candidates...
   Grasp Candidate Scoring (39 valid):
     #1: Score=0.795 [FC=0.30, Iso=0.60, Geo=1.05, θ=0°]
     #2: Score=0.793 [FC=0.30, Iso=0.60, Geo=1.03, θ=0°]
     #3: Score=0.793 [FC=0.30, Iso=0.60, Geo=1.03, θ=0°]
     #4: Score=0.792 [FC=0.30, Iso=0.60, Geo=1.03, θ=0°]
     #5: Score=0.790 [FC=0.30, Iso=0.60, Geo=1.02, θ=0°]
  Best grasp position: [0.477, 0.151, 0.799]
Grasp: Multi-candidate (score=0.80)
  Grasp orientation: approach=[-0.00, 0.00, -1.00], fingers=[-0.57, 0.82, 0.00]
Target: SMALL tray (1,1) at [-0.311, -0.162, 0.819]
  Approaching...
 Opening gripper to 24.0mm...
  Descending to grasp...
     WARNING: Gripper outside box at [0.590, 0.249, 1.197]
     Box bounds: X=[0.200, 0.700], Y=[-0.250, 0.250]
     Resetting robot to home position...
       Grasp attempt 1/3 failed. IK/Collision during descent
       Retrying vial 6...
  Analyzing optimal grasp configuration...
    Tilt: 30.6 degrees
    Grasp type: Top-down (simple)
    Grasp height: 50% up vial
    Approach clearance: 80/100 (min 7.4cm)

============================================================
VIAL 6/30 - SMALL (8mm, 18g) [Isolation Score: 60.2]
============================================================
 Position: [0.477, 0.151, 0.799]
 Axis: [-0.50, 0.07, 0.86]
 Isolation: 7.8cm to nearest vial
  Generating 8x3x2 grasp candidates...
   Grasp Candidate Scoring (39 valid):
     #1: Score=0.796 [FC=0.30, Iso=0.60, Geo=1.05, θ=0°]
     #2: Score=0.793 [FC=0.30, Iso=0.60, Geo=1.03, θ=0°]
     #3: Score=0.792 [FC=0.30, Iso=0.60, Geo=1.02, θ=0°]
     #4: Score=0.790 [FC=0.30, Iso=0.60, Geo=1.02, θ=0°]
     #5: Score=0.790 [FC=0.30, Iso=0.60, Geo=1.01, θ=0°]
  Best grasp position: [0.477, 0.151, 0.799]
Grasp: Multi-candidate (score=0.80)
  Grasp orientation: approach=[0.00, 0.00, -1.00], fingers=[0.82, 0.57, 0.00]
Target: SMALL tray (1,1) at [-0.311, -0.162, 0.819]
  Approaching...
 Opening gripper to 24.0mm...
  Descending to grasp...
 Closing to grip (target: 7.2mm, force=100N)...
 Initial grip moved vial: 3.1mm
  Creating constraint...
     Grasp check: dist to end effector=3.7mm
     End effector: [0.476, 0.150, 0.802]
     Vial pos: [0.478, 0.148, 0.799]
     Creating constraint (position locked, orientation FREE for re-orienting)...
     Vial attached via constraint!
  Lifting and re-orienting to vertical...
     Initial vial tilt: 25.2°
     Lifted 4.6cm, tilt now 70.6° (target: 0°)
     Lifted 24.9cm, tilt now 89.7° (target: 0°)
  Forcing vial to vertical (current tilt: 89.7°)...
     Vial orientation locked to vertical, tilt now: 86.7°
  Moving to SMALL tray...
     Trying multiple base rotations to find best arm configuration...
     Target tray direction: -153° from robot
       Attempt 1: base=-85°, margin=0.552 rad [GOOD]
     Using configuration #1: base at -85°, margin=0.552 rad
     End effector to above_target: 7.0mm
     Vial XY distance to target: 6.6mm
     Vial height: 1.116m (should be >0.9m)
  Self-calibrating vial position...
     Measured offset: [-1.0, 1.1]mm
  Descending to slot...
     Original target: [-0.311, -0.162, 0.819]
     Adjusted target: [-0.311, -0.163, 0.819]
     Compensation: [1.0, -1.1]mm
     🔧 Correcting vial orientation (tilt: 29.2°)
     End effector to target: 3.2mm
  Releasing...
  Opening gripper...
     Vial settled vertically (tilt: 9.6°)
  Retreating...
  SUCCESS! SMALL vial placed!

  Recomputing isolation scores (vial removed from scene)...
     After successful placement:
       #1: Vial 30 (LARGE) - Score: 100.0
       #2: Vial 23 (LARGE) - Score: 95.0
       #3: Vial 19 (MEDIUM) - Score: 73.0
  Analyzing optimal grasp configuration...
    Tilt: 121.1 degrees
    Grasp type: Top-down (simple)
    Grasp height: 50% up vial
    Approach clearance: 80/100 (min 6.6cm)

============================================================
VIAL 30/30 - LARGE (12mm, 35g) [Isolation Score: 100.0]
============================================================
 Position: [0.520, 0.092, 0.827]
 Axis: [0.35, 0.78, -0.52]
 Isolation: 6.6cm to nearest vial
  Generating 8x3x2 grasp candidates...
   Grasp Candidate Scoring (48 valid):
     #1: Score=0.775 [FC=0.30, Iso=0.84, Geo=0.45, θ=0°]
     #2: Score=0.774 [FC=0.30, Iso=0.84, Geo=0.44, θ=0°]
     #3: Score=0.772 [FC=0.30, Iso=0.83, Geo=0.44, θ=0°]
     #4: Score=0.770 [FC=0.30, Iso=0.83, Geo=0.43, θ=0°]
     #5: Score=0.753 [FC=0.30, Iso=0.84, Geo=0.30, θ=25°]
  Best grasp position: [0.520, 0.092, 0.837]
Grasp: Multi-candidate (score=0.77)
  Grasp orientation: approach=[0.00, -0.00, -1.00], fingers=[0.93, -0.37, 0.00]
Target: LARGE tray (0,1) at [-0.312, 0.163, 0.849]
  Approaching...
 Opening gripper to 36.0mm...
  Descending to grasp...
 Closing to grip (target: 10.8mm, force=100N)...
 Initial grip moved vial: 1.4mm
  Creating constraint...
     Grasp check: dist to end effector=12.3mm
     End effector: [0.521, 0.091, 0.840]
     Vial pos: [0.521, 0.092, 0.827]
     Creating constraint (position locked, orientation FREE for re-orienting)...
     Vial attached via constraint!
  Lifting and re-orienting to vertical...
     Initial vial tilt: 5.5°
     Lifted 3.8cm, tilt now 56.4° (target: 0°)
     Lifted 19.0cm, tilt now 62.3° (target: 0°)
  Forcing vial to vertical (current tilt: 62.3°)...
     Vial orientation locked to vertical, tilt now: 22.4°
  Moving to LARGE tray...
     Trying multiple base rotations to find best arm configuration...
     Target tray direction: 153° from robot
       Attempt 1: base=104°, margin=-0.072 rad [BAD]
       Attempt 2: base=98°, margin=-0.014 rad [BAD]
       Attempt 3: base=95°, margin=0.031 rad [RISKY]
       Attempt 4: base=104°, margin=-0.073 rad [BAD]
       Attempt 5: base=103°, margin=-0.071 rad [BAD]
       Attempt 6: base=103°, margin=-0.065 rad [BAD]
     Using configuration #3: base at 95°, margin=0.031 rad
     End effector to above_target: 4.1mm
     Vial XY distance to target: 11.5mm
     Vial height: 1.133m (should be >0.9m)
  Self-calibrating vial position...
     Measured offset: [-12.6, -1.6]mm
  Descending to slot...
     Original target: [-0.312, 0.163, 0.849]
     Adjusted target: [-0.300, 0.164, 0.849]
     Compensation: [12.6, 1.6]mm
     🔧 Correcting vial orientation (tilt: 25.9°)
     🔧 Correcting vial orientation (tilt: 19.9°)
     🔧 Final correction (tilt: 22.3°)
     End effector to target: 9.5mm
  Releasing...
  Opening gripper...
     Vial settled vertically (tilt: 4.8°)
  Retreating...
  SUCCESS! LARGE vial placed!

  Recomputing isolation scores (vial removed from scene)...
     After successful placement:
       #1: Vial 19 (MEDIUM) - Score: 73.0
       #2: Vial 23 (LARGE) - Score: 73.0
       #3: Vial 10 (SMALL) - Score: 63.0 (skipped x1)
  Analyzing optimal grasp configuration...
    Tilt: 101.1 degrees
    Grasp type: Top-down (simple)
    Grasp height: 50% up vial
    Approach clearance: 20/100 (min 1.9cm)

============================================================
VIAL 19/30 - MEDIUM (10mm, 25g) [Isolation Score: 73.0]
============================================================
 Position: [0.522, 0.005, 0.794]
 Axis: [0.68, -0.71, -0.19]
 Isolation: 1.9cm to nearest vial
  Vial too close to neighbors (1 within 4cm)
  Attempting singulation push...
     Push trajectory: 13.0cm
     Start: [0.503, -0.020]
     End:   [0.582, 0.083]
     ⚠️  Push start failed - gripper outside box
        Planned: [0.503, -0.020]
        Actual:  [0.487, 0.286]
        Box bounds: X=[0.280, 0.620], Y=[-0.170, 0.170]
 Push failed, skipping...
     After push failed:
       #1: Vial 23 (LARGE) - Score: 73.0
       #2: Vial 10 (SMALL) - Score: 63.0 (skipped x1)
       #3: Vial 19 (MEDIUM) - Score: 63.0 (skipped x1)
  Analyzing optimal grasp configuration...
    Tilt: 90.0 degrees
    Grasp type: Top-down (simple)
    Grasp height: 50% up vial
    Approach clearance: 50/100 (min 4.1cm)

============================================================
VIAL 23/30 - LARGE (12mm, 35g) [Isolation Score: 73.0]
============================================================
 Position: [0.490, 0.031, 0.793]
 Axis: [0.85, 0.52, 0.00]
 Isolation: 4.1cm to nearest vial
  Generating 8x3x2 grasp candidates...
   Grasp Candidate Scoring (48 valid):
     #1: Score=0.732 [FC=0.30, Iso=0.70, Geo=0.45, θ=0°]
     #2: Score=0.729 [FC=0.30, Iso=0.70, Geo=0.42, θ=0°]
     #3: Score=0.707 [FC=0.30, Iso=0.70, Geo=0.28, θ=25°]
     #4: Score=0.707 [FC=0.30, Iso=0.70, Geo=0.28, θ=25°]
     #5: Score=0.665 [FC=0.30, Iso=0.70, Geo=0.00, θ=0°]
  Best grasp position: [0.490, 0.031, 0.803]
Grasp: Multi-candidate (score=0.73)
  Grasp orientation: approach=[-0.00, -0.00, -1.00], fingers=[-0.44, -0.90, 0.00]
Target: LARGE tray (1,0) at [-0.387, 0.238, 0.849]
  Approaching...
 Opening gripper WIDE for horizontal vial: 48.0mm...
  Descending to grasp...
 Closing for horizontal vial (tilt=90°, target=24.0mm, force=150N)...
 Initial grip moved vial: 26.0mm
  Creating constraint...
     Grasp check: dist to end effector=14.3mm
     End effector: [0.491, 0.032, 0.805]
     Vial pos: [0.492, 0.031, 0.819]
     Creating constraint (position locked, orientation FREE for re-orienting)...
     Vial attached via constraint!
  Lifting and re-orienting to vertical...
     Initial vial tilt: 48.4°
     Lifted 3.1cm, tilt now 45.6° (target: 0°)
     Lifted 22.9cm, tilt now 65.9° (target: 0°)
  Forcing vial to vertical (current tilt: 65.9°)...
     Vial orientation locked to vertical, tilt now: 49.3°
  Moving to LARGE tray...
     Trying multiple base rotations to find best arm configuration...
     Target tray direction: 148° from robot
       Attempt 1: base=57°, margin=0.256 rad [GOOD]
     Using configuration #1: base at 57°, margin=0.256 rad
     End effector to above_target: 522.2mm
     ERROR: Cannot reach above_target!
     Target: [-0.387, 0.238, 1.149]
     EE pos: [0.134, 0.266, 1.065]
     Cannot reach tray:
       #1: Vial 10 (SMALL) - Score: 80.0 (skipped x1)
       #2: Vial 19 (MEDIUM) - Score: 80.0 (skipped x1)
       #3: Vial 22 (LARGE) - Score: 44.2
  Analyzing optimal grasp configuration...
    Tilt: 83.4 degrees
    Grasp type: Top-down (simple)
    Grasp height: 50% up vial
    Approach clearance: 20/100 (min 1.9cm)

  SMALL tray full, skipping vial 10
     After tray full:
       #1: Vial 19 (MEDIUM) - Score: 80.0 (skipped x1)
       #2: Vial 10 (SMALL) - Score: 70.0 (skipped x2)
       #3: Vial 22 (LARGE) - Score: 44.2
  Analyzing optimal grasp configuration...
    Tilt: 102.7 degrees
    Grasp type: Top-down (simple)
    Grasp height: 50% up vial
    Approach clearance: 20/100 (min 1.9cm)

============================================================
VIAL 19/30 - MEDIUM (10mm, 25g) [Isolation Score: 80.0]
============================================================
 Position: [0.522, 0.005, 0.794]
 Axis: [0.65, -0.73, -0.22]
 Isolation: 1.9cm to nearest vial
  Vial too close to neighbors (1 within 4cm)
  Attempting singulation push...
     Push trajectory: 13.0cm
     Start: [0.503, -0.020]
     End:   [0.582, 0.083]
  Waiting for physics to settle...
     Nearest vial moved: 12.7cm
     Target vial moved: 13.8cm
  Recomputing isolation scores after push...
     After push:
       #1: Vial 19 (MEDIUM) - Score: 49.5 (skipped x1)
       #2: Vial 22 (LARGE) - Score: 44.2
       #3: Vial 13 (MEDIUM) - Score: 37.5
 After push: 2.0cm to nearest
  Still crowded after push (2.0cm), but will try grasp anyway...
  Generating 8x3x2 grasp candidates...
   Grasp Candidate Scoring (45 valid):
     #1: Score=0.636 [FC=0.30, Iso=0.07, Geo=1.05, θ=0°]
     #2: Score=0.635 [FC=0.30, Iso=0.07, Geo=1.04, θ=0°]
     #3: Score=0.633 [FC=0.30, Iso=0.07, Geo=1.04, θ=0°]
     #4: Score=0.630 [FC=0.30, Iso=0.07, Geo=1.01, θ=0°]
     #5: Score=0.622 [FC=0.30, Iso=0.04, Geo=1.02, θ=0°]
  Best grasp position: [0.598, 0.121, 0.811]
Grasp: Multi-candidate (score=0.64)
  Grasp orientation: approach=[0.00, -0.00, -1.00], fingers=[0.59, -0.81, 0.00]
Target: MEDIUM tray (1,1) at [-0.309, 0.041, 0.824]
  Approaching...
 Opening gripper to 30.0mm...
  Descending to grasp...
 Closing for horizontal vial (tilt=77°, target=20.0mm, force=150N)...
 Initial grip moved vial: 21.9mm
  Creating constraint...
     Grasp check: dist to end effector=14.6mm
     End effector: [0.582, 0.133, 0.801]
     Vial pos: [0.594, 0.142, 0.804]
     Creating constraint (position locked, orientation FREE for re-orienting)...
     Vial attached via constraint!
  Lifting and re-orienting to vertical...
     Initial vial tilt: 42.5°
     Lifted 5.0cm, tilt now 23.2° (target: 0°)
     Lifted 25.0cm, tilt now 26.6° (target: 0°)
  Forcing vial to vertical (current tilt: 26.6°)...
     Vial orientation locked to vertical, tilt now: 87.9°
  Moving to MEDIUM tray...
     Trying multiple base rotations to find best arm configuration...
     Target tray direction: 172° from robot
       Attempt 1: base=73°, margin=-0.054 rad [BAD]
       Attempt 2: base=85°, margin=0.147 rad [GOOD]
       Attempt 3: base=102°, margin=-0.069 rad [BAD]
       Attempt 4: base=102°, margin=-0.072 rad [BAD]
       Attempt 5: base=102°, margin=-0.070 rad [BAD]
       Attempt 6: base=102°, margin=-0.068 rad [BAD]
     Using configuration #2: base at 85°, margin=0.147 rad
     End effector to above_target: 8.0mm
     Vial XY distance to target: 20.0mm
     Vial height: 1.134m (should be >0.9m)
  Self-calibrating vial position...
     Measured offset: [11.6, 7.2]mm
  Descending to slot...
     Original target: [-0.309, 0.041, 0.824]
     Adjusted target: [-0.321, 0.034, 0.824]
     Compensation: [-11.6, -7.2]mm
     End effector to target: 9.7mm
     WARNING: Joints near limits at descend:
       Joint 7: 2.832 rad (limits: [-2.897, 2.897], margin: 0.066 rad)
  Releasing...
  Opening gripper...
     Vial settled vertically (tilt: 0.2°)
  Retreating...
  SUCCESS! MEDIUM vial placed!

  Recomputing isolation scores (vial removed from scene)...
     After successful placement:
       #1: Vial 22 (LARGE) - Score: 44.2
       #2: Vial 13 (MEDIUM) - Score: 37.5
       #3: Vial 28 (LARGE) - Score: 29.0
  Analyzing optimal grasp configuration...
    Tilt: 74.2 degrees
    Grasp type: Top-down (simple)
    Grasp height: 50% up vial
    Approach clearance: 20/100 (min 3.6cm)

============================================================
VIAL 22/30 - LARGE (12mm, 35g) [Isolation Score: 44.2]
============================================================
 Position: [0.591, -0.123, 0.812]
 Axis: [0.53, -0.80, 0.27]
 Isolation: 3.6cm to nearest vial
  Vial too close to neighbors (1 within 4cm)
  Attempting singulation push...
     ⚠️  Vial too close to edge for push (space: X=9cm, Y=14cm)
 Cannot calculate push trajectory, skipping...
     Cannot push:
       #1: Vial 22 (LARGE) - Score: 34.2 (skipped x1)
       #2: Vial 28 (LARGE) - Score: 29.0
       #3: Vial 29 (LARGE) - Score: 29.0
  Analyzing optimal grasp configuration...
    Tilt: 74.2 degrees
    Grasp type: Top-down (simple)
    Grasp height: 50% up vial
    Approach clearance: 20/100 (min 3.6cm)

============================================================
VIAL 22/30 - LARGE (12mm, 35g) [Isolation Score: 34.2]
============================================================
 Position: [0.591, -0.123, 0.812]
 Axis: [0.53, -0.80, 0.27]
 Isolation: 3.6cm to nearest vial
  Vial too close to neighbors (1 within 4cm)
  Attempting singulation push...
     ⚠️  Vial too close to edge for push (space: X=9cm, Y=14cm)
 Cannot calculate push trajectory, skipping...
     Cannot push:
       #1: Vial 28 (LARGE) - Score: 29.0
       #2: Vial 29 (LARGE) - Score: 29.0
       #3: Vial 26 (LARGE) - Score: 27.5
  Analyzing optimal grasp configuration...
    Tilt: 81.9 degrees
    Grasp type: Top-down (simple)
    Grasp height: 50% up vial
    Approach clearance: 50/100 (min 5.2cm)

============================================================
VIAL 28/30 - LARGE (12mm, 35g) [Isolation Score: 29.0]
============================================================
 Position: [0.498, -0.173, 0.803]
 Axis: [0.63, -0.76, 0.14]
 Isolation: 5.2cm to nearest vial
  Generating 8x3x2 grasp candidates...
   No valid grasp candidates found!
  No valid grasp found!
     Resetting robot to home position...
       Grasp attempt 1/3 failed. No valid grasp candidate
       Retrying vial 28...
  Analyzing optimal grasp configuration...
    Tilt: 81.9 degrees
    Grasp type: Top-down (simple)
    Grasp height: 50% up vial
    Approach clearance: 50/100 (min 5.2cm)

============================================================
VIAL 28/30 - LARGE (12mm, 35g) [Isolation Score: 29.0]
============================================================
 Position: [0.498, -0.173, 0.803]
 Axis: [0.63, -0.76, 0.14]
 Isolation: 5.2cm to nearest vial
  Generating 8x3x2 grasp candidates...
   No valid grasp candidates found!
  No valid grasp found!
     Resetting robot to home position...
       Grasp attempt 2/3 failed. No valid grasp candidate
       Retrying vial 28...
  Analyzing optimal grasp configuration...
    Tilt: 81.9 degrees
    Grasp type: Top-down (simple)
    Grasp height: 50% up vial
    Approach clearance: 50/100 (min 5.2cm)

============================================================
VIAL 28/30 - LARGE (12mm, 35g) [Isolation Score: 29.0]
============================================================
 Position: [0.498, -0.173, 0.803]
 Axis: [0.63, -0.76, 0.14]
 Isolation: 5.2cm to nearest vial
  Generating 8x3x2 grasp candidates...
   No valid grasp candidates found!
  No valid grasp found!
     Resetting robot to home position...
      All 3 grasp attempts failed. No valid grasp candidate
      Skipping vial 28
     No grasp:
       #1: Vial 29 (LARGE) - Score: 29.0
       #2: Vial 26 (LARGE) - Score: 27.5
       #3: Vial 22 (LARGE) - Score: 24.2 (skipped x2)
  Analyzing optimal grasp configuration...
    Tilt: 90.3 degrees
    Grasp type: Top-down (simple)
    Grasp height: 50% up vial
    Approach clearance: 20/100 (min 3.9cm)

============================================================
VIAL 29/30 - LARGE (12mm, 35g) [Isolation Score: 29.0]
============================================================
 Position: [0.423, -0.176, 0.793]
 Axis: [0.95, -0.31, -0.01]
 Isolation: 7.0cm to nearest vial
  Generating 8x3x2 grasp candidates...
   No valid grasp candidates found!
  No valid grasp found!
     Resetting robot to home position...
       Grasp attempt 1/3 failed. No valid grasp candidate
       Retrying vial 29...
  Analyzing optimal grasp configuration...
    Tilt: 90.3 degrees
    Grasp type: Top-down (simple)
    Grasp height: 50% up vial
    Approach clearance: 20/100 (min 3.9cm)

============================================================
VIAL 29/30 - LARGE (12mm, 35g) [Isolation Score: 29.0]
============================================================
 Position: [0.423, -0.176, 0.793]
 Axis: [0.95, -0.31, -0.01]
 Isolation: 7.0cm to nearest vial
  Generating 8x3x2 grasp candidates...
   No valid grasp candidates found!
  No valid grasp found!
     Resetting robot to home position...
       Grasp attempt 2/3 failed. No valid grasp candidate
       Retrying vial 29...
  Analyzing optimal grasp configuration...
    Tilt: 90.3 degrees
    Grasp type: Top-down (simple)
    Grasp height: 50% up vial
    Approach clearance: 20/100 (min 3.9cm)

============================================================
VIAL 29/30 - LARGE (12mm, 35g) [Isolation Score: 29.0]
============================================================
 Position: [0.423, -0.176, 0.793]
 Axis: [0.95, -0.31, -0.01]
 Isolation: 7.0cm to nearest vial